<!doctype html public "-//w3c//dtd html 4.0 transitional//en">
<html><head>
<title>Static Call Graph - [.\_build\nrf52832_xxaa.axf]</title></head>
<body><HR>
<H1>Static Call Graph for image .\_build\nrf52832_xxaa.axf</H1><HR>
<BR><P>#&#060CALLGRAPH&#062# ARM Linker, 5060750: Last Updated: Fri Oct 30 23:53:51 2020
<BR><P>
<H3>Maximum Stack Usage =        664 bytes + Unknown(Cycles, Untraceable Function Pointers)</H3><H3>
Call chain for Maximum Stack Depth:</H3>
main &rArr; tag_detect_and_read &rArr; t4t_data_read_and_analyze &rArr; ndef_data_analyze &rArr; ndef_msg_printout &rArr; ndef_record_printout &rArr; nrf_log_frontend_std_1 &rArr; std_n &rArr; nrf_log_frontend_dequeue &rArr; nrf_memobj_alloc &rArr; nrf_memobj_free &rArr; nrf_balloc_free
<P>
<H3>
Mutually Recursive functions
</H3> <LI><a href="#[1]">NMI_Handler</a>&nbsp;&nbsp;&nbsp;&rArr;&nbsp;&nbsp;&nbsp;<a href="#[1]">NMI_Handler</a><BR>
 <LI><a href="#[3]">MemoryManagement_Handler</a>&nbsp;&nbsp;&nbsp;&rArr;&nbsp;&nbsp;&nbsp;<a href="#[3]">MemoryManagement_Handler</a><BR>
 <LI><a href="#[4]">BusFault_Handler</a>&nbsp;&nbsp;&nbsp;&rArr;&nbsp;&nbsp;&nbsp;<a href="#[4]">BusFault_Handler</a><BR>
 <LI><a href="#[5]">UsageFault_Handler</a>&nbsp;&nbsp;&nbsp;&rArr;&nbsp;&nbsp;&nbsp;<a href="#[5]">UsageFault_Handler</a><BR>
 <LI><a href="#[6]">SVC_Handler</a>&nbsp;&nbsp;&nbsp;&rArr;&nbsp;&nbsp;&nbsp;<a href="#[6]">SVC_Handler</a><BR>
 <LI><a href="#[7]">DebugMon_Handler</a>&nbsp;&nbsp;&nbsp;&rArr;&nbsp;&nbsp;&nbsp;<a href="#[7]">DebugMon_Handler</a><BR>
 <LI><a href="#[8]">PendSV_Handler</a>&nbsp;&nbsp;&nbsp;&rArr;&nbsp;&nbsp;&nbsp;<a href="#[8]">PendSV_Handler</a><BR>
 <LI><a href="#[9]">SysTick_Handler</a>&nbsp;&nbsp;&nbsp;&rArr;&nbsp;&nbsp;&nbsp;<a href="#[9]">SysTick_Handler</a><BR>
 <LI><a href="#[19]">CCM_AAR_IRQHandler</a>&nbsp;&nbsp;&nbsp;&rArr;&nbsp;&nbsp;&nbsp;<a href="#[19]">CCM_AAR_IRQHandler</a><BR>
 <LI><a href="#[4f]">nrf_log_frontend_std_0</a>&nbsp;&nbsp;&nbsp;&rArr;&nbsp;&nbsp;&nbsp;<a href="#[d6]">std_n</a><BR>
 <LI><a href="#[81]">buffer_add</a>&nbsp;&nbsp;&nbsp;&rArr;&nbsp;&nbsp;&nbsp;<a href="#[81]">buffer_add</a><BR>
</UL>
<P>
<H3>
Function Pointers
</H3><UL>
 <LI><a href="#[4]">BusFault_Handler</a> from arm_startup_nrf52.o(.text) referenced from arm_startup_nrf52.o(RESET)
 <LI><a href="#[19]">CCM_AAR_IRQHandler</a> from arm_startup_nrf52.o(.text) referenced from arm_startup_nrf52.o(RESET)
 <LI><a href="#[1d]">COMP_LPCOMP_IRQHandler</a> from arm_startup_nrf52.o(.text) referenced from arm_startup_nrf52.o(RESET)
 <LI><a href="#[7]">DebugMon_Handler</a> from arm_startup_nrf52.o(.text) referenced from arm_startup_nrf52.o(RESET)
 <LI><a href="#[18]">ECB_IRQHandler</a> from arm_startup_nrf52.o(.text) referenced from arm_startup_nrf52.o(RESET)
 <LI><a href="#[2e]">FPU_IRQHandler</a> from arm_startup_nrf52.o(.text) referenced from arm_startup_nrf52.o(RESET)
 <LI><a href="#[10]">GPIOTE_IRQHandler</a> from nrfx_gpiote.o(i.GPIOTE_IRQHandler) referenced from arm_startup_nrf52.o(RESET)
 <LI><a href="#[2]">HardFault_Handler</a> from hardfault_handler_keil.o(.emb_text) referenced from arm_startup_nrf52.o(RESET)
 <LI><a href="#[30]">HardFault_c_handler</a> from hardfault_implementation.o(i.HardFault_c_handler) referenced from hardfault_handler_keil.o(.emb_text)
 <LI><a href="#[2d]">I2S_IRQHandler</a> from arm_startup_nrf52.o(.text) referenced from arm_startup_nrf52.o(RESET)
 <LI><a href="#[28]">MWU_IRQHandler</a> from arm_startup_nrf52.o(.text) referenced from arm_startup_nrf52.o(RESET)
 <LI><a href="#[3]">MemoryManagement_Handler</a> from arm_startup_nrf52.o(.text) referenced from arm_startup_nrf52.o(RESET)
 <LI><a href="#[f]">NFCT_IRQHandler</a> from arm_startup_nrf52.o(.text) referenced from arm_startup_nrf52.o(RESET)
 <LI><a href="#[1]">NMI_Handler</a> from arm_startup_nrf52.o(.text) referenced from arm_startup_nrf52.o(RESET)
 <LI><a href="#[27]">PDM_IRQHandler</a> from arm_startup_nrf52.o(.text) referenced from arm_startup_nrf52.o(RESET)
 <LI><a href="#[a]">POWER_CLOCK_IRQHandler</a> from arm_startup_nrf52.o(.text) referenced from arm_startup_nrf52.o(RESET)
 <LI><a href="#[26]">PWM0_IRQHandler</a> from arm_startup_nrf52.o(.text) referenced from arm_startup_nrf52.o(RESET)
 <LI><a href="#[29]">PWM1_IRQHandler</a> from arm_startup_nrf52.o(.text) referenced from arm_startup_nrf52.o(RESET)
 <LI><a href="#[2a]">PWM2_IRQHandler</a> from arm_startup_nrf52.o(.text) referenced from arm_startup_nrf52.o(RESET)
 <LI><a href="#[8]">PendSV_Handler</a> from arm_startup_nrf52.o(.text) referenced from arm_startup_nrf52.o(RESET)
 <LI><a href="#[1c]">QDEC_IRQHandler</a> from arm_startup_nrf52.o(.text) referenced from arm_startup_nrf52.o(RESET)
 <LI><a href="#[b]">RADIO_IRQHandler</a> from arm_startup_nrf52.o(.text) referenced from arm_startup_nrf52.o(RESET)
 <LI><a href="#[17]">RNG_IRQHandler</a> from arm_startup_nrf52.o(.text) referenced from arm_startup_nrf52.o(RESET)
 <LI><a href="#[15]">RTC0_IRQHandler</a> from arm_startup_nrf52.o(.text) referenced from arm_startup_nrf52.o(RESET)
 <LI><a href="#[1b]">RTC1_IRQHandler</a> from drv_rtc.o(i.RTC1_IRQHandler) referenced from arm_startup_nrf52.o(RESET)
 <LI><a href="#[2c]">RTC2_IRQHandler</a> from arm_startup_nrf52.o(.text) referenced from arm_startup_nrf52.o(RESET)
 <LI><a href="#[0]">Reset_Handler</a> from arm_startup_nrf52.o(.text) referenced from arm_startup_nrf52.o(RESET)
 <LI><a href="#[11]">SAADC_IRQHandler</a> from arm_startup_nrf52.o(.text) referenced from arm_startup_nrf52.o(RESET)
 <LI><a href="#[d]">SPIM0_SPIS0_TWIM0_TWIS0_SPI0_TWI0_IRQHandler</a> from nrfx_twi.o(i.SPIM0_SPIS0_TWIM0_TWIS0_SPI0_TWI0_IRQHandler) referenced from nrfx_twi.o(.constdata)
 <LI><a href="#[d]">SPIM0_SPIS0_TWIM0_TWIS0_SPI0_TWI0_IRQHandler</a> from nrfx_twi.o(i.SPIM0_SPIS0_TWIM0_TWIS0_SPI0_TWI0_IRQHandler) referenced from arm_startup_nrf52.o(RESET)
 <LI><a href="#[e]">SPIM1_SPIS1_TWIM1_TWIS1_SPI1_TWI1_IRQHandler</a> from arm_startup_nrf52.o(.text) referenced from arm_startup_nrf52.o(RESET)
 <LI><a href="#[2b]">SPIM2_SPIS2_SPI2_IRQHandler</a> from arm_startup_nrf52.o(.text) referenced from arm_startup_nrf52.o(RESET)
 <LI><a href="#[6]">SVC_Handler</a> from arm_startup_nrf52.o(.text) referenced from arm_startup_nrf52.o(RESET)
 <LI><a href="#[1e]">SWI0_EGU0_IRQHandler</a> from arm_startup_nrf52.o(.text) referenced from arm_startup_nrf52.o(RESET)
 <LI><a href="#[1f]">SWI1_EGU1_IRQHandler</a> from arm_startup_nrf52.o(.text) referenced from arm_startup_nrf52.o(RESET)
 <LI><a href="#[20]">SWI2_EGU2_IRQHandler</a> from arm_startup_nrf52.o(.text) referenced from arm_startup_nrf52.o(RESET)
 <LI><a href="#[21]">SWI3_EGU3_IRQHandler</a> from arm_startup_nrf52.o(.text) referenced from arm_startup_nrf52.o(RESET)
 <LI><a href="#[22]">SWI4_EGU4_IRQHandler</a> from arm_startup_nrf52.o(.text) referenced from arm_startup_nrf52.o(RESET)
 <LI><a href="#[23]">SWI5_EGU5_IRQHandler</a> from arm_startup_nrf52.o(.text) referenced from arm_startup_nrf52.o(RESET)
 <LI><a href="#[9]">SysTick_Handler</a> from arm_startup_nrf52.o(.text) referenced from arm_startup_nrf52.o(RESET)
 <LI><a href="#[31]">SystemInit</a> from system_nrf52.o(i.SystemInit) referenced from arm_startup_nrf52.o(.text)
 <LI><a href="#[16]">TEMP_IRQHandler</a> from arm_startup_nrf52.o(.text) referenced from arm_startup_nrf52.o(RESET)
 <LI><a href="#[12]">TIMER0_IRQHandler</a> from arm_startup_nrf52.o(.text) referenced from arm_startup_nrf52.o(RESET)
 <LI><a href="#[13]">TIMER1_IRQHandler</a> from arm_startup_nrf52.o(.text) referenced from arm_startup_nrf52.o(RESET)
 <LI><a href="#[14]">TIMER2_IRQHandler</a> from arm_startup_nrf52.o(.text) referenced from arm_startup_nrf52.o(RESET)
 <LI><a href="#[24]">TIMER3_IRQHandler</a> from arm_startup_nrf52.o(.text) referenced from arm_startup_nrf52.o(RESET)
 <LI><a href="#[25]">TIMER4_IRQHandler</a> from arm_startup_nrf52.o(.text) referenced from arm_startup_nrf52.o(RESET)
 <LI><a href="#[c]">UARTE0_UART0_IRQHandler</a> from nrfx_prs.o(i.UARTE0_UART0_IRQHandler) referenced from arm_startup_nrf52.o(RESET)
 <LI><a href="#[5]">UsageFault_Handler</a> from arm_startup_nrf52.o(.text) referenced from arm_startup_nrf52.o(RESET)
 <LI><a href="#[1a]">WDT_IRQHandler</a> from arm_startup_nrf52.o(.text) referenced from arm_startup_nrf52.o(RESET)
 <LI><a href="#[32]">__main</a> from entry.o(.ARM.Collect$$$$00000000) referenced from arm_startup_nrf52.o(.text)
 <LI><a href="#[2f]">main</a> from main.o(i.main) referenced from entry9a.o(.ARM.Collect$$$$0000000B)
 <LI><a href="#[33]">nfc_ndef_bin_payload_memcopy</a> from nfc_ndef_record.o(i.nfc_ndef_bin_payload_memcopy) referenced from nfc_ndef_record_parser.o(i.ndef_record_parser)
 <LI><a href="#[33]">nfc_ndef_bin_payload_memcopy</a> from nfc_ndef_record.o(i.nfc_ndef_bin_payload_memcopy) referenced from nfc_ndef_record_parser.o(i.ndef_record_printout)
 <LI><a href="#[3d]">nrf_log_backend_uart_flush</a> from nrf_log_backend_uart.o(i.nrf_log_backend_uart_flush) referenced from nrf_log_backend_uart.o(.constdata)
 <LI><a href="#[3c]">nrf_log_backend_uart_panic_set</a> from nrf_log_backend_uart.o(i.nrf_log_backend_uart_panic_set) referenced from nrf_log_backend_uart.o(.constdata)
 <LI><a href="#[3b]">nrf_log_backend_uart_put</a> from nrf_log_backend_uart.o(i.nrf_log_backend_uart_put) referenced from nrf_log_backend_uart.o(.constdata)
 <LI><a href="#[39]">nrfx_uart_0_irq_handler</a> from nrfx_uart.o(i.nrfx_uart_0_irq_handler) referenced from nrfx_uart.o(.constdata)
 <LI><a href="#[3a]">nrfx_uarte_0_irq_handler</a> from nrfx_uarte.o(i.nrfx_uarte_0_irq_handler) referenced from nrfx_uarte.o(.constdata)
 <LI><a href="#[37]">serial_tx</a> from nrf_log_backend_uart.o(i.serial_tx) referenced from nrf_log_backend_uart.o(i.nrf_log_backend_uart_put)
 <LI><a href="#[34]">twi_evt_handler</a> from nrf_drv_twi.o(i.twi_evt_handler) referenced from nrf_drv_twi.o(i.nrf_drv_twi_init)
 <LI><a href="#[36]">uart_evt_handler</a> from nrf_drv_uart.o(i.uart_evt_handler) referenced from nrf_drv_uart.o(i.nrf_drv_uart_init)
 <LI><a href="#[38]">uart_evt_handler</a> from nrf_log_backend_uart.o(i.uart_evt_handler) referenced from nrf_log_backend_uart.o(i.uart_init)
 <LI><a href="#[35]">uarte_evt_handler</a> from nrf_drv_uart.o(i.uarte_evt_handler) referenced from nrf_drv_uart.o(i.nrf_drv_uart_init)
</UL>
<P>
<H3>
Global Symbols
</H3>
<P><STRONG><a name="[32]"></a>__main</STRONG> (Thumb, 0 bytes, Stack size unknown bytes, entry.o(.ARM.Collect$$$$00000000))
<BR>[Address Reference Count : 1]<UL><LI> arm_startup_nrf52.o(.text)
</UL>
<P><STRONG><a name="[113]"></a>_main_stk</STRONG> (Thumb, 0 bytes, Stack size unknown bytes, entry2.o(.ARM.Collect$$$$00000001))

<P><STRONG><a name="[3e]"></a>_main_scatterload</STRONG> (Thumb, 0 bytes, Stack size unknown bytes, entry5.o(.ARM.Collect$$$$00000004))
<BR><BR>[Calls]<UL><LI><a href="#[3f]">&gt;&gt;</a>&nbsp;&nbsp;&nbsp;__scatterload
</UL>

<P><STRONG><a name="[45]"></a>__main_after_scatterload</STRONG> (Thumb, 0 bytes, Stack size unknown bytes, entry5.o(.ARM.Collect$$$$00000004))
<BR><BR>[Called By]<UL><LI><a href="#[3f]">&gt;&gt;</a>&nbsp;&nbsp;&nbsp;__scatterload
</UL>

<P><STRONG><a name="[114]"></a>_main_clock</STRONG> (Thumb, 0 bytes, Stack size unknown bytes, entry7b.o(.ARM.Collect$$$$00000008))

<P><STRONG><a name="[115]"></a>_main_cpp_init</STRONG> (Thumb, 0 bytes, Stack size unknown bytes, entry8b.o(.ARM.Collect$$$$0000000A))

<P><STRONG><a name="[116]"></a>_main_init</STRONG> (Thumb, 0 bytes, Stack size unknown bytes, entry9a.o(.ARM.Collect$$$$0000000B))

<P><STRONG><a name="[117]"></a>__rt_final_cpp</STRONG> (Thumb, 0 bytes, Stack size unknown bytes, entry10a.o(.ARM.Collect$$$$0000000D))

<P><STRONG><a name="[118]"></a>__rt_final_exit</STRONG> (Thumb, 0 bytes, Stack size unknown bytes, entry11a.o(.ARM.Collect$$$$0000000F))

<P><STRONG><a name="[40]"></a>app_error_handler</STRONG> (Thumb, 26 bytes, Stack size 0 bytes, app_error_handler_keil.o(.emb_text))
<BR><BR>[Stack]<UL><LI>Max Depth = 256<LI>Call Chain = app_error_handler &rArr; app_error_fault_handler &rArr; nrf_log_frontend_std_5 &rArr; std_n &rArr; nrf_log_frontend_dequeue &rArr; nrf_memobj_alloc &rArr; nrf_memobj_free &rArr; nrf_balloc_free
</UL>
<BR>[Calls]<UL><LI><a href="#[41]">&gt;&gt;</a>&nbsp;&nbsp;&nbsp;app_error_fault_handler
</UL>
<BR>[Called By]<UL><LI><a href="#[8f]">&gt;&gt;</a>&nbsp;&nbsp;&nbsp;utils_setup
<LI><a href="#[2f]">&gt;&gt;</a>&nbsp;&nbsp;&nbsp;main
<LI><a href="#[6a]">&gt;&gt;</a>&nbsp;&nbsp;&nbsp;after_read_delay
<LI><a href="#[ce]">&gt;&gt;</a>&nbsp;&nbsp;&nbsp;uart_init
<LI><a href="#[37]">&gt;&gt;</a>&nbsp;&nbsp;&nbsp;serial_tx
</UL>

<P><STRONG><a name="[2]"></a>HardFault_Handler</STRONG> (Thumb, 40 bytes, Stack size 0 bytes, hardfault_handler_keil.o(.emb_text))
<BR>[Address Reference Count : 1]<UL><LI> arm_startup_nrf52.o(RESET)
</UL>
<P><STRONG><a name="[b4]"></a>__asm___12_nrf_atomic_c_85ca2469__nrf_atomic_internal_mov</STRONG> (Thumb, 24 bytes, Stack size 0 bytes, nrf_atomic.o(.emb_text))
<BR><BR>[Called By]<UL><LI><a href="#[84]">&gt;&gt;</a>&nbsp;&nbsp;&nbsp;nrf_atomic_u32_fetch_store
</UL>

<P><STRONG><a name="[b5]"></a>__asm___12_nrf_atomic_c_85ca2469__nrf_atomic_internal_orr</STRONG> (Thumb, 26 bytes, Stack size 0 bytes, nrf_atomic.o(.emb_text))
<BR><BR>[Called By]<UL><LI><a href="#[b1]">&gt;&gt;</a>&nbsp;&nbsp;&nbsp;nrf_atomic_u32_or
</UL>

<P><STRONG><a name="[b3]"></a>__asm___12_nrf_atomic_c_85ca2469__nrf_atomic_internal_and</STRONG> (Thumb, 26 bytes, Stack size 0 bytes, nrf_atomic.o(.emb_text))
<BR><BR>[Called By]<UL><LI><a href="#[b0]">&gt;&gt;</a>&nbsp;&nbsp;&nbsp;nrf_atomic_u32_fetch_and
</UL>

<P><STRONG><a name="[119]"></a>__asm___12_nrf_atomic_c_85ca2469__nrf_atomic_internal_eor</STRONG> (Thumb, 26 bytes, Stack size 0 bytes, nrf_atomic.o(.emb_text), UNUSED)

<P><STRONG><a name="[b2]"></a>__asm___12_nrf_atomic_c_85ca2469__nrf_atomic_internal_add</STRONG> (Thumb, 26 bytes, Stack size 0 bytes, nrf_atomic.o(.emb_text))
<BR><BR>[Called By]<UL><LI><a href="#[7f]">&gt;&gt;</a>&nbsp;&nbsp;&nbsp;nrf_atomic_u32_add
</UL>

<P><STRONG><a name="[b7]"></a>__asm___12_nrf_atomic_c_85ca2469__nrf_atomic_internal_sub</STRONG> (Thumb, 26 bytes, Stack size 0 bytes, nrf_atomic.o(.emb_text))
<BR><BR>[Called By]<UL><LI><a href="#[b6]">&gt;&gt;</a>&nbsp;&nbsp;&nbsp;nrf_atomic_u32_sub
</UL>

<P><STRONG><a name="[11a]"></a>__asm___12_nrf_atomic_c_85ca2469__nrf_atomic_internal_cmp_exch</STRONG> (Thumb, 42 bytes, Stack size 0 bytes, nrf_atomic.o(.emb_text), UNUSED)

<P><STRONG><a name="[11b]"></a>__asm___12_nrf_atomic_c_85ca2469__nrf_atomic_internal_sub_hs</STRONG> (Thumb, 30 bytes, Stack size 0 bytes, nrf_atomic.o(.emb_text), UNUSED)

<P><STRONG><a name="[0]"></a>Reset_Handler</STRONG> (Thumb, 8 bytes, Stack size 0 bytes, arm_startup_nrf52.o(.text))
<BR>[Address Reference Count : 1]<UL><LI> arm_startup_nrf52.o(RESET)
</UL>
<P><STRONG><a name="[1]"></a>NMI_Handler</STRONG> (Thumb, 2 bytes, Stack size 0 bytes, arm_startup_nrf52.o(.text))
<BR><BR>[Calls]<UL><LI><a href="#[1]">&gt;&gt;</a>&nbsp;&nbsp;&nbsp;NMI_Handler
</UL>
<BR>[Called By]<UL><LI><a href="#[1]">&gt;&gt;</a>&nbsp;&nbsp;&nbsp;NMI_Handler
</UL>
<BR>[Address Reference Count : 1]<UL><LI> arm_startup_nrf52.o(RESET)
</UL>
<P><STRONG><a name="[3]"></a>MemoryManagement_Handler</STRONG> (Thumb, 2 bytes, Stack size 0 bytes, arm_startup_nrf52.o(.text))
<BR><BR>[Calls]<UL><LI><a href="#[3]">&gt;&gt;</a>&nbsp;&nbsp;&nbsp;MemoryManagement_Handler
</UL>
<BR>[Called By]<UL><LI><a href="#[3]">&gt;&gt;</a>&nbsp;&nbsp;&nbsp;MemoryManagement_Handler
</UL>
<BR>[Address Reference Count : 1]<UL><LI> arm_startup_nrf52.o(RESET)
</UL>
<P><STRONG><a name="[4]"></a>BusFault_Handler</STRONG> (Thumb, 2 bytes, Stack size 0 bytes, arm_startup_nrf52.o(.text))
<BR><BR>[Calls]<UL><LI><a href="#[4]">&gt;&gt;</a>&nbsp;&nbsp;&nbsp;BusFault_Handler
</UL>
<BR>[Called By]<UL><LI><a href="#[4]">&gt;&gt;</a>&nbsp;&nbsp;&nbsp;BusFault_Handler
</UL>
<BR>[Address Reference Count : 1]<UL><LI> arm_startup_nrf52.o(RESET)
</UL>
<P><STRONG><a name="[5]"></a>UsageFault_Handler</STRONG> (Thumb, 2 bytes, Stack size 0 bytes, arm_startup_nrf52.o(.text))
<BR><BR>[Calls]<UL><LI><a href="#[5]">&gt;&gt;</a>&nbsp;&nbsp;&nbsp;UsageFault_Handler
</UL>
<BR>[Called By]<UL><LI><a href="#[5]">&gt;&gt;</a>&nbsp;&nbsp;&nbsp;UsageFault_Handler
</UL>
<BR>[Address Reference Count : 1]<UL><LI> arm_startup_nrf52.o(RESET)
</UL>
<P><STRONG><a name="[6]"></a>SVC_Handler</STRONG> (Thumb, 2 bytes, Stack size 0 bytes, arm_startup_nrf52.o(.text))
<BR><BR>[Calls]<UL><LI><a href="#[6]">&gt;&gt;</a>&nbsp;&nbsp;&nbsp;SVC_Handler
</UL>
<BR>[Called By]<UL><LI><a href="#[6]">&gt;&gt;</a>&nbsp;&nbsp;&nbsp;SVC_Handler
</UL>
<BR>[Address Reference Count : 1]<UL><LI> arm_startup_nrf52.o(RESET)
</UL>
<P><STRONG><a name="[7]"></a>DebugMon_Handler</STRONG> (Thumb, 2 bytes, Stack size 0 bytes, arm_startup_nrf52.o(.text))
<BR><BR>[Calls]<UL><LI><a href="#[7]">&gt;&gt;</a>&nbsp;&nbsp;&nbsp;DebugMon_Handler
</UL>
<BR>[Called By]<UL><LI><a href="#[7]">&gt;&gt;</a>&nbsp;&nbsp;&nbsp;DebugMon_Handler
</UL>
<BR>[Address Reference Count : 1]<UL><LI> arm_startup_nrf52.o(RESET)
</UL>
<P><STRONG><a name="[8]"></a>PendSV_Handler</STRONG> (Thumb, 2 bytes, Stack size 0 bytes, arm_startup_nrf52.o(.text))
<BR><BR>[Calls]<UL><LI><a href="#[8]">&gt;&gt;</a>&nbsp;&nbsp;&nbsp;PendSV_Handler
</UL>
<BR>[Called By]<UL><LI><a href="#[8]">&gt;&gt;</a>&nbsp;&nbsp;&nbsp;PendSV_Handler
</UL>
<BR>[Address Reference Count : 1]<UL><LI> arm_startup_nrf52.o(RESET)
</UL>
<P><STRONG><a name="[9]"></a>SysTick_Handler</STRONG> (Thumb, 2 bytes, Stack size 0 bytes, arm_startup_nrf52.o(.text))
<BR><BR>[Calls]<UL><LI><a href="#[9]">&gt;&gt;</a>&nbsp;&nbsp;&nbsp;SysTick_Handler
</UL>
<BR>[Called By]<UL><LI><a href="#[9]">&gt;&gt;</a>&nbsp;&nbsp;&nbsp;SysTick_Handler
</UL>
<BR>[Address Reference Count : 1]<UL><LI> arm_startup_nrf52.o(RESET)
</UL>
<P><STRONG><a name="[19]"></a>CCM_AAR_IRQHandler</STRONG> (Thumb, 0 bytes, Stack size 0 bytes, arm_startup_nrf52.o(.text))
<BR><BR>[Calls]<UL><LI><a href="#[19]">&gt;&gt;</a>&nbsp;&nbsp;&nbsp;CCM_AAR_IRQHandler
</UL>
<BR>[Called By]<UL><LI><a href="#[19]">&gt;&gt;</a>&nbsp;&nbsp;&nbsp;CCM_AAR_IRQHandler
</UL>
<BR>[Address Reference Count : 1]<UL><LI> arm_startup_nrf52.o(RESET)
</UL>
<P><STRONG><a name="[1d]"></a>COMP_LPCOMP_IRQHandler</STRONG> (Thumb, 0 bytes, Stack size 0 bytes, arm_startup_nrf52.o(.text))
<BR>[Address Reference Count : 1]<UL><LI> arm_startup_nrf52.o(RESET)
</UL>
<P><STRONG><a name="[18]"></a>ECB_IRQHandler</STRONG> (Thumb, 0 bytes, Stack size 0 bytes, arm_startup_nrf52.o(.text))
<BR>[Address Reference Count : 1]<UL><LI> arm_startup_nrf52.o(RESET)
</UL>
<P><STRONG><a name="[2e]"></a>FPU_IRQHandler</STRONG> (Thumb, 0 bytes, Stack size 0 bytes, arm_startup_nrf52.o(.text))
<BR>[Address Reference Count : 1]<UL><LI> arm_startup_nrf52.o(RESET)
</UL>
<P><STRONG><a name="[2d]"></a>I2S_IRQHandler</STRONG> (Thumb, 0 bytes, Stack size 0 bytes, arm_startup_nrf52.o(.text))
<BR>[Address Reference Count : 1]<UL><LI> arm_startup_nrf52.o(RESET)
</UL>
<P><STRONG><a name="[28]"></a>MWU_IRQHandler</STRONG> (Thumb, 0 bytes, Stack size 0 bytes, arm_startup_nrf52.o(.text))
<BR>[Address Reference Count : 1]<UL><LI> arm_startup_nrf52.o(RESET)
</UL>
<P><STRONG><a name="[f]"></a>NFCT_IRQHandler</STRONG> (Thumb, 0 bytes, Stack size 0 bytes, arm_startup_nrf52.o(.text))
<BR>[Address Reference Count : 1]<UL><LI> arm_startup_nrf52.o(RESET)
</UL>
<P><STRONG><a name="[27]"></a>PDM_IRQHandler</STRONG> (Thumb, 0 bytes, Stack size 0 bytes, arm_startup_nrf52.o(.text))
<BR>[Address Reference Count : 1]<UL><LI> arm_startup_nrf52.o(RESET)
</UL>
<P><STRONG><a name="[a]"></a>POWER_CLOCK_IRQHandler</STRONG> (Thumb, 0 bytes, Stack size 0 bytes, arm_startup_nrf52.o(.text))
<BR>[Address Reference Count : 1]<UL><LI> arm_startup_nrf52.o(RESET)
</UL>
<P><STRONG><a name="[26]"></a>PWM0_IRQHandler</STRONG> (Thumb, 0 bytes, Stack size 0 bytes, arm_startup_nrf52.o(.text))
<BR>[Address Reference Count : 1]<UL><LI> arm_startup_nrf52.o(RESET)
</UL>
<P><STRONG><a name="[29]"></a>PWM1_IRQHandler</STRONG> (Thumb, 0 bytes, Stack size 0 bytes, arm_startup_nrf52.o(.text))
<BR>[Address Reference Count : 1]<UL><LI> arm_startup_nrf52.o(RESET)
</UL>
<P><STRONG><a name="[2a]"></a>PWM2_IRQHandler</STRONG> (Thumb, 0 bytes, Stack size 0 bytes, arm_startup_nrf52.o(.text))
<BR>[Address Reference Count : 1]<UL><LI> arm_startup_nrf52.o(RESET)
</UL>
<P><STRONG><a name="[1c]"></a>QDEC_IRQHandler</STRONG> (Thumb, 0 bytes, Stack size 0 bytes, arm_startup_nrf52.o(.text))
<BR>[Address Reference Count : 1]<UL><LI> arm_startup_nrf52.o(RESET)
</UL>
<P><STRONG><a name="[b]"></a>RADIO_IRQHandler</STRONG> (Thumb, 0 bytes, Stack size 0 bytes, arm_startup_nrf52.o(.text))
<BR>[Address Reference Count : 1]<UL><LI> arm_startup_nrf52.o(RESET)
</UL>
<P><STRONG><a name="[17]"></a>RNG_IRQHandler</STRONG> (Thumb, 0 bytes, Stack size 0 bytes, arm_startup_nrf52.o(.text))
<BR>[Address Reference Count : 1]<UL><LI> arm_startup_nrf52.o(RESET)
</UL>
<P><STRONG><a name="[15]"></a>RTC0_IRQHandler</STRONG> (Thumb, 0 bytes, Stack size 0 bytes, arm_startup_nrf52.o(.text))
<BR>[Address Reference Count : 1]<UL><LI> arm_startup_nrf52.o(RESET)
</UL>
<P><STRONG><a name="[2c]"></a>RTC2_IRQHandler</STRONG> (Thumb, 0 bytes, Stack size 0 bytes, arm_startup_nrf52.o(.text))
<BR>[Address Reference Count : 1]<UL><LI> arm_startup_nrf52.o(RESET)
</UL>
<P><STRONG><a name="[11]"></a>SAADC_IRQHandler</STRONG> (Thumb, 0 bytes, Stack size 0 bytes, arm_startup_nrf52.o(.text))
<BR>[Address Reference Count : 1]<UL><LI> arm_startup_nrf52.o(RESET)
</UL>
<P><STRONG><a name="[e]"></a>SPIM1_SPIS1_TWIM1_TWIS1_SPI1_TWI1_IRQHandler</STRONG> (Thumb, 0 bytes, Stack size 0 bytes, arm_startup_nrf52.o(.text))
<BR>[Address Reference Count : 1]<UL><LI> arm_startup_nrf52.o(RESET)
</UL>
<P><STRONG><a name="[2b]"></a>SPIM2_SPIS2_SPI2_IRQHandler</STRONG> (Thumb, 0 bytes, Stack size 0 bytes, arm_startup_nrf52.o(.text))
<BR>[Address Reference Count : 1]<UL><LI> arm_startup_nrf52.o(RESET)
</UL>
<P><STRONG><a name="[1e]"></a>SWI0_EGU0_IRQHandler</STRONG> (Thumb, 0 bytes, Stack size 0 bytes, arm_startup_nrf52.o(.text))
<BR>[Address Reference Count : 1]<UL><LI> arm_startup_nrf52.o(RESET)
</UL>
<P><STRONG><a name="[1f]"></a>SWI1_EGU1_IRQHandler</STRONG> (Thumb, 0 bytes, Stack size 0 bytes, arm_startup_nrf52.o(.text))
<BR>[Address Reference Count : 1]<UL><LI> arm_startup_nrf52.o(RESET)
</UL>
<P><STRONG><a name="[20]"></a>SWI2_EGU2_IRQHandler</STRONG> (Thumb, 0 bytes, Stack size 0 bytes, arm_startup_nrf52.o(.text))
<BR>[Address Reference Count : 1]<UL><LI> arm_startup_nrf52.o(RESET)
</UL>
<P><STRONG><a name="[21]"></a>SWI3_EGU3_IRQHandler</STRONG> (Thumb, 0 bytes, Stack size 0 bytes, arm_startup_nrf52.o(.text))
<BR>[Address Reference Count : 1]<UL><LI> arm_startup_nrf52.o(RESET)
</UL>
<P><STRONG><a name="[22]"></a>SWI4_EGU4_IRQHandler</STRONG> (Thumb, 0 bytes, Stack size 0 bytes, arm_startup_nrf52.o(.text))
<BR>[Address Reference Count : 1]<UL><LI> arm_startup_nrf52.o(RESET)
</UL>
<P><STRONG><a name="[23]"></a>SWI5_EGU5_IRQHandler</STRONG> (Thumb, 0 bytes, Stack size 0 bytes, arm_startup_nrf52.o(.text))
<BR>[Address Reference Count : 1]<UL><LI> arm_startup_nrf52.o(RESET)
</UL>
<P><STRONG><a name="[16]"></a>TEMP_IRQHandler</STRONG> (Thumb, 0 bytes, Stack size 0 bytes, arm_startup_nrf52.o(.text))
<BR>[Address Reference Count : 1]<UL><LI> arm_startup_nrf52.o(RESET)
</UL>
<P><STRONG><a name="[12]"></a>TIMER0_IRQHandler</STRONG> (Thumb, 0 bytes, Stack size 0 bytes, arm_startup_nrf52.o(.text))
<BR>[Address Reference Count : 1]<UL><LI> arm_startup_nrf52.o(RESET)
</UL>
<P><STRONG><a name="[13]"></a>TIMER1_IRQHandler</STRONG> (Thumb, 0 bytes, Stack size 0 bytes, arm_startup_nrf52.o(.text))
<BR>[Address Reference Count : 1]<UL><LI> arm_startup_nrf52.o(RESET)
</UL>
<P><STRONG><a name="[14]"></a>TIMER2_IRQHandler</STRONG> (Thumb, 0 bytes, Stack size 0 bytes, arm_startup_nrf52.o(.text))
<BR>[Address Reference Count : 1]<UL><LI> arm_startup_nrf52.o(RESET)
</UL>
<P><STRONG><a name="[24]"></a>TIMER3_IRQHandler</STRONG> (Thumb, 0 bytes, Stack size 0 bytes, arm_startup_nrf52.o(.text))
<BR>[Address Reference Count : 1]<UL><LI> arm_startup_nrf52.o(RESET)
</UL>
<P><STRONG><a name="[25]"></a>TIMER4_IRQHandler</STRONG> (Thumb, 0 bytes, Stack size 0 bytes, arm_startup_nrf52.o(.text))
<BR>[Address Reference Count : 1]<UL><LI> arm_startup_nrf52.o(RESET)
</UL>
<P><STRONG><a name="[1a]"></a>WDT_IRQHandler</STRONG> (Thumb, 0 bytes, Stack size 0 bytes, arm_startup_nrf52.o(.text))
<BR>[Address Reference Count : 1]<UL><LI> arm_startup_nrf52.o(RESET)
</UL>
<P><STRONG><a name="[d8]"></a>__rt_ctype_table</STRONG> (Thumb, 4 bytes, Stack size 0 bytes, ctype_o.o(.text))
<BR><BR>[Called By]<UL><LI><a href="#[cb]">&gt;&gt;</a>&nbsp;&nbsp;&nbsp;nrf_log_hexdump_entry_process
</UL>

<P><STRONG><a name="[59]"></a>__aeabi_memcpy</STRONG> (Thumb, 36 bytes, Stack size 0 bytes, memcpya.o(.text))
<BR><BR>[Called By]<UL><LI><a href="#[57]">&gt;&gt;</a>&nbsp;&nbsp;&nbsp;adafruit_pn532_command_write
<LI><a href="#[68]">&gt;&gt;</a>&nbsp;&nbsp;&nbsp;adafruit_pn532_nfc_a_target_init
<LI><a href="#[62]">&gt;&gt;</a>&nbsp;&nbsp;&nbsp;adafruit_pn532_in_data_exchange
<LI><a href="#[53]">&gt;&gt;</a>&nbsp;&nbsp;&nbsp;adafruit_pn532_data_read
<LI><a href="#[99]">&gt;&gt;</a>&nbsp;&nbsp;&nbsp;nrf_log_frontend_hexdump
<LI><a href="#[91]">&gt;&gt;</a>&nbsp;&nbsp;&nbsp;memobj_op
<LI><a href="#[a6]">&gt;&gt;</a>&nbsp;&nbsp;&nbsp;nfc_t4t_file_chunk_save
<LI><a href="#[9b]">&gt;&gt;</a>&nbsp;&nbsp;&nbsp;nfc_t4t_comm_apdu_encode
<LI><a href="#[33]">&gt;&gt;</a>&nbsp;&nbsp;&nbsp;nfc_ndef_bin_payload_memcopy
</UL>

<P><STRONG><a name="[a0]"></a>__aeabi_memcpy4</STRONG> (Thumb, 0 bytes, Stack size 0 bytes, memcpya.o(.text))
<BR><BR>[Called By]<UL><LI><a href="#[e6]">&gt;&gt;</a>&nbsp;&nbsp;&nbsp;twi_xfer
<LI><a href="#[51]">&gt;&gt;</a>&nbsp;&nbsp;&nbsp;twi_irq_handler
<LI><a href="#[bd]">&gt;&gt;</a>&nbsp;&nbsp;&nbsp;nrf_drv_uart_init
<LI><a href="#[5b]">&gt;&gt;</a>&nbsp;&nbsp;&nbsp;nrfx_twi_rx
<LI><a href="#[ce]">&gt;&gt;</a>&nbsp;&nbsp;&nbsp;uart_init
<LI><a href="#[9e]">&gt;&gt;</a>&nbsp;&nbsp;&nbsp;nfc_t4t_cc_file_parse
</UL>

<P><STRONG><a name="[11c]"></a>__aeabi_memcpy8</STRONG> (Thumb, 0 bytes, Stack size 0 bytes, memcpya.o(.text), UNUSED)

<P><STRONG><a name="[43]"></a>__aeabi_memset</STRONG> (Thumb, 14 bytes, Stack size 0 bytes, memseta.o(.text), UNUSED)
<BR><BR>[Called By]<UL><LI><a href="#[44]">&gt;&gt;</a>&nbsp;&nbsp;&nbsp;_memset$wrapper
<LI><a href="#[42]">&gt;&gt;</a>&nbsp;&nbsp;&nbsp;__aeabi_memclr
</UL>

<P><STRONG><a name="[11d]"></a>__aeabi_memset4</STRONG> (Thumb, 0 bytes, Stack size 0 bytes, memseta.o(.text), UNUSED)

<P><STRONG><a name="[11e]"></a>__aeabi_memset8</STRONG> (Thumb, 0 bytes, Stack size 0 bytes, memseta.o(.text), UNUSED)

<P><STRONG><a name="[42]"></a>__aeabi_memclr</STRONG> (Thumb, 4 bytes, Stack size 0 bytes, memseta.o(.text), UNUSED)
<BR><BR>[Calls]<UL><LI><a href="#[43]">&gt;&gt;</a>&nbsp;&nbsp;&nbsp;__aeabi_memset
</UL>

<P><STRONG><a name="[ac]"></a>__aeabi_memclr4</STRONG> (Thumb, 0 bytes, Stack size 0 bytes, memseta.o(.text))
<BR><BR>[Called By]<UL><LI><a href="#[bc]">&gt;&gt;</a>&nbsp;&nbsp;&nbsp;nrfx_twi_tx
<LI><a href="#[c7]">&gt;&gt;</a>&nbsp;&nbsp;&nbsp;nrf_log_backend_serial_put
<LI><a href="#[9f]">&gt;&gt;</a>&nbsp;&nbsp;&nbsp;nfc_t4t_file_control_tlv_parse
</UL>

<P><STRONG><a name="[11f]"></a>__aeabi_memclr8</STRONG> (Thumb, 0 bytes, Stack size 0 bytes, memseta.o(.text), UNUSED)

<P><STRONG><a name="[44]"></a>_memset$wrapper</STRONG> (Thumb, 18 bytes, Stack size 8 bytes, memseta.o(.text), UNUSED)
<BR><BR>[Calls]<UL><LI><a href="#[43]">&gt;&gt;</a>&nbsp;&nbsp;&nbsp;__aeabi_memset
</UL>

<P><STRONG><a name="[c2]"></a>strlen</STRONG> (Thumb, 14 bytes, Stack size 0 bytes, strlen.o(.text))
<BR><BR>[Called By]<UL><LI><a href="#[c1]">&gt;&gt;</a>&nbsp;&nbsp;&nbsp;nrf_fprintf_fmt
</UL>

<P><STRONG><a name="[55]"></a>memcmp</STRONG> (Thumb, 26 bytes, Stack size 12 bytes, memcmp.o(.text))
<BR><BR>[Stack]<UL><LI>Max Depth = 12<LI>Call Chain = memcmp
</UL>
<BR>[Called By]<UL><LI><a href="#[52]">&gt;&gt;</a>&nbsp;&nbsp;&nbsp;adafruit_pn532_ack_read
<LI><a href="#[5e]">&gt;&gt;</a>&nbsp;&nbsp;&nbsp;adafruit_pn532_firmware_version_get
</UL>

<P><STRONG><a name="[3f]"></a>__scatterload</STRONG> (Thumb, 28 bytes, Stack size 0 bytes, init.o(.text))
<BR><BR>[Calls]<UL><LI><a href="#[45]">&gt;&gt;</a>&nbsp;&nbsp;&nbsp;__main_after_scatterload
</UL>
<BR>[Called By]<UL><LI><a href="#[3e]">&gt;&gt;</a>&nbsp;&nbsp;&nbsp;_main_scatterload
</UL>

<P><STRONG><a name="[120]"></a>__scatterload_rt2</STRONG> (Thumb, 0 bytes, Stack size 0 bytes, init.o(.text), UNUSED)

<P><STRONG><a name="[121]"></a>__decompress</STRONG> (Thumb, 0 bytes, Stack size unknown bytes, __dczerorl.o(.text), UNUSED)

<P><STRONG><a name="[122]"></a>__decompress0</STRONG> (Thumb, 58 bytes, Stack size unknown bytes, __dczerorl.o(.text), UNUSED)

<P><STRONG><a name="[10]"></a>GPIOTE_IRQHandler</STRONG> (Thumb, 154 bytes, Stack size 32 bytes, nrfx_gpiote.o(i.GPIOTE_IRQHandler))
<BR><BR>[Stack]<UL><LI>Max Depth = 88<LI>Call Chain = GPIOTE_IRQHandler &rArr; port_event_handle &rArr; nrf_gpio_latches_read_and_clear
</UL>
<BR>[Calls]<UL><LI><a href="#[49]">&gt;&gt;</a>&nbsp;&nbsp;&nbsp;port_event_handle
<LI><a href="#[46]">&gt;&gt;</a>&nbsp;&nbsp;&nbsp;nrf_gpiote_event_is_set
<LI><a href="#[47]">&gt;&gt;</a>&nbsp;&nbsp;&nbsp;nrf_gpiote_event_clear
<LI><a href="#[48]">&gt;&gt;</a>&nbsp;&nbsp;&nbsp;nrf_gpio_latches_read_and_clear
</UL>
<BR>[Address Reference Count : 1]<UL><LI> arm_startup_nrf52.o(RESET)
</UL>
<P><STRONG><a name="[30]"></a>HardFault_c_handler</STRONG> (Thumb, 210 bytes, Stack size 16 bytes, hardfault_implementation.o(i.HardFault_c_handler))
<BR><BR>[Stack]<UL><LI>Max Depth = 232<LI>Call Chain = HardFault_c_handler &rArr; nrf_log_frontend_std_4 &rArr; std_n &rArr; nrf_log_frontend_dequeue &rArr; nrf_memobj_alloc &rArr; nrf_memobj_free &rArr; nrf_balloc_free
</UL>
<BR>[Calls]<UL><LI><a href="#[4c]">&gt;&gt;</a>&nbsp;&nbsp;&nbsp;nrf_log_frontend_std_1
<LI><a href="#[4f]">&gt;&gt;</a>&nbsp;&nbsp;&nbsp;nrf_log_frontend_std_0
<LI><a href="#[4b]">&gt;&gt;</a>&nbsp;&nbsp;&nbsp;nrf_log_frontend_dequeue
<LI><a href="#[4a]">&gt;&gt;</a>&nbsp;&nbsp;&nbsp;nrf_log_panic
<LI><a href="#[50]">&gt;&gt;</a>&nbsp;&nbsp;&nbsp;HardFault_process
<LI><a href="#[4d]">&gt;&gt;</a>&nbsp;&nbsp;&nbsp;nrf_log_frontend_std_4
<LI><a href="#[4e]">&gt;&gt;</a>&nbsp;&nbsp;&nbsp;nrf_log_frontend_std_3
</UL>
<BR>[Address Reference Count : 1]<UL><LI> hardfault_handler_keil.o(.emb_text)
</UL>
<P><STRONG><a name="[50]"></a>HardFault_process</STRONG> (Thumb, 26 bytes, Stack size 0 bytes, hardfault_implementation.o(i.HardFault_process))
<BR><BR>[Called By]<UL><LI><a href="#[30]">&gt;&gt;</a>&nbsp;&nbsp;&nbsp;HardFault_c_handler
</UL>

<P><STRONG><a name="[1b]"></a>RTC1_IRQHandler</STRONG> (Thumb, 12 bytes, Stack size 0 bytes, drv_rtc.o(i.RTC1_IRQHandler))
<BR>[Address Reference Count : 1]<UL><LI> arm_startup_nrf52.o(RESET)
</UL>
<P><STRONG><a name="[d]"></a>SPIM0_SPIS0_TWIM0_TWIS0_SPI0_TWI0_IRQHandler</STRONG> (Thumb, 8 bytes, Stack size 0 bytes, nrfx_twi.o(i.SPIM0_SPIS0_TWIM0_TWIS0_SPI0_TWI0_IRQHandler))
<BR><BR>[Stack]<UL><LI>Max Depth = 112<LI>Call Chain = SPIM0_SPIS0_TWIM0_TWIS0_SPI0_TWI0_IRQHandler &rArr; twi_irq_handler &rArr; twi_tx_start_transfer &rArr; twi_transfer &rArr; nrf_twi_event_clear
</UL>
<BR>[Calls]<UL><LI><a href="#[51]">&gt;&gt;</a>&nbsp;&nbsp;&nbsp;twi_irq_handler
</UL>
<BR>[Address Reference Count : 2]<UL><LI> nrfx_twi.o(.constdata)
<LI> arm_startup_nrf52.o(RESET)
</UL>
<P><STRONG><a name="[31]"></a>SystemInit</STRONG> (Thumb, 736 bytes, Stack size 20 bytes, system_nrf52.o(i.SystemInit))
<BR><BR>[Stack]<UL><LI>Max Depth = 20<LI>Call Chain = SystemInit
</UL>
<BR>[Address Reference Count : 1]<UL><LI> arm_startup_nrf52.o(.text)
</UL>
<P><STRONG><a name="[c]"></a>UARTE0_UART0_IRQHandler</STRONG> (Thumb, 6 bytes, Stack size 0 bytes, nrfx_prs.o(i.UARTE0_UART0_IRQHandler))
<BR>[Address Reference Count : 1]<UL><LI> arm_startup_nrf52.o(RESET)
</UL>
<P><STRONG><a name="[123]"></a>__scatterload_copy</STRONG> (Thumb, 14 bytes, Stack size unknown bytes, handlers.o(i.__scatterload_copy), UNUSED)

<P><STRONG><a name="[124]"></a>__scatterload_null</STRONG> (Thumb, 2 bytes, Stack size unknown bytes, handlers.o(i.__scatterload_null), UNUSED)

<P><STRONG><a name="[125]"></a>__scatterload_zeroinit</STRONG> (Thumb, 14 bytes, Stack size unknown bytes, handlers.o(i.__scatterload_zeroinit), UNUSED)

<P><STRONG><a name="[52]"></a>adafruit_pn532_ack_read</STRONG> (Thumb, 52 bytes, Stack size 16 bytes, adafruit_pn532.o(i.adafruit_pn532_ack_read))
<BR><BR>[Stack]<UL><LI>Max Depth = 176<LI>Call Chain = adafruit_pn532_ack_read &rArr; adafruit_pn532_data_read &rArr; nrfx_twi_rx &rArr; nrfx_twi_xfer &rArr; twi_xfer &rArr; twi_tx_start_transfer &rArr; twi_transfer &rArr; nrf_twi_event_clear
</UL>
<BR>[Calls]<UL><LI><a href="#[54]">&gt;&gt;</a>&nbsp;&nbsp;&nbsp;adafruit_pn532_is_ready
<LI><a href="#[53]">&gt;&gt;</a>&nbsp;&nbsp;&nbsp;adafruit_pn532_data_read
<LI><a href="#[55]">&gt;&gt;</a>&nbsp;&nbsp;&nbsp;memcmp
</UL>
<BR>[Called By]<UL><LI><a href="#[56]">&gt;&gt;</a>&nbsp;&nbsp;&nbsp;adafruit_pn532_cmd_send
</UL>

<P><STRONG><a name="[56]"></a>adafruit_pn532_cmd_send</STRONG> (Thumb, 32 bytes, Stack size 8 bytes, adafruit_pn532.o(i.adafruit_pn532_cmd_send))
<BR><BR>[Stack]<UL><LI>Max Depth = 208<LI>Call Chain = adafruit_pn532_cmd_send &rArr; adafruit_pn532_command_write &rArr; nrf_drv_twi_tx &rArr; nrfx_twi_tx &rArr; nrfx_twi_xfer &rArr; twi_xfer &rArr; twi_tx_start_transfer &rArr; twi_transfer &rArr; nrf_twi_event_clear
</UL>
<BR>[Calls]<UL><LI><a href="#[57]">&gt;&gt;</a>&nbsp;&nbsp;&nbsp;adafruit_pn532_command_write
<LI><a href="#[52]">&gt;&gt;</a>&nbsp;&nbsp;&nbsp;adafruit_pn532_ack_read
<LI><a href="#[58]">&gt;&gt;</a>&nbsp;&nbsp;&nbsp;adafruit_pn532_waitready_ms
</UL>
<BR>[Called By]<UL><LI><a href="#[5d]">&gt;&gt;</a>&nbsp;&nbsp;&nbsp;adafruit_pn532_field_switch
<LI><a href="#[68]">&gt;&gt;</a>&nbsp;&nbsp;&nbsp;adafruit_pn532_nfc_a_target_init
<LI><a href="#[66]">&gt;&gt;</a>&nbsp;&nbsp;&nbsp;adafruit_pn532_sam_config
<LI><a href="#[67]">&gt;&gt;</a>&nbsp;&nbsp;&nbsp;adafruit_pn532_passive_activation_retries_set
<LI><a href="#[62]">&gt;&gt;</a>&nbsp;&nbsp;&nbsp;adafruit_pn532_in_data_exchange
<LI><a href="#[5e]">&gt;&gt;</a>&nbsp;&nbsp;&nbsp;adafruit_pn532_firmware_version_get
</UL>

<P><STRONG><a name="[57]"></a>adafruit_pn532_command_write</STRONG> (Thumb, 118 bytes, Stack size 32 bytes, adafruit_pn532.o(i.adafruit_pn532_command_write))
<BR><BR>[Stack]<UL><LI>Max Depth = 200<LI>Call Chain = adafruit_pn532_command_write &rArr; nrf_drv_twi_tx &rArr; nrfx_twi_tx &rArr; nrfx_twi_xfer &rArr; twi_xfer &rArr; twi_tx_start_transfer &rArr; twi_transfer &rArr; nrf_twi_event_clear
</UL>
<BR>[Calls]<UL><LI><a href="#[5a]">&gt;&gt;</a>&nbsp;&nbsp;&nbsp;nrf_drv_twi_tx
<LI><a href="#[59]">&gt;&gt;</a>&nbsp;&nbsp;&nbsp;__aeabi_memcpy
</UL>
<BR>[Called By]<UL><LI><a href="#[56]">&gt;&gt;</a>&nbsp;&nbsp;&nbsp;adafruit_pn532_cmd_send
</UL>

<P><STRONG><a name="[53]"></a>adafruit_pn532_data_read</STRONG> (Thumb, 76 bytes, Stack size 16 bytes, adafruit_pn532.o(i.adafruit_pn532_data_read))
<BR><BR>[Stack]<UL><LI>Max Depth = 160<LI>Call Chain = adafruit_pn532_data_read &rArr; nrfx_twi_rx &rArr; nrfx_twi_xfer &rArr; twi_xfer &rArr; twi_tx_start_transfer &rArr; twi_transfer &rArr; nrf_twi_event_clear
</UL>
<BR>[Calls]<UL><LI><a href="#[5b]">&gt;&gt;</a>&nbsp;&nbsp;&nbsp;nrfx_twi_rx
<LI><a href="#[58]">&gt;&gt;</a>&nbsp;&nbsp;&nbsp;adafruit_pn532_waitready_ms
<LI><a href="#[59]">&gt;&gt;</a>&nbsp;&nbsp;&nbsp;__aeabi_memcpy
</UL>
<BR>[Called By]<UL><LI><a href="#[52]">&gt;&gt;</a>&nbsp;&nbsp;&nbsp;adafruit_pn532_ack_read
<LI><a href="#[68]">&gt;&gt;</a>&nbsp;&nbsp;&nbsp;adafruit_pn532_nfc_a_target_init
<LI><a href="#[66]">&gt;&gt;</a>&nbsp;&nbsp;&nbsp;adafruit_pn532_sam_config
<LI><a href="#[62]">&gt;&gt;</a>&nbsp;&nbsp;&nbsp;adafruit_pn532_in_data_exchange
<LI><a href="#[5e]">&gt;&gt;</a>&nbsp;&nbsp;&nbsp;adafruit_pn532_firmware_version_get
</UL>

<P><STRONG><a name="[5c]"></a>adafruit_pn532_field_off</STRONG> (Thumb, 6 bytes, Stack size 0 bytes, adafruit_pn532.o(i.adafruit_pn532_field_off))
<BR><BR>[Stack]<UL><LI>Max Depth = 216<LI>Call Chain = adafruit_pn532_field_off &rArr; adafruit_pn532_field_switch &rArr; adafruit_pn532_cmd_send &rArr; adafruit_pn532_command_write &rArr; nrf_drv_twi_tx &rArr; nrfx_twi_tx &rArr; nrfx_twi_xfer &rArr; twi_xfer &rArr; twi_tx_start_transfer &rArr; twi_transfer &rArr; nrf_twi_event_clear
</UL>
<BR>[Calls]<UL><LI><a href="#[5d]">&gt;&gt;</a>&nbsp;&nbsp;&nbsp;adafruit_pn532_field_switch
</UL>
<BR>[Called By]<UL><LI><a href="#[2f]">&gt;&gt;</a>&nbsp;&nbsp;&nbsp;main
<LI><a href="#[6a]">&gt;&gt;</a>&nbsp;&nbsp;&nbsp;after_read_delay
</UL>

<P><STRONG><a name="[5e]"></a>adafruit_pn532_firmware_version_get</STRONG> (Thumb, 74 bytes, Stack size 16 bytes, adafruit_pn532.o(i.adafruit_pn532_firmware_version_get))
<BR><BR>[Stack]<UL><LI>Max Depth = 224<LI>Call Chain = adafruit_pn532_firmware_version_get &rArr; adafruit_pn532_cmd_send &rArr; adafruit_pn532_command_write &rArr; nrf_drv_twi_tx &rArr; nrfx_twi_tx &rArr; nrfx_twi_xfer &rArr; twi_xfer &rArr; twi_tx_start_transfer &rArr; twi_transfer &rArr; nrf_twi_event_clear
</UL>
<BR>[Calls]<UL><LI><a href="#[56]">&gt;&gt;</a>&nbsp;&nbsp;&nbsp;adafruit_pn532_cmd_send
<LI><a href="#[53]">&gt;&gt;</a>&nbsp;&nbsp;&nbsp;adafruit_pn532_data_read
<LI><a href="#[55]">&gt;&gt;</a>&nbsp;&nbsp;&nbsp;memcmp
</UL>
<BR>[Called By]<UL><LI><a href="#[63]">&gt;&gt;</a>&nbsp;&nbsp;&nbsp;adafruit_pn532_init
</UL>

<P><STRONG><a name="[5f]"></a>adafruit_pn532_i2c_create</STRONG> (Thumb, 52 bytes, Stack size 24 bytes, adafruit_pn532.o(i.adafruit_pn532_i2c_create))
<BR><BR>[Stack]<UL><LI>Max Depth = 96<LI>Call Chain = adafruit_pn532_i2c_create &rArr; nrf_drv_twi_init &rArr; nrfx_twi_init &rArr; nrf_gpio_cfg
</UL>
<BR>[Calls]<UL><LI><a href="#[61]">&gt;&gt;</a>&nbsp;&nbsp;&nbsp;nrfx_twi_enable
<LI><a href="#[60]">&gt;&gt;</a>&nbsp;&nbsp;&nbsp;nrf_drv_twi_init
</UL>
<BR>[Called By]<UL><LI><a href="#[63]">&gt;&gt;</a>&nbsp;&nbsp;&nbsp;adafruit_pn532_init
</UL>

<P><STRONG><a name="[62]"></a>adafruit_pn532_in_data_exchange</STRONG> (Thumb, 188 bytes, Stack size 24 bytes, adafruit_pn532.o(i.adafruit_pn532_in_data_exchange))
<BR><BR>[Stack]<UL><LI>Max Depth = 232<LI>Call Chain = adafruit_pn532_in_data_exchange &rArr; adafruit_pn532_cmd_send &rArr; adafruit_pn532_command_write &rArr; nrf_drv_twi_tx &rArr; nrfx_twi_tx &rArr; nrfx_twi_xfer &rArr; twi_xfer &rArr; twi_tx_start_transfer &rArr; twi_transfer &rArr; nrf_twi_event_clear
</UL>
<BR>[Calls]<UL><LI><a href="#[56]">&gt;&gt;</a>&nbsp;&nbsp;&nbsp;adafruit_pn532_cmd_send
<LI><a href="#[58]">&gt;&gt;</a>&nbsp;&nbsp;&nbsp;adafruit_pn532_waitready_ms
<LI><a href="#[53]">&gt;&gt;</a>&nbsp;&nbsp;&nbsp;adafruit_pn532_data_read
<LI><a href="#[59]">&gt;&gt;</a>&nbsp;&nbsp;&nbsp;__aeabi_memcpy
</UL>
<BR>[Called By]<UL><LI><a href="#[69]">&gt;&gt;</a>&nbsp;&nbsp;&nbsp;adafruit_pn532_tag2_read
<LI><a href="#[9a]">&gt;&gt;</a>&nbsp;&nbsp;&nbsp;nfc_t4t_apdu_exchange
</UL>

<P><STRONG><a name="[63]"></a>adafruit_pn532_init</STRONG> (Thumb, 92 bytes, Stack size 16 bytes, adafruit_pn532.o(i.adafruit_pn532_init))
<BR><BR>[Stack]<UL><LI>Max Depth = 240<LI>Call Chain = adafruit_pn532_init &rArr; adafruit_pn532_firmware_version_get &rArr; adafruit_pn532_cmd_send &rArr; adafruit_pn532_command_write &rArr; nrf_drv_twi_tx &rArr; nrfx_twi_tx &rArr; nrfx_twi_xfer &rArr; twi_xfer &rArr; twi_tx_start_transfer &rArr; twi_transfer &rArr; nrf_twi_event_clear
</UL>
<BR>[Calls]<UL><LI><a href="#[64]">&gt;&gt;</a>&nbsp;&nbsp;&nbsp;nrf_gpio_cfg_input
<LI><a href="#[65]">&gt;&gt;</a>&nbsp;&nbsp;&nbsp;nrf_delay_ms
<LI><a href="#[66]">&gt;&gt;</a>&nbsp;&nbsp;&nbsp;adafruit_pn532_sam_config
<LI><a href="#[67]">&gt;&gt;</a>&nbsp;&nbsp;&nbsp;adafruit_pn532_passive_activation_retries_set
<LI><a href="#[5f]">&gt;&gt;</a>&nbsp;&nbsp;&nbsp;adafruit_pn532_i2c_create
<LI><a href="#[5e]">&gt;&gt;</a>&nbsp;&nbsp;&nbsp;adafruit_pn532_firmware_version_get
</UL>
<BR>[Called By]<UL><LI><a href="#[2f]">&gt;&gt;</a>&nbsp;&nbsp;&nbsp;main
</UL>

<P><STRONG><a name="[54]"></a>adafruit_pn532_is_ready</STRONG> (Thumb, 28 bytes, Stack size 0 bytes, adafruit_pn532.o(i.adafruit_pn532_is_ready))
<BR><BR>[Called By]<UL><LI><a href="#[52]">&gt;&gt;</a>&nbsp;&nbsp;&nbsp;adafruit_pn532_ack_read
<LI><a href="#[58]">&gt;&gt;</a>&nbsp;&nbsp;&nbsp;adafruit_pn532_waitready_ms
</UL>

<P><STRONG><a name="[68]"></a>adafruit_pn532_nfc_a_target_init</STRONG> (Thumb, 126 bytes, Stack size 16 bytes, adafruit_pn532.o(i.adafruit_pn532_nfc_a_target_init))
<BR><BR>[Stack]<UL><LI>Max Depth = 224<LI>Call Chain = adafruit_pn532_nfc_a_target_init &rArr; adafruit_pn532_cmd_send &rArr; adafruit_pn532_command_write &rArr; nrf_drv_twi_tx &rArr; nrfx_twi_tx &rArr; nrfx_twi_xfer &rArr; twi_xfer &rArr; twi_tx_start_transfer &rArr; twi_transfer &rArr; nrf_twi_event_clear
</UL>
<BR>[Calls]<UL><LI><a href="#[56]">&gt;&gt;</a>&nbsp;&nbsp;&nbsp;adafruit_pn532_cmd_send
<LI><a href="#[58]">&gt;&gt;</a>&nbsp;&nbsp;&nbsp;adafruit_pn532_waitready_ms
<LI><a href="#[53]">&gt;&gt;</a>&nbsp;&nbsp;&nbsp;adafruit_pn532_data_read
<LI><a href="#[59]">&gt;&gt;</a>&nbsp;&nbsp;&nbsp;__aeabi_memcpy
</UL>
<BR>[Called By]<UL><LI><a href="#[90]">&gt;&gt;</a>&nbsp;&nbsp;&nbsp;tag_detect_and_read
</UL>

<P><STRONG><a name="[67]"></a>adafruit_pn532_passive_activation_retries_set</STRONG> (Thumb, 32 bytes, Stack size 0 bytes, adafruit_pn532.o(i.adafruit_pn532_passive_activation_retries_set))
<BR><BR>[Stack]<UL><LI>Max Depth = 208<LI>Call Chain = adafruit_pn532_passive_activation_retries_set &rArr; adafruit_pn532_cmd_send &rArr; adafruit_pn532_command_write &rArr; nrf_drv_twi_tx &rArr; nrfx_twi_tx &rArr; nrfx_twi_xfer &rArr; twi_xfer &rArr; twi_tx_start_transfer &rArr; twi_transfer &rArr; nrf_twi_event_clear
</UL>
<BR>[Calls]<UL><LI><a href="#[56]">&gt;&gt;</a>&nbsp;&nbsp;&nbsp;adafruit_pn532_cmd_send
</UL>
<BR>[Called By]<UL><LI><a href="#[63]">&gt;&gt;</a>&nbsp;&nbsp;&nbsp;adafruit_pn532_init
</UL>

<P><STRONG><a name="[66]"></a>adafruit_pn532_sam_config</STRONG> (Thumb, 78 bytes, Stack size 8 bytes, adafruit_pn532.o(i.adafruit_pn532_sam_config))
<BR><BR>[Stack]<UL><LI>Max Depth = 216<LI>Call Chain = adafruit_pn532_sam_config &rArr; adafruit_pn532_cmd_send &rArr; adafruit_pn532_command_write &rArr; nrf_drv_twi_tx &rArr; nrfx_twi_tx &rArr; nrfx_twi_xfer &rArr; twi_xfer &rArr; twi_tx_start_transfer &rArr; twi_transfer &rArr; nrf_twi_event_clear
</UL>
<BR>[Calls]<UL><LI><a href="#[56]">&gt;&gt;</a>&nbsp;&nbsp;&nbsp;adafruit_pn532_cmd_send
<LI><a href="#[53]">&gt;&gt;</a>&nbsp;&nbsp;&nbsp;adafruit_pn532_data_read
</UL>
<BR>[Called By]<UL><LI><a href="#[63]">&gt;&gt;</a>&nbsp;&nbsp;&nbsp;adafruit_pn532_init
</UL>

<P><STRONG><a name="[69]"></a>adafruit_pn532_tag2_read</STRONG> (Thumb, 32 bytes, Stack size 16 bytes, adafruit_pn532.o(i.adafruit_pn532_tag2_read))
<BR><BR>[Stack]<UL><LI>Max Depth = 248<LI>Call Chain = adafruit_pn532_tag2_read &rArr; adafruit_pn532_in_data_exchange &rArr; adafruit_pn532_cmd_send &rArr; adafruit_pn532_command_write &rArr; nrf_drv_twi_tx &rArr; nrfx_twi_tx &rArr; nrfx_twi_xfer &rArr; twi_xfer &rArr; twi_tx_start_transfer &rArr; twi_transfer &rArr; nrf_twi_event_clear
</UL>
<BR>[Calls]<UL><LI><a href="#[62]">&gt;&gt;</a>&nbsp;&nbsp;&nbsp;adafruit_pn532_in_data_exchange
</UL>
<BR>[Called By]<UL><LI><a href="#[fb]">&gt;&gt;</a>&nbsp;&nbsp;&nbsp;t2t_data_read
</UL>

<P><STRONG><a name="[fe]"></a>adafruit_pn532_tag_info_printout</STRONG> (Thumb, 2 bytes, Stack size 0 bytes, adafruit_pn532.o(i.adafruit_pn532_tag_info_printout))
<BR><BR>[Called By]<UL><LI><a href="#[90]">&gt;&gt;</a>&nbsp;&nbsp;&nbsp;tag_detect_and_read
</UL>

<P><STRONG><a name="[58]"></a>adafruit_pn532_waitready_ms</STRONG> (Thumb, 32 bytes, Stack size 16 bytes, adafruit_pn532.o(i.adafruit_pn532_waitready_ms))
<BR><BR>[Stack]<UL><LI>Max Depth = 40<LI>Call Chain = adafruit_pn532_waitready_ms &rArr; nrf_delay_ms
</UL>
<BR>[Calls]<UL><LI><a href="#[65]">&gt;&gt;</a>&nbsp;&nbsp;&nbsp;nrf_delay_ms
<LI><a href="#[54]">&gt;&gt;</a>&nbsp;&nbsp;&nbsp;adafruit_pn532_is_ready
</UL>
<BR>[Called By]<UL><LI><a href="#[56]">&gt;&gt;</a>&nbsp;&nbsp;&nbsp;adafruit_pn532_cmd_send
<LI><a href="#[5d]">&gt;&gt;</a>&nbsp;&nbsp;&nbsp;adafruit_pn532_field_switch
<LI><a href="#[68]">&gt;&gt;</a>&nbsp;&nbsp;&nbsp;adafruit_pn532_nfc_a_target_init
<LI><a href="#[62]">&gt;&gt;</a>&nbsp;&nbsp;&nbsp;adafruit_pn532_in_data_exchange
<LI><a href="#[53]">&gt;&gt;</a>&nbsp;&nbsp;&nbsp;adafruit_pn532_data_read
</UL>

<P><STRONG><a name="[6a]"></a>after_read_delay</STRONG> (Thumb, 42 bytes, Stack size 24 bytes, main.o(i.after_read_delay))
<BR><BR>[Stack]<UL><LI>Max Depth = 280<LI>Call Chain = after_read_delay &rArr; app_error_handler &rArr; app_error_fault_handler &rArr; nrf_log_frontend_std_5 &rArr; std_n &rArr; nrf_log_frontend_dequeue &rArr; nrf_memobj_alloc &rArr; nrf_memobj_free &rArr; nrf_balloc_free
</UL>
<BR>[Calls]<UL><LI><a href="#[40]">&gt;&gt;</a>&nbsp;&nbsp;&nbsp;app_error_handler
<LI><a href="#[5c]">&gt;&gt;</a>&nbsp;&nbsp;&nbsp;adafruit_pn532_field_off
</UL>
<BR>[Called By]<UL><LI><a href="#[2f]">&gt;&gt;</a>&nbsp;&nbsp;&nbsp;main
</UL>

<P><STRONG><a name="[41]"></a>app_error_fault_handler</STRONG> (Thumb, 142 bytes, Stack size 32 bytes, app_error_weak.o(i.app_error_fault_handler))
<BR><BR>[Stack]<UL><LI>Max Depth = 256<LI>Call Chain = app_error_fault_handler &rArr; nrf_log_frontend_std_5 &rArr; std_n &rArr; nrf_log_frontend_dequeue &rArr; nrf_memobj_alloc &rArr; nrf_memobj_free &rArr; nrf_balloc_free
</UL>
<BR>[Calls]<UL><LI><a href="#[6c]">&gt;&gt;</a>&nbsp;&nbsp;&nbsp;nrf_log_frontend_std_2
<LI><a href="#[4c]">&gt;&gt;</a>&nbsp;&nbsp;&nbsp;nrf_log_frontend_std_1
<LI><a href="#[4f]">&gt;&gt;</a>&nbsp;&nbsp;&nbsp;nrf_log_frontend_std_0
<LI><a href="#[4b]">&gt;&gt;</a>&nbsp;&nbsp;&nbsp;nrf_log_frontend_dequeue
<LI><a href="#[6d]">&gt;&gt;</a>&nbsp;&nbsp;&nbsp;nrf_strerror_get
<LI><a href="#[4a]">&gt;&gt;</a>&nbsp;&nbsp;&nbsp;nrf_log_panic
<LI><a href="#[6e]">&gt;&gt;</a>&nbsp;&nbsp;&nbsp;nrf_log_frontend_std_5
<LI><a href="#[6b]">&gt;&gt;</a>&nbsp;&nbsp;&nbsp;app_error_save_and_stop
</UL>
<BR>[Called By]<UL><LI><a href="#[40]">&gt;&gt;</a>&nbsp;&nbsp;&nbsp;app_error_handler
</UL>

<P><STRONG><a name="[6b]"></a>app_error_save_and_stop</STRONG> (Thumb, 96 bytes, Stack size 8 bytes, app_error.o(i.app_error_save_and_stop))
<BR><BR>[Stack]<UL><LI>Max Depth = 8<LI>Call Chain = app_error_save_and_stop
</UL>
<BR>[Called By]<UL><LI><a href="#[41]">&gt;&gt;</a>&nbsp;&nbsp;&nbsp;app_error_fault_handler
</UL>

<P><STRONG><a name="[6f]"></a>app_util_critical_region_enter</STRONG> (Thumb, 4 bytes, Stack size 0 bytes, app_util_platform.o(i.app_util_critical_region_enter))
<BR><BR>[Calls]<UL><LI><a href="#[70]">&gt;&gt;</a>&nbsp;&nbsp;&nbsp;app_util_disable_irq
</UL>
<BR>[Called By]<UL><LI><a href="#[4b]">&gt;&gt;</a>&nbsp;&nbsp;&nbsp;nrf_log_frontend_dequeue
<LI><a href="#[e1]">&gt;&gt;</a>&nbsp;&nbsp;&nbsp;nrfx_prs_acquire
<LI><a href="#[b9]">&gt;&gt;</a>&nbsp;&nbsp;&nbsp;nrf_balloc_free
<LI><a href="#[b8]">&gt;&gt;</a>&nbsp;&nbsp;&nbsp;nrf_balloc_alloc
<LI><a href="#[7e]">&gt;&gt;</a>&nbsp;&nbsp;&nbsp;buf_prealloc
</UL>

<P><STRONG><a name="[71]"></a>app_util_critical_region_exit</STRONG> (Thumb, 4 bytes, Stack size 0 bytes, app_util_platform.o(i.app_util_critical_region_exit))
<BR><BR>[Calls]<UL><LI><a href="#[72]">&gt;&gt;</a>&nbsp;&nbsp;&nbsp;app_util_enable_irq
</UL>
<BR>[Called By]<UL><LI><a href="#[4b]">&gt;&gt;</a>&nbsp;&nbsp;&nbsp;nrf_log_frontend_dequeue
<LI><a href="#[e1]">&gt;&gt;</a>&nbsp;&nbsp;&nbsp;nrfx_prs_acquire
<LI><a href="#[b9]">&gt;&gt;</a>&nbsp;&nbsp;&nbsp;nrf_balloc_free
<LI><a href="#[b8]">&gt;&gt;</a>&nbsp;&nbsp;&nbsp;nrf_balloc_alloc
<LI><a href="#[7e]">&gt;&gt;</a>&nbsp;&nbsp;&nbsp;buf_prealloc
</UL>

<P><STRONG><a name="[70]"></a>app_util_disable_irq</STRONG> (Thumb, 12 bytes, Stack size 0 bytes, app_util_platform.o(i.app_util_disable_irq))
<BR><BR>[Called By]<UL><LI><a href="#[6f]">&gt;&gt;</a>&nbsp;&nbsp;&nbsp;app_util_critical_region_enter
</UL>

<P><STRONG><a name="[72]"></a>app_util_enable_irq</STRONG> (Thumb, 14 bytes, Stack size 0 bytes, app_util_platform.o(i.app_util_enable_irq))
<BR><BR>[Called By]<UL><LI><a href="#[71]">&gt;&gt;</a>&nbsp;&nbsp;&nbsp;app_util_critical_region_exit
</UL>

<P><STRONG><a name="[79]"></a>bsp_board_init</STRONG> (Thumb, 80 bytes, Stack size 32 bytes, boards.o(i.bsp_board_init))
<BR><BR>[Stack]<UL><LI>Max Depth = 48<LI>Call Chain = bsp_board_init &rArr; nrf_gpio_cfg
</UL>
<BR>[Calls]<UL><LI><a href="#[7b]">&gt;&gt;</a>&nbsp;&nbsp;&nbsp;bsp_board_leds_off
<LI><a href="#[7a]">&gt;&gt;</a>&nbsp;&nbsp;&nbsp;nrf_gpio_cfg
</UL>
<BR>[Called By]<UL><LI><a href="#[8f]">&gt;&gt;</a>&nbsp;&nbsp;&nbsp;utils_setup
</UL>

<P><STRONG><a name="[7c]"></a>bsp_board_led_off</STRONG> (Thumb, 10 bytes, Stack size 0 bytes, boards.o(i.bsp_board_led_off))
<BR><BR>[Calls]<UL><LI><a href="#[7d]">&gt;&gt;</a>&nbsp;&nbsp;&nbsp;nrf_gpio_pin_write
</UL>
<BR>[Called By]<UL><LI><a href="#[7b]">&gt;&gt;</a>&nbsp;&nbsp;&nbsp;bsp_board_leds_off
</UL>

<P><STRONG><a name="[7b]"></a>bsp_board_leds_off</STRONG> (Thumb, 18 bytes, Stack size 8 bytes, boards.o(i.bsp_board_leds_off))
<BR><BR>[Stack]<UL><LI>Max Depth = 8<LI>Call Chain = bsp_board_leds_off
</UL>
<BR>[Calls]<UL><LI><a href="#[7c]">&gt;&gt;</a>&nbsp;&nbsp;&nbsp;bsp_board_led_off
</UL>
<BR>[Called By]<UL><LI><a href="#[79]">&gt;&gt;</a>&nbsp;&nbsp;&nbsp;bsp_board_init
</UL>

<P><STRONG><a name="[d3]"></a>buffer_is_empty</STRONG> (Thumb, 18 bytes, Stack size 0 bytes, nrf_log_frontend.o(i.buffer_is_empty))
<BR><BR>[Called By]<UL><LI><a href="#[4b]">&gt;&gt;</a>&nbsp;&nbsp;&nbsp;nrf_log_frontend_dequeue
</UL>

<P><STRONG><a name="[87]"></a>internal_ndef_msg_parser</STRONG> (Thumb, 140 bytes, Stack size 40 bytes, nfc_ndef_msg_parser_local.o(i.internal_ndef_msg_parser))
<BR><BR>[Stack]<UL><LI>Max Depth = 60<LI>Call Chain = internal_ndef_msg_parser &rArr; ndef_record_parser
</UL>
<BR>[Calls]<UL><LI><a href="#[89]">&gt;&gt;</a>&nbsp;&nbsp;&nbsp;nfc_ndef_msg_record_add
<LI><a href="#[88]">&gt;&gt;</a>&nbsp;&nbsp;&nbsp;ndef_record_parser
</UL>
<BR>[Called By]<UL><LI><a href="#[95]">&gt;&gt;</a>&nbsp;&nbsp;&nbsp;ndef_msg_parser
</UL>

<P><STRONG><a name="[2f]"></a>main</STRONG> (Thumb, 116 bytes, Stack size 0 bytes, main.o(i.main))
<BR><BR>[Stack]<UL><LI>Max Depth = 664<LI>Call Chain = main &rArr; tag_detect_and_read &rArr; t4t_data_read_and_analyze &rArr; ndef_data_analyze &rArr; ndef_msg_printout &rArr; ndef_record_printout &rArr; nrf_log_frontend_std_1 &rArr; std_n &rArr; nrf_log_frontend_dequeue &rArr; nrf_memobj_alloc &rArr; nrf_memobj_free &rArr; nrf_balloc_free
</UL>
<BR>[Calls]<UL><LI><a href="#[4f]">&gt;&gt;</a>&nbsp;&nbsp;&nbsp;nrf_log_frontend_std_0
<LI><a href="#[4b]">&gt;&gt;</a>&nbsp;&nbsp;&nbsp;nrf_log_frontend_dequeue
<LI><a href="#[40]">&gt;&gt;</a>&nbsp;&nbsp;&nbsp;app_error_handler
<LI><a href="#[63]">&gt;&gt;</a>&nbsp;&nbsp;&nbsp;adafruit_pn532_init
<LI><a href="#[5c]">&gt;&gt;</a>&nbsp;&nbsp;&nbsp;adafruit_pn532_field_off
<LI><a href="#[8f]">&gt;&gt;</a>&nbsp;&nbsp;&nbsp;utils_setup
<LI><a href="#[90]">&gt;&gt;</a>&nbsp;&nbsp;&nbsp;tag_detect_and_read
<LI><a href="#[6a]">&gt;&gt;</a>&nbsp;&nbsp;&nbsp;after_read_delay
</UL>
<BR>[Address Reference Count : 1]<UL><LI> entry9a.o(.ARM.Collect$$$$0000000B)
</UL>
<P><STRONG><a name="[94]"></a>ndef_data_analyze</STRONG> (Thumb, 54 bytes, Stack size 392 bytes, main.o(i.ndef_data_analyze))
<BR><BR>[Stack]<UL><LI>Max Depth = 616<LI>Call Chain = ndef_data_analyze &rArr; ndef_msg_printout &rArr; ndef_record_printout &rArr; nrf_log_frontend_std_1 &rArr; std_n &rArr; nrf_log_frontend_dequeue &rArr; nrf_memobj_alloc &rArr; nrf_memobj_free &rArr; nrf_balloc_free
</UL>
<BR>[Calls]<UL><LI><a href="#[4f]">&gt;&gt;</a>&nbsp;&nbsp;&nbsp;nrf_log_frontend_std_0
<LI><a href="#[96]">&gt;&gt;</a>&nbsp;&nbsp;&nbsp;ndef_msg_printout
<LI><a href="#[95]">&gt;&gt;</a>&nbsp;&nbsp;&nbsp;ndef_msg_parser
</UL>
<BR>[Called By]<UL><LI><a href="#[fd]">&gt;&gt;</a>&nbsp;&nbsp;&nbsp;t4t_data_read_and_analyze
<LI><a href="#[f8]">&gt;&gt;</a>&nbsp;&nbsp;&nbsp;t2t_data_analyze
</UL>

<P><STRONG><a name="[95]"></a>ndef_msg_parser</STRONG> (Thumb, 28 bytes, Stack size 24 bytes, nfc_ndef_msg_parser.o(i.ndef_msg_parser))
<BR><BR>[Stack]<UL><LI>Max Depth = 84<LI>Call Chain = ndef_msg_parser &rArr; internal_ndef_msg_parser &rArr; ndef_record_parser
</UL>
<BR>[Calls]<UL><LI><a href="#[97]">&gt;&gt;</a>&nbsp;&nbsp;&nbsp;ndef_parser_memo_resolve
<LI><a href="#[87]">&gt;&gt;</a>&nbsp;&nbsp;&nbsp;internal_ndef_msg_parser
</UL>
<BR>[Called By]<UL><LI><a href="#[94]">&gt;&gt;</a>&nbsp;&nbsp;&nbsp;ndef_data_analyze
</UL>

<P><STRONG><a name="[96]"></a>ndef_msg_printout</STRONG> (Thumb, 52 bytes, Stack size 16 bytes, nfc_ndef_msg_parser.o(i.ndef_msg_printout))
<BR><BR>[Stack]<UL><LI>Max Depth = 224<LI>Call Chain = ndef_msg_printout &rArr; ndef_record_printout &rArr; nrf_log_frontend_std_1 &rArr; std_n &rArr; nrf_log_frontend_dequeue &rArr; nrf_memobj_alloc &rArr; nrf_memobj_free &rArr; nrf_balloc_free
</UL>
<BR>[Calls]<UL><LI><a href="#[4c]">&gt;&gt;</a>&nbsp;&nbsp;&nbsp;nrf_log_frontend_std_1
<LI><a href="#[98]">&gt;&gt;</a>&nbsp;&nbsp;&nbsp;ndef_record_printout
</UL>
<BR>[Called By]<UL><LI><a href="#[94]">&gt;&gt;</a>&nbsp;&nbsp;&nbsp;ndef_data_analyze
</UL>

<P><STRONG><a name="[97]"></a>ndef_parser_memo_resolve</STRONG> (Thumb, 70 bytes, Stack size 12 bytes, nfc_ndef_msg_parser_local.o(i.ndef_parser_memo_resolve))
<BR><BR>[Stack]<UL><LI>Max Depth = 12<LI>Call Chain = ndef_parser_memo_resolve
</UL>
<BR>[Called By]<UL><LI><a href="#[95]">&gt;&gt;</a>&nbsp;&nbsp;&nbsp;ndef_msg_parser
</UL>

<P><STRONG><a name="[88]"></a>ndef_record_parser</STRONG> (Thumb, 178 bytes, Stack size 20 bytes, nfc_ndef_record_parser.o(i.ndef_record_parser))
<BR><BR>[Stack]<UL><LI>Max Depth = 20<LI>Call Chain = ndef_record_parser
</UL>
<BR>[Called By]<UL><LI><a href="#[87]">&gt;&gt;</a>&nbsp;&nbsp;&nbsp;internal_ndef_msg_parser
</UL>

<P><STRONG><a name="[98]"></a>ndef_record_printout</STRONG> (Thumb, 130 bytes, Stack size 16 bytes, nfc_ndef_record_parser.o(i.ndef_record_printout))
<BR><BR>[Stack]<UL><LI>Max Depth = 208<LI>Call Chain = ndef_record_printout &rArr; nrf_log_frontend_std_1 &rArr; std_n &rArr; nrf_log_frontend_dequeue &rArr; nrf_memobj_alloc &rArr; nrf_memobj_free &rArr; nrf_balloc_free
</UL>
<BR>[Calls]<UL><LI><a href="#[4c]">&gt;&gt;</a>&nbsp;&nbsp;&nbsp;nrf_log_frontend_std_1
<LI><a href="#[4f]">&gt;&gt;</a>&nbsp;&nbsp;&nbsp;nrf_log_frontend_std_0
<LI><a href="#[99]">&gt;&gt;</a>&nbsp;&nbsp;&nbsp;nrf_log_frontend_hexdump
</UL>
<BR>[Called By]<UL><LI><a href="#[96]">&gt;&gt;</a>&nbsp;&nbsp;&nbsp;ndef_msg_printout
</UL>

<P><STRONG><a name="[33]"></a>nfc_ndef_bin_payload_memcopy</STRONG> (Thumb, 38 bytes, Stack size 16 bytes, nfc_ndef_record.o(i.nfc_ndef_bin_payload_memcopy))
<BR><BR>[Stack]<UL><LI>Max Depth = 16<LI>Call Chain = nfc_ndef_bin_payload_memcopy
</UL>
<BR>[Calls]<UL><LI><a href="#[59]">&gt;&gt;</a>&nbsp;&nbsp;&nbsp;__aeabi_memcpy
</UL>
<BR>[Address Reference Count : 2]<UL><LI> nfc_ndef_record_parser.o(i.ndef_record_parser)
<LI> nfc_ndef_record_parser.o(i.ndef_record_printout)
</UL>
<P><STRONG><a name="[89]"></a>nfc_ndef_msg_record_add</STRONG> (Thumb, 28 bytes, Stack size 0 bytes, nfc_ndef_msg.o(i.nfc_ndef_msg_record_add))
<BR><BR>[Called By]<UL><LI><a href="#[87]">&gt;&gt;</a>&nbsp;&nbsp;&nbsp;internal_ndef_msg_parser
</UL>

<P><STRONG><a name="[9e]"></a>nfc_t4t_cc_file_parse</STRONG> (Thumb, 206 bytes, Stack size 64 bytes, nfc_t4t_cc_file.o(i.nfc_t4t_cc_file_parse))
<BR><BR>[Stack]<UL><LI>Max Depth = 88<LI>Call Chain = nfc_t4t_cc_file_parse &rArr; nfc_t4t_file_control_tlv_parse &rArr; nfc_t4t_file_control_value_parse
</UL>
<BR>[Calls]<UL><LI><a href="#[9f]">&gt;&gt;</a>&nbsp;&nbsp;&nbsp;nfc_t4t_file_control_tlv_parse
<LI><a href="#[a0]">&gt;&gt;</a>&nbsp;&nbsp;&nbsp;__aeabi_memcpy4
</UL>
<BR>[Called By]<UL><LI><a href="#[a3]">&gt;&gt;</a>&nbsp;&nbsp;&nbsp;nfc_t4t_cc_read
</UL>

<P><STRONG><a name="[a1]"></a>nfc_t4t_cc_file_printout</STRONG> (Thumb, 112 bytes, Stack size 16 bytes, nfc_t4t_cc_file.o(i.nfc_t4t_cc_file_printout))
<BR><BR>[Stack]<UL><LI>Max Depth = 224<LI>Call Chain = nfc_t4t_cc_file_printout &rArr; nfc_t4t_file_control_tlv_printout &rArr; nrf_log_frontend_std_1 &rArr; std_n &rArr; nrf_log_frontend_dequeue &rArr; nrf_memobj_alloc &rArr; nrf_memobj_free &rArr; nrf_balloc_free
</UL>
<BR>[Calls]<UL><LI><a href="#[6c]">&gt;&gt;</a>&nbsp;&nbsp;&nbsp;nrf_log_frontend_std_2
<LI><a href="#[4c]">&gt;&gt;</a>&nbsp;&nbsp;&nbsp;nrf_log_frontend_std_1
<LI><a href="#[4f]">&gt;&gt;</a>&nbsp;&nbsp;&nbsp;nrf_log_frontend_std_0
<LI><a href="#[a2]">&gt;&gt;</a>&nbsp;&nbsp;&nbsp;nfc_t4t_file_control_tlv_printout
</UL>
<BR>[Called By]<UL><LI><a href="#[fd]">&gt;&gt;</a>&nbsp;&nbsp;&nbsp;t4t_data_read_and_analyze
</UL>

<P><STRONG><a name="[a3]"></a>nfc_t4t_cc_read</STRONG> (Thumb, 204 bytes, Stack size 368 bytes, nfc_t4t_hl_detection_procedures.o(i.nfc_t4t_cc_read))
<BR><BR>[Stack]<UL><LI>Max Depth = 456<LI>Call Chain = nfc_t4t_cc_read &rArr; nfc_t4t_cc_file_parse &rArr; nfc_t4t_file_control_tlv_parse &rArr; nfc_t4t_file_control_value_parse
</UL>
<BR>[Calls]<UL><LI><a href="#[4f]">&gt;&gt;</a>&nbsp;&nbsp;&nbsp;nrf_log_frontend_std_0
<LI><a href="#[a7]">&gt;&gt;</a>&nbsp;&nbsp;&nbsp;nfc_t4t_file_len_update
<LI><a href="#[a6]">&gt;&gt;</a>&nbsp;&nbsp;&nbsp;nfc_t4t_file_chunk_save
<LI><a href="#[a4]">&gt;&gt;</a>&nbsp;&nbsp;&nbsp;nfc_t4t_comm_apdu_clear
<LI><a href="#[a5]">&gt;&gt;</a>&nbsp;&nbsp;&nbsp;nfc_t4t_apdu_default_exchange
<LI><a href="#[9e]">&gt;&gt;</a>&nbsp;&nbsp;&nbsp;nfc_t4t_cc_file_parse
</UL>
<BR>[Called By]<UL><LI><a href="#[fd]">&gt;&gt;</a>&nbsp;&nbsp;&nbsp;t4t_data_read_and_analyze
</UL>

<P><STRONG><a name="[a8]"></a>nfc_t4t_cc_select</STRONG> (Thumb, 34 bytes, Stack size 8 bytes, nfc_t4t_hl_detection_procedures.o(i.nfc_t4t_cc_select))
<BR><BR>[Stack]<UL><LI>Max Depth = 504<LI>Call Chain = nfc_t4t_cc_select &rArr; nfc_t4t_file_select &rArr; nrf_log_frontend_std_1 &rArr; std_n &rArr; nrf_log_frontend_dequeue &rArr; nrf_memobj_alloc &rArr; nrf_memobj_free &rArr; nrf_balloc_free
</UL>
<BR>[Calls]<UL><LI><a href="#[4f]">&gt;&gt;</a>&nbsp;&nbsp;&nbsp;nrf_log_frontend_std_0
<LI><a href="#[a9]">&gt;&gt;</a>&nbsp;&nbsp;&nbsp;nfc_t4t_file_select
</UL>
<BR>[Called By]<UL><LI><a href="#[fd]">&gt;&gt;</a>&nbsp;&nbsp;&nbsp;t4t_data_read_and_analyze
</UL>

<P><STRONG><a name="[9b]"></a>nfc_t4t_comm_apdu_encode</STRONG> (Thumb, 198 bytes, Stack size 24 bytes, nfc_t4t_apdu.o(i.nfc_t4t_comm_apdu_encode))
<BR><BR>[Stack]<UL><LI>Max Depth = 24<LI>Call Chain = nfc_t4t_comm_apdu_encode
</UL>
<BR>[Calls]<UL><LI><a href="#[59]">&gt;&gt;</a>&nbsp;&nbsp;&nbsp;__aeabi_memcpy
</UL>
<BR>[Called By]<UL><LI><a href="#[9a]">&gt;&gt;</a>&nbsp;&nbsp;&nbsp;nfc_t4t_apdu_exchange
</UL>

<P><STRONG><a name="[ab]"></a>nfc_t4t_file_content_get</STRONG> (Thumb, 48 bytes, Stack size 8 bytes, nfc_t4t_cc_file.o(i.nfc_t4t_file_content_get))
<BR><BR>[Stack]<UL><LI>Max Depth = 8<LI>Call Chain = nfc_t4t_file_content_get
</UL>
<BR>[Called By]<UL><LI><a href="#[aa]">&gt;&gt;</a>&nbsp;&nbsp;&nbsp;nfc_t4t_file_content_set
</UL>

<P><STRONG><a name="[aa]"></a>nfc_t4t_file_content_set</STRONG> (Thumb, 26 bytes, Stack size 12 bytes, nfc_t4t_cc_file.o(i.nfc_t4t_file_content_set))
<BR><BR>[Stack]<UL><LI>Max Depth = 20<LI>Call Chain = nfc_t4t_file_content_set &rArr; nfc_t4t_file_content_get
</UL>
<BR>[Calls]<UL><LI><a href="#[ab]">&gt;&gt;</a>&nbsp;&nbsp;&nbsp;nfc_t4t_file_content_get
</UL>
<BR>[Called By]<UL><LI><a href="#[ae]">&gt;&gt;</a>&nbsp;&nbsp;&nbsp;nfc_t4t_ndef_read
</UL>

<P><STRONG><a name="[9f]"></a>nfc_t4t_file_control_tlv_parse</STRONG> (Thumb, 122 bytes, Stack size 16 bytes, nfc_t4t_tlv_block.o(i.nfc_t4t_file_control_tlv_parse))
<BR><BR>[Stack]<UL><LI>Max Depth = 24<LI>Call Chain = nfc_t4t_file_control_tlv_parse &rArr; nfc_t4t_file_control_value_parse
</UL>
<BR>[Calls]<UL><LI><a href="#[ad]">&gt;&gt;</a>&nbsp;&nbsp;&nbsp;nfc_t4t_file_control_value_parse
<LI><a href="#[ac]">&gt;&gt;</a>&nbsp;&nbsp;&nbsp;__aeabi_memclr4
</UL>
<BR>[Called By]<UL><LI><a href="#[9e]">&gt;&gt;</a>&nbsp;&nbsp;&nbsp;nfc_t4t_cc_file_parse
</UL>

<P><STRONG><a name="[a2]"></a>nfc_t4t_file_control_tlv_printout</STRONG> (Thumb, 156 bytes, Stack size 16 bytes, nfc_t4t_tlv_block.o(i.nfc_t4t_file_control_tlv_printout))
<BR><BR>[Stack]<UL><LI>Max Depth = 208<LI>Call Chain = nfc_t4t_file_control_tlv_printout &rArr; nrf_log_frontend_std_1 &rArr; std_n &rArr; nrf_log_frontend_dequeue &rArr; nrf_memobj_alloc &rArr; nrf_memobj_free &rArr; nrf_balloc_free
</UL>
<BR>[Calls]<UL><LI><a href="#[4c]">&gt;&gt;</a>&nbsp;&nbsp;&nbsp;nrf_log_frontend_std_1
<LI><a href="#[4f]">&gt;&gt;</a>&nbsp;&nbsp;&nbsp;nrf_log_frontend_std_0
<LI><a href="#[99]">&gt;&gt;</a>&nbsp;&nbsp;&nbsp;nrf_log_frontend_hexdump
</UL>
<BR>[Called By]<UL><LI><a href="#[a1]">&gt;&gt;</a>&nbsp;&nbsp;&nbsp;nfc_t4t_cc_file_printout
</UL>

<P><STRONG><a name="[a9]"></a>nfc_t4t_file_select</STRONG> (Thumb, 102 bytes, Stack size 304 bytes, nfc_t4t_hl_detection_procedures.o(i.nfc_t4t_file_select))
<BR><BR>[Stack]<UL><LI>Max Depth = 496<LI>Call Chain = nfc_t4t_file_select &rArr; nrf_log_frontend_std_1 &rArr; std_n &rArr; nrf_log_frontend_dequeue &rArr; nrf_memobj_alloc &rArr; nrf_memobj_free &rArr; nrf_balloc_free
</UL>
<BR>[Calls]<UL><LI><a href="#[4c]">&gt;&gt;</a>&nbsp;&nbsp;&nbsp;nrf_log_frontend_std_1
<LI><a href="#[4f]">&gt;&gt;</a>&nbsp;&nbsp;&nbsp;nrf_log_frontend_std_0
<LI><a href="#[a4]">&gt;&gt;</a>&nbsp;&nbsp;&nbsp;nfc_t4t_comm_apdu_clear
<LI><a href="#[a5]">&gt;&gt;</a>&nbsp;&nbsp;&nbsp;nfc_t4t_apdu_default_exchange
</UL>
<BR>[Called By]<UL><LI><a href="#[a8]">&gt;&gt;</a>&nbsp;&nbsp;&nbsp;nfc_t4t_cc_select
<LI><a href="#[fd]">&gt;&gt;</a>&nbsp;&nbsp;&nbsp;t4t_data_read_and_analyze
</UL>

<P><STRONG><a name="[ae]"></a>nfc_t4t_ndef_read</STRONG> (Thumb, 236 bytes, Stack size 320 bytes, nfc_t4t_hl_detection_procedures.o(i.nfc_t4t_ndef_read))
<BR><BR>[Stack]<UL><LI>Max Depth = 344<LI>Call Chain = nfc_t4t_ndef_read &rArr; nfc_t4t_file_chunk_save
</UL>
<BR>[Calls]<UL><LI><a href="#[4f]">&gt;&gt;</a>&nbsp;&nbsp;&nbsp;nrf_log_frontend_std_0
<LI><a href="#[a7]">&gt;&gt;</a>&nbsp;&nbsp;&nbsp;nfc_t4t_file_len_update
<LI><a href="#[a6]">&gt;&gt;</a>&nbsp;&nbsp;&nbsp;nfc_t4t_file_chunk_save
<LI><a href="#[a4]">&gt;&gt;</a>&nbsp;&nbsp;&nbsp;nfc_t4t_comm_apdu_clear
<LI><a href="#[a5]">&gt;&gt;</a>&nbsp;&nbsp;&nbsp;nfc_t4t_apdu_default_exchange
<LI><a href="#[aa]">&gt;&gt;</a>&nbsp;&nbsp;&nbsp;nfc_t4t_file_content_set
</UL>
<BR>[Called By]<UL><LI><a href="#[fd]">&gt;&gt;</a>&nbsp;&nbsp;&nbsp;t4t_data_read_and_analyze
</UL>

<P><STRONG><a name="[af]"></a>nfc_t4t_ndef_tag_app_select</STRONG> (Thumb, 94 bytes, Stack size 304 bytes, nfc_t4t_hl_detection_procedures.o(i.nfc_t4t_ndef_tag_app_select))
<BR><BR>[Stack]<UL><LI>Max Depth = 568<LI>Call Chain = nfc_t4t_ndef_tag_app_select &rArr; nfc_t4t_apdu_exchange &rArr; adafruit_pn532_in_data_exchange &rArr; adafruit_pn532_cmd_send &rArr; adafruit_pn532_command_write &rArr; nrf_drv_twi_tx &rArr; nrfx_twi_tx &rArr; nrfx_twi_xfer &rArr; twi_xfer &rArr; twi_tx_start_transfer &rArr; twi_transfer &rArr; nrf_twi_event_clear
</UL>
<BR>[Calls]<UL><LI><a href="#[4f]">&gt;&gt;</a>&nbsp;&nbsp;&nbsp;nrf_log_frontend_std_0
<LI><a href="#[a4]">&gt;&gt;</a>&nbsp;&nbsp;&nbsp;nfc_t4t_comm_apdu_clear
<LI><a href="#[9a]">&gt;&gt;</a>&nbsp;&nbsp;&nbsp;nfc_t4t_apdu_exchange
</UL>
<BR>[Called By]<UL><LI><a href="#[fd]">&gt;&gt;</a>&nbsp;&nbsp;&nbsp;t4t_data_read_and_analyze
</UL>

<P><STRONG><a name="[9c]"></a>nfc_t4t_resp_apdu_decode</STRONG> (Thumb, 56 bytes, Stack size 8 bytes, nfc_t4t_apdu.o(i.nfc_t4t_resp_apdu_decode))
<BR><BR>[Stack]<UL><LI>Max Depth = 8<LI>Call Chain = nfc_t4t_resp_apdu_decode
</UL>
<BR>[Called By]<UL><LI><a href="#[9a]">&gt;&gt;</a>&nbsp;&nbsp;&nbsp;nfc_t4t_apdu_exchange
</UL>

<P><STRONG><a name="[9d]"></a>nfc_t4t_resp_apdu_printout</STRONG> (Thumb, 66 bytes, Stack size 16 bytes, nfc_t4t_apdu.o(i.nfc_t4t_resp_apdu_printout))
<BR><BR>[Stack]<UL><LI>Max Depth = 208<LI>Call Chain = nfc_t4t_resp_apdu_printout &rArr; nrf_log_frontend_std_1 &rArr; std_n &rArr; nrf_log_frontend_dequeue &rArr; nrf_memobj_alloc &rArr; nrf_memobj_free &rArr; nrf_balloc_free
</UL>
<BR>[Calls]<UL><LI><a href="#[4c]">&gt;&gt;</a>&nbsp;&nbsp;&nbsp;nrf_log_frontend_std_1
<LI><a href="#[4f]">&gt;&gt;</a>&nbsp;&nbsp;&nbsp;nrf_log_frontend_std_0
<LI><a href="#[99]">&gt;&gt;</a>&nbsp;&nbsp;&nbsp;nrf_log_frontend_hexdump
</UL>
<BR>[Called By]<UL><LI><a href="#[9a]">&gt;&gt;</a>&nbsp;&nbsp;&nbsp;nfc_t4t_apdu_exchange
</UL>

<P><STRONG><a name="[8e]"></a>nrf_atomic_flag_clear_fetch</STRONG> (Thumb, 6 bytes, Stack size 0 bytes, nrf_atomic.o(i.nrf_atomic_flag_clear_fetch))
<BR><BR>[Stack]<UL><LI>Max Depth = 8<LI>Call Chain = nrf_atomic_flag_clear_fetch &rArr; nrf_atomic_u32_fetch_and
</UL>
<BR>[Calls]<UL><LI><a href="#[b0]">&gt;&gt;</a>&nbsp;&nbsp;&nbsp;nrf_atomic_u32_fetch_and
</UL>
<BR>[Called By]<UL><LI><a href="#[80]">&gt;&gt;</a>&nbsp;&nbsp;&nbsp;log_skip
</UL>

<P><STRONG><a name="[8c]"></a>nrf_atomic_flag_set</STRONG> (Thumb, 6 bytes, Stack size 0 bytes, nrf_atomic.o(i.nrf_atomic_flag_set))
<BR><BR>[Stack]<UL><LI>Max Depth = 8<LI>Call Chain = nrf_atomic_flag_set &rArr; nrf_atomic_u32_or
</UL>
<BR>[Calls]<UL><LI><a href="#[b1]">&gt;&gt;</a>&nbsp;&nbsp;&nbsp;nrf_atomic_u32_or
</UL>
<BR>[Called By]<UL><LI><a href="#[80]">&gt;&gt;</a>&nbsp;&nbsp;&nbsp;log_skip
</UL>

<P><STRONG><a name="[7f]"></a>nrf_atomic_u32_add</STRONG> (Thumb, 12 bytes, Stack size 8 bytes, nrf_atomic.o(i.nrf_atomic_u32_add))
<BR><BR>[Stack]<UL><LI>Max Depth = 8<LI>Call Chain = nrf_atomic_u32_add
</UL>
<BR>[Calls]<UL><LI><a href="#[b2]">&gt;&gt;</a>&nbsp;&nbsp;&nbsp;__asm___12_nrf_atomic_c_85ca2469__nrf_atomic_internal_add
</UL>
<BR>[Called By]<UL><LI><a href="#[7e]">&gt;&gt;</a>&nbsp;&nbsp;&nbsp;buf_prealloc
<LI><a href="#[c8]">&gt;&gt;</a>&nbsp;&nbsp;&nbsp;nrf_memobj_get
</UL>

<P><STRONG><a name="[b0]"></a>nrf_atomic_u32_fetch_and</STRONG> (Thumb, 10 bytes, Stack size 8 bytes, nrf_atomic.o(i.nrf_atomic_u32_fetch_and))
<BR><BR>[Stack]<UL><LI>Max Depth = 8<LI>Call Chain = nrf_atomic_u32_fetch_and
</UL>
<BR>[Calls]<UL><LI><a href="#[b3]">&gt;&gt;</a>&nbsp;&nbsp;&nbsp;__asm___12_nrf_atomic_c_85ca2469__nrf_atomic_internal_and
</UL>
<BR>[Called By]<UL><LI><a href="#[8e]">&gt;&gt;</a>&nbsp;&nbsp;&nbsp;nrf_atomic_flag_clear_fetch
</UL>

<P><STRONG><a name="[84]"></a>nrf_atomic_u32_fetch_store</STRONG> (Thumb, 10 bytes, Stack size 8 bytes, nrf_atomic.o(i.nrf_atomic_u32_fetch_store))
<BR><BR>[Stack]<UL><LI>Max Depth = 8<LI>Call Chain = nrf_atomic_u32_fetch_store
</UL>
<BR>[Calls]<UL><LI><a href="#[b4]">&gt;&gt;</a>&nbsp;&nbsp;&nbsp;__asm___12_nrf_atomic_c_85ca2469__nrf_atomic_internal_mov
</UL>
<BR>[Called By]<UL><LI><a href="#[83]">&gt;&gt;</a>&nbsp;&nbsp;&nbsp;dropped_sat16_get
</UL>

<P><STRONG><a name="[b1]"></a>nrf_atomic_u32_or</STRONG> (Thumb, 12 bytes, Stack size 8 bytes, nrf_atomic.o(i.nrf_atomic_u32_or))
<BR><BR>[Stack]<UL><LI>Max Depth = 8<LI>Call Chain = nrf_atomic_u32_or
</UL>
<BR>[Calls]<UL><LI><a href="#[b5]">&gt;&gt;</a>&nbsp;&nbsp;&nbsp;__asm___12_nrf_atomic_c_85ca2469__nrf_atomic_internal_orr
</UL>
<BR>[Called By]<UL><LI><a href="#[8c]">&gt;&gt;</a>&nbsp;&nbsp;&nbsp;nrf_atomic_flag_set
</UL>

<P><STRONG><a name="[b6]"></a>nrf_atomic_u32_sub</STRONG> (Thumb, 12 bytes, Stack size 8 bytes, nrf_atomic.o(i.nrf_atomic_u32_sub))
<BR><BR>[Stack]<UL><LI>Max Depth = 8<LI>Call Chain = nrf_atomic_u32_sub
</UL>
<BR>[Calls]<UL><LI><a href="#[b7]">&gt;&gt;</a>&nbsp;&nbsp;&nbsp;__asm___12_nrf_atomic_c_85ca2469__nrf_atomic_internal_sub
</UL>
<BR>[Called By]<UL><LI><a href="#[cc]">&gt;&gt;</a>&nbsp;&nbsp;&nbsp;nrf_memobj_put
</UL>

<P><STRONG><a name="[b8]"></a>nrf_balloc_alloc</STRONG> (Thumb, 62 bytes, Stack size 16 bytes, nrf_balloc.o(i.nrf_balloc_alloc))
<BR><BR>[Stack]<UL><LI>Max Depth = 16<LI>Call Chain = nrf_balloc_alloc
</UL>
<BR>[Calls]<UL><LI><a href="#[71]">&gt;&gt;</a>&nbsp;&nbsp;&nbsp;app_util_critical_region_exit
<LI><a href="#[6f]">&gt;&gt;</a>&nbsp;&nbsp;&nbsp;app_util_critical_region_enter
</UL>
<BR>[Called By]<UL><LI><a href="#[d4]">&gt;&gt;</a>&nbsp;&nbsp;&nbsp;nrf_memobj_alloc
</UL>

<P><STRONG><a name="[b9]"></a>nrf_balloc_free</STRONG> (Thumb, 42 bytes, Stack size 16 bytes, nrf_balloc.o(i.nrf_balloc_free))
<BR><BR>[Stack]<UL><LI>Max Depth = 16<LI>Call Chain = nrf_balloc_free
</UL>
<BR>[Calls]<UL><LI><a href="#[71]">&gt;&gt;</a>&nbsp;&nbsp;&nbsp;app_util_critical_region_exit
<LI><a href="#[6f]">&gt;&gt;</a>&nbsp;&nbsp;&nbsp;app_util_critical_region_enter
</UL>
<BR>[Called By]<UL><LI><a href="#[de]">&gt;&gt;</a>&nbsp;&nbsp;&nbsp;nrf_memobj_free
</UL>

<P><STRONG><a name="[df]"></a>nrf_balloc_init</STRONG> (Thumb, 48 bytes, Stack size 8 bytes, nrf_balloc.o(i.nrf_balloc_init))
<BR><BR>[Stack]<UL><LI>Max Depth = 8<LI>Call Chain = nrf_balloc_init
</UL>
<BR>[Called By]<UL><LI><a href="#[db]">&gt;&gt;</a>&nbsp;&nbsp;&nbsp;nrf_memobj_pool_init
</UL>

<P><STRONG><a name="[60]"></a>nrf_drv_twi_init</STRONG> (Thumb, 56 bytes, Stack size 24 bytes, nrf_drv_twi.o(i.nrf_drv_twi_init))
<BR><BR>[Stack]<UL><LI>Max Depth = 72<LI>Call Chain = nrf_drv_twi_init &rArr; nrfx_twi_init &rArr; nrf_gpio_cfg
</UL>
<BR>[Calls]<UL><LI><a href="#[bb]">&gt;&gt;</a>&nbsp;&nbsp;&nbsp;nrfx_twi_init
<LI><a href="#[ba]">&gt;&gt;</a>&nbsp;&nbsp;&nbsp;twi_clear_bus
</UL>
<BR>[Called By]<UL><LI><a href="#[5f]">&gt;&gt;</a>&nbsp;&nbsp;&nbsp;adafruit_pn532_i2c_create
</UL>

<P><STRONG><a name="[bd]"></a>nrf_drv_uart_init</STRONG> (Thumb, 90 bytes, Stack size 56 bytes, nrf_drv_uart.o(i.nrf_drv_uart_init))
<BR><BR>[Stack]<UL><LI>Max Depth = 136<LI>Call Chain = nrf_drv_uart_init &rArr; nrfx_uarte_init &rArr; apply_config &rArr; nrf_gpio_cfg_output &rArr; nrf_gpio_cfg
</UL>
<BR>[Calls]<UL><LI><a href="#[be]">&gt;&gt;</a>&nbsp;&nbsp;&nbsp;nrfx_uarte_init
<LI><a href="#[bf]">&gt;&gt;</a>&nbsp;&nbsp;&nbsp;nrfx_uart_init
<LI><a href="#[a0]">&gt;&gt;</a>&nbsp;&nbsp;&nbsp;__aeabi_memcpy4
</UL>
<BR>[Called By]<UL><LI><a href="#[ce]">&gt;&gt;</a>&nbsp;&nbsp;&nbsp;uart_init
</UL>

<P><STRONG><a name="[c0]"></a>nrf_fprintf</STRONG> (Thumb, 26 bytes, Stack size 24 bytes, nrf_fprintf.o(i.nrf_fprintf))
<BR><BR>[Stack]<UL><LI>Max Depth = 176<LI>Call Chain = nrf_fprintf &rArr; nrf_fprintf_fmt &rArr; int_print &rArr; unsigned_print &rArr; buffer_add &rArr;  buffer_add (Cycle)
</UL>
<BR>[Calls]<UL><LI><a href="#[c1]">&gt;&gt;</a>&nbsp;&nbsp;&nbsp;nrf_fprintf_fmt
</UL>
<BR>[Called By]<UL><LI><a href="#[d7]">&gt;&gt;</a>&nbsp;&nbsp;&nbsp;prefix_process
<LI><a href="#[d9]">&gt;&gt;</a>&nbsp;&nbsp;&nbsp;postfix_process
<LI><a href="#[ca]">&gt;&gt;</a>&nbsp;&nbsp;&nbsp;nrf_log_std_entry_process
<LI><a href="#[cb]">&gt;&gt;</a>&nbsp;&nbsp;&nbsp;nrf_log_hexdump_entry_process
</UL>

<P><STRONG><a name="[82]"></a>nrf_fprintf_buffer_flush</STRONG> (Thumb, 24 bytes, Stack size 8 bytes, nrf_fprintf.o(i.nrf_fprintf_buffer_flush))
<BR><BR>[Stack]<UL><LI>Max Depth = 8<LI>Call Chain = nrf_fprintf_buffer_flush
</UL>
<BR>[Called By]<UL><LI><a href="#[d9]">&gt;&gt;</a>&nbsp;&nbsp;&nbsp;postfix_process
<LI><a href="#[81]">&gt;&gt;</a>&nbsp;&nbsp;&nbsp;buffer_add
<LI><a href="#[c1]">&gt;&gt;</a>&nbsp;&nbsp;&nbsp;nrf_fprintf_fmt
</UL>

<P><STRONG><a name="[c1]"></a>nrf_fprintf_fmt</STRONG> (Thumb, 474 bytes, Stack size 40 bytes, nrf_fprintf_format.o(i.nrf_fprintf_fmt))
<BR><BR>[Stack]<UL><LI>Max Depth = 152<LI>Call Chain = nrf_fprintf_fmt &rArr; int_print &rArr; unsigned_print &rArr; buffer_add &rArr;  buffer_add (Cycle)
</UL>
<BR>[Calls]<UL><LI><a href="#[86]">&gt;&gt;</a>&nbsp;&nbsp;&nbsp;unsigned_print
<LI><a href="#[85]">&gt;&gt;</a>&nbsp;&nbsp;&nbsp;int_print
<LI><a href="#[81]">&gt;&gt;</a>&nbsp;&nbsp;&nbsp;buffer_add
<LI><a href="#[82]">&gt;&gt;</a>&nbsp;&nbsp;&nbsp;nrf_fprintf_buffer_flush
<LI><a href="#[c2]">&gt;&gt;</a>&nbsp;&nbsp;&nbsp;strlen
</UL>
<BR>[Called By]<UL><LI><a href="#[c0]">&gt;&gt;</a>&nbsp;&nbsp;&nbsp;nrf_fprintf
</UL>

<P><STRONG><a name="[d2]"></a>nrf_log_backend_add</STRONG> (Thumb, 86 bytes, Stack size 12 bytes, nrf_log_frontend.o(i.nrf_log_backend_add))
<BR><BR>[Stack]<UL><LI>Max Depth = 12<LI>Call Chain = nrf_log_backend_add
</UL>
<BR>[Called By]<UL><LI><a href="#[d1]">&gt;&gt;</a>&nbsp;&nbsp;&nbsp;nrf_log_default_backends_init
</UL>

<P><STRONG><a name="[c7]"></a>nrf_log_backend_serial_put</STRONG> (Thumb, 200 bytes, Stack size 104 bytes, nrf_log_backend_serial.o(i.nrf_log_backend_serial_put))
<BR><BR>[Stack]<UL><LI>Max Depth = 344<LI>Call Chain = nrf_log_backend_serial_put &rArr; nrf_log_std_entry_process &rArr; prefix_process &rArr; nrf_fprintf &rArr; nrf_fprintf_fmt &rArr; int_print &rArr; unsigned_print &rArr; buffer_add &rArr;  buffer_add (Cycle)
</UL>
<BR>[Calls]<UL><LI><a href="#[ca]">&gt;&gt;</a>&nbsp;&nbsp;&nbsp;nrf_log_std_entry_process
<LI><a href="#[cb]">&gt;&gt;</a>&nbsp;&nbsp;&nbsp;nrf_log_hexdump_entry_process
<LI><a href="#[c9]">&gt;&gt;</a>&nbsp;&nbsp;&nbsp;nrf_memobj_read
<LI><a href="#[cc]">&gt;&gt;</a>&nbsp;&nbsp;&nbsp;nrf_memobj_put
<LI><a href="#[c8]">&gt;&gt;</a>&nbsp;&nbsp;&nbsp;nrf_memobj_get
<LI><a href="#[ac]">&gt;&gt;</a>&nbsp;&nbsp;&nbsp;__aeabi_memclr4
</UL>
<BR>[Called By]<UL><LI><a href="#[3b]">&gt;&gt;</a>&nbsp;&nbsp;&nbsp;nrf_log_backend_uart_put
</UL>

<P><STRONG><a name="[cd]"></a>nrf_log_backend_uart_init</STRONG> (Thumb, 6 bytes, Stack size 0 bytes, nrf_log_backend_uart.o(i.nrf_log_backend_uart_init))
<BR><BR>[Stack]<UL><LI>Max Depth = 296<LI>Call Chain = nrf_log_backend_uart_init &rArr; uart_init &rArr; app_error_handler &rArr; app_error_fault_handler &rArr; nrf_log_frontend_std_5 &rArr; std_n &rArr; nrf_log_frontend_dequeue &rArr; nrf_memobj_alloc &rArr; nrf_memobj_free &rArr; nrf_balloc_free
</UL>
<BR>[Calls]<UL><LI><a href="#[ce]">&gt;&gt;</a>&nbsp;&nbsp;&nbsp;uart_init
</UL>
<BR>[Called By]<UL><LI><a href="#[d1]">&gt;&gt;</a>&nbsp;&nbsp;&nbsp;nrf_log_default_backends_init
</UL>

<P><STRONG><a name="[f6]"></a>nrf_log_color_id_get</STRONG> (Thumb, 42 bytes, Stack size 0 bytes, nrf_log_frontend.o(i.nrf_log_color_id_get))
<BR><BR>[Called By]<UL><LI><a href="#[d7]">&gt;&gt;</a>&nbsp;&nbsp;&nbsp;prefix_process
</UL>

<P><STRONG><a name="[d1]"></a>nrf_log_default_backends_init</STRONG> (Thumb, 24 bytes, Stack size 8 bytes, nrf_log_default_backends.o(i.nrf_log_default_backends_init))
<BR><BR>[Stack]<UL><LI>Max Depth = 304<LI>Call Chain = nrf_log_default_backends_init &rArr; nrf_log_backend_uart_init &rArr; uart_init &rArr; app_error_handler &rArr; app_error_fault_handler &rArr; nrf_log_frontend_std_5 &rArr; std_n &rArr; nrf_log_frontend_dequeue &rArr; nrf_memobj_alloc &rArr; nrf_memobj_free &rArr; nrf_balloc_free
</UL>
<BR>[Calls]<UL><LI><a href="#[d2]">&gt;&gt;</a>&nbsp;&nbsp;&nbsp;nrf_log_backend_add
<LI><a href="#[cd]">&gt;&gt;</a>&nbsp;&nbsp;&nbsp;nrf_log_backend_uart_init
</UL>
<BR>[Called By]<UL><LI><a href="#[8f]">&gt;&gt;</a>&nbsp;&nbsp;&nbsp;utils_setup
</UL>

<P><STRONG><a name="[4b]"></a>nrf_log_frontend_dequeue</STRONG> (Thumb, 522 bytes, Stack size 80 bytes, nrf_log_frontend.o(i.nrf_log_frontend_dequeue))
<BR><BR>[Stack]<UL><LI>Max Depth = 144<LI>Call Chain = nrf_log_frontend_dequeue &rArr; nrf_memobj_alloc &rArr; nrf_memobj_free &rArr; nrf_balloc_free
</UL>
<BR>[Calls]<UL><LI><a href="#[4f]">&gt;&gt;</a>&nbsp;&nbsp;&nbsp;nrf_log_frontend_std_0
<LI><a href="#[71]">&gt;&gt;</a>&nbsp;&nbsp;&nbsp;app_util_critical_region_exit
<LI><a href="#[6f]">&gt;&gt;</a>&nbsp;&nbsp;&nbsp;app_util_critical_region_enter
<LI><a href="#[d3]">&gt;&gt;</a>&nbsp;&nbsp;&nbsp;buffer_is_empty
<LI><a href="#[8d]">&gt;&gt;</a>&nbsp;&nbsp;&nbsp;invalid_packets_omit
<LI><a href="#[d5]">&gt;&gt;</a>&nbsp;&nbsp;&nbsp;nrf_memobj_write
<LI><a href="#[cc]">&gt;&gt;</a>&nbsp;&nbsp;&nbsp;nrf_memobj_put
<LI><a href="#[c8]">&gt;&gt;</a>&nbsp;&nbsp;&nbsp;nrf_memobj_get
<LI><a href="#[d4]">&gt;&gt;</a>&nbsp;&nbsp;&nbsp;nrf_memobj_alloc
</UL>
<BR>[Called By]<UL><LI><a href="#[2f]">&gt;&gt;</a>&nbsp;&nbsp;&nbsp;main
<LI><a href="#[41]">&gt;&gt;</a>&nbsp;&nbsp;&nbsp;app_error_fault_handler
<LI><a href="#[30]">&gt;&gt;</a>&nbsp;&nbsp;&nbsp;HardFault_c_handler
<LI><a href="#[99]">&gt;&gt;</a>&nbsp;&nbsp;&nbsp;nrf_log_frontend_hexdump
<LI><a href="#[d6]">&gt;&gt;</a>&nbsp;&nbsp;&nbsp;std_n
</UL>

<P><STRONG><a name="[99]"></a>nrf_log_frontend_hexdump</STRONG> (Thumb, 160 bytes, Stack size 40 bytes, nrf_log_frontend.o(i.nrf_log_frontend_hexdump))
<BR><BR>[Stack]<UL><LI>Max Depth = 184<LI>Call Chain = nrf_log_frontend_hexdump &rArr; nrf_log_frontend_dequeue &rArr; nrf_memobj_alloc &rArr; nrf_memobj_free &rArr; nrf_balloc_free
</UL>
<BR>[Calls]<UL><LI><a href="#[4b]">&gt;&gt;</a>&nbsp;&nbsp;&nbsp;nrf_log_frontend_dequeue
<LI><a href="#[83]">&gt;&gt;</a>&nbsp;&nbsp;&nbsp;dropped_sat16_get
<LI><a href="#[7e]">&gt;&gt;</a>&nbsp;&nbsp;&nbsp;buf_prealloc
<LI><a href="#[59]">&gt;&gt;</a>&nbsp;&nbsp;&nbsp;__aeabi_memcpy
</UL>
<BR>[Called By]<UL><LI><a href="#[98]">&gt;&gt;</a>&nbsp;&nbsp;&nbsp;ndef_record_printout
<LI><a href="#[a2]">&gt;&gt;</a>&nbsp;&nbsp;&nbsp;nfc_t4t_file_control_tlv_printout
<LI><a href="#[9d]">&gt;&gt;</a>&nbsp;&nbsp;&nbsp;nfc_t4t_resp_apdu_printout
</UL>

<P><STRONG><a name="[4f]"></a>nrf_log_frontend_std_0</STRONG> (Thumb, 8 bytes, Stack size 0 bytes, nrf_log_frontend.o(i.nrf_log_frontend_std_0))
<BR><BR>[Calls]<UL><LI><a href="#[d6]">&gt;&gt;</a>&nbsp;&nbsp;&nbsp;std_n
</UL>
<BR>[Called By]<UL><LI><a href="#[fa]">&gt;&gt;</a>&nbsp;&nbsp;&nbsp;type_2_tag_printout
<LI><a href="#[4b]">&gt;&gt;</a>&nbsp;&nbsp;&nbsp;nrf_log_frontend_dequeue
<LI><a href="#[af]">&gt;&gt;</a>&nbsp;&nbsp;&nbsp;nfc_t4t_ndef_tag_app_select
<LI><a href="#[ae]">&gt;&gt;</a>&nbsp;&nbsp;&nbsp;nfc_t4t_ndef_read
<LI><a href="#[a9]">&gt;&gt;</a>&nbsp;&nbsp;&nbsp;nfc_t4t_file_select
<LI><a href="#[a8]">&gt;&gt;</a>&nbsp;&nbsp;&nbsp;nfc_t4t_cc_select
<LI><a href="#[a3]">&gt;&gt;</a>&nbsp;&nbsp;&nbsp;nfc_t4t_cc_read
<LI><a href="#[a1]">&gt;&gt;</a>&nbsp;&nbsp;&nbsp;nfc_t4t_cc_file_printout
<LI><a href="#[90]">&gt;&gt;</a>&nbsp;&nbsp;&nbsp;tag_detect_and_read
<LI><a href="#[f8]">&gt;&gt;</a>&nbsp;&nbsp;&nbsp;t2t_data_analyze
<LI><a href="#[94]">&gt;&gt;</a>&nbsp;&nbsp;&nbsp;ndef_data_analyze
<LI><a href="#[2f]">&gt;&gt;</a>&nbsp;&nbsp;&nbsp;main
<LI><a href="#[41]">&gt;&gt;</a>&nbsp;&nbsp;&nbsp;app_error_fault_handler
<LI><a href="#[30]">&gt;&gt;</a>&nbsp;&nbsp;&nbsp;HardFault_c_handler
<LI><a href="#[98]">&gt;&gt;</a>&nbsp;&nbsp;&nbsp;ndef_record_printout
<LI><a href="#[a2]">&gt;&gt;</a>&nbsp;&nbsp;&nbsp;nfc_t4t_file_control_tlv_printout
<LI><a href="#[9d]">&gt;&gt;</a>&nbsp;&nbsp;&nbsp;nfc_t4t_resp_apdu_printout
<LI><a href="#[10b]">&gt;&gt;</a>&nbsp;&nbsp;&nbsp;type_2_tag_tlv_parse
<LI><a href="#[109]">&gt;&gt;</a>&nbsp;&nbsp;&nbsp;type_2_tag_internal_parse
</UL>

<P><STRONG><a name="[4c]"></a>nrf_log_frontend_std_1</STRONG> (Thumb, 14 bytes, Stack size 8 bytes, nrf_log_frontend.o(i.nrf_log_frontend_std_1))
<BR><BR>[Stack]<UL><LI>Max Depth = 192<LI>Call Chain = nrf_log_frontend_std_1 &rArr; std_n &rArr; nrf_log_frontend_dequeue &rArr; nrf_memobj_alloc &rArr; nrf_memobj_free &rArr; nrf_balloc_free
</UL>
<BR>[Calls]<UL><LI><a href="#[d6]">&gt;&gt;</a>&nbsp;&nbsp;&nbsp;std_n
</UL>
<BR>[Called By]<UL><LI><a href="#[fa]">&gt;&gt;</a>&nbsp;&nbsp;&nbsp;type_2_tag_printout
<LI><a href="#[a9]">&gt;&gt;</a>&nbsp;&nbsp;&nbsp;nfc_t4t_file_select
<LI><a href="#[a1]">&gt;&gt;</a>&nbsp;&nbsp;&nbsp;nfc_t4t_cc_file_printout
<LI><a href="#[96]">&gt;&gt;</a>&nbsp;&nbsp;&nbsp;ndef_msg_printout
<LI><a href="#[fd]">&gt;&gt;</a>&nbsp;&nbsp;&nbsp;t4t_data_read_and_analyze
<LI><a href="#[41]">&gt;&gt;</a>&nbsp;&nbsp;&nbsp;app_error_fault_handler
<LI><a href="#[30]">&gt;&gt;</a>&nbsp;&nbsp;&nbsp;HardFault_c_handler
<LI><a href="#[98]">&gt;&gt;</a>&nbsp;&nbsp;&nbsp;ndef_record_printout
<LI><a href="#[a2]">&gt;&gt;</a>&nbsp;&nbsp;&nbsp;nfc_t4t_file_control_tlv_printout
<LI><a href="#[9d]">&gt;&gt;</a>&nbsp;&nbsp;&nbsp;nfc_t4t_resp_apdu_printout
</UL>

[...]
<BR><BR>[Stack]<UL><LI>Max Depth = 56<LI>Call Chain = apply_config &rArr; nrf_gpio_cfg_output &rArr; nrf_gpio_cfg
</UL>
<BR>[Calls]<UL><LI><a href="#[77]">&gt;&gt;</a>&nbsp;&nbsp;&nbsp;nrf_gpio_cfg_output
<LI><a href="#[78]">&gt;&gt;</a>&nbsp;&nbsp;&nbsp;nrf_gpio_cfg_input
</UL>
<BR>[Called By]<UL><LI><a href="#[be]">&gt;&gt;</a>&nbsp;&nbsp;&nbsp;nrfx_uarte_init
</UL>

<P><STRONG><a name="[8a]"></a>interrupts_enable</STRONG> (Thumb, 132 bytes, Stack size 16 bytes, nrfx_uarte.o(i.interrupts_enable))
<BR><BR>[Stack]<UL><LI>Max Depth = 24<LI>Call Chain = interrupts_enable &rArr; nrf_uarte_event_clear
</UL>
<BR>[Calls]<UL><LI><a href="#[8b]">&gt;&gt;</a>&nbsp;&nbsp;&nbsp;nrf_uarte_event_clear
</UL>
<BR>[Called By]<UL><LI><a href="#[be]">&gt;&gt;</a>&nbsp;&nbsp;&nbsp;nrfx_uarte_init
</UL>

<P><STRONG><a name="[c6]"></a>nrf_gpio_cfg</STRONG> (Thumb, 36 bytes, Stack size 16 bytes, nrfx_uarte.o(i.nrf_gpio_cfg))
<BR><BR>[Stack]<UL><LI>Max Depth = 16<LI>Call Chain = nrf_gpio_cfg
</UL>
<BR>[Called By]<UL><LI><a href="#[77]">&gt;&gt;</a>&nbsp;&nbsp;&nbsp;nrf_gpio_cfg_output
<LI><a href="#[78]">&gt;&gt;</a>&nbsp;&nbsp;&nbsp;nrf_gpio_cfg_input
<LI><a href="#[c5]">&gt;&gt;</a>&nbsp;&nbsp;&nbsp;nrf_gpio_cfg_default
</UL>

<P><STRONG><a name="[c5]"></a>nrf_gpio_cfg_default</STRONG> (Thumb, 18 bytes, Stack size 16 bytes, nrfx_uarte.o(i.nrf_gpio_cfg_default))
<BR><BR>[Stack]<UL><LI>Max Depth = 32<LI>Call Chain = nrf_gpio_cfg_default &rArr; nrf_gpio_cfg
</UL>
<BR>[Calls]<UL><LI><a href="#[c6]">&gt;&gt;</a>&nbsp;&nbsp;&nbsp;nrf_gpio_cfg
</UL>
<BR>[Called By]<UL><LI><a href="#[cf]">&gt;&gt;</a>&nbsp;&nbsp;&nbsp;nrfx_uarte_uninit
</UL>

<P><STRONG><a name="[78]"></a>nrf_gpio_cfg_input</STRONG> (Thumb, 18 bytes, Stack size 16 bytes, nrfx_uarte.o(i.nrf_gpio_cfg_input))
<BR><BR>[Stack]<UL><LI>Max Depth = 32<LI>Call Chain = nrf_gpio_cfg_input &rArr; nrf_gpio_cfg
</UL>
<BR>[Calls]<UL><LI><a href="#[c6]">&gt;&gt;</a>&nbsp;&nbsp;&nbsp;nrf_gpio_cfg
</UL>
<BR>[Called By]<UL><LI><a href="#[76]">&gt;&gt;</a>&nbsp;&nbsp;&nbsp;apply_config
</UL>

<P><STRONG><a name="[77]"></a>nrf_gpio_cfg_output</STRONG> (Thumb, 20 bytes, Stack size 16 bytes, nrfx_uarte.o(i.nrf_gpio_cfg_output))
<BR><BR>[Stack]<UL><LI>Max Depth = 32<LI>Call Chain = nrf_gpio_cfg_output &rArr; nrf_gpio_cfg
</UL>
<BR>[Calls]<UL><LI><a href="#[c6]">&gt;&gt;</a>&nbsp;&nbsp;&nbsp;nrf_gpio_cfg
</UL>
<BR>[Called By]<UL><LI><a href="#[76]">&gt;&gt;</a>&nbsp;&nbsp;&nbsp;apply_config
</UL>

<P><STRONG><a name="[f1]"></a>nrf_uarte_event_check</STRONG> (Thumb, 10 bytes, Stack size 0 bytes, nrfx_uarte.o(i.nrf_uarte_event_check))
<BR><BR>[Called By]<UL><LI><a href="#[cf]">&gt;&gt;</a>&nbsp;&nbsp;&nbsp;nrfx_uarte_uninit
<LI><a href="#[ee]">&gt;&gt;</a>&nbsp;&nbsp;&nbsp;nrfx_uarte_tx
<LI><a href="#[ed]">&gt;&gt;</a>&nbsp;&nbsp;&nbsp;uarte_irq_handler
</UL>

<P><STRONG><a name="[8b]"></a>nrf_uarte_event_clear</STRONG> (Thumb, 12 bytes, Stack size 8 bytes, nrfx_uarte.o(i.nrf_uarte_event_clear))
<BR><BR>[Stack]<UL><LI>Max Depth = 8<LI>Call Chain = nrf_uarte_event_clear
</UL>
<BR>[Called By]<UL><LI><a href="#[cf]">&gt;&gt;</a>&nbsp;&nbsp;&nbsp;nrfx_uarte_uninit
<LI><a href="#[ee]">&gt;&gt;</a>&nbsp;&nbsp;&nbsp;nrfx_uarte_tx
<LI><a href="#[ed]">&gt;&gt;</a>&nbsp;&nbsp;&nbsp;uarte_irq_handler
<LI><a href="#[8a]">&gt;&gt;</a>&nbsp;&nbsp;&nbsp;interrupts_enable
</UL>

<P><STRONG><a name="[ef]"></a>nrfx_is_in_ram</STRONG> (Thumb, 16 bytes, Stack size 0 bytes, nrfx_uarte.o(i.nrfx_is_in_ram))
<BR><BR>[Called By]<UL><LI><a href="#[ee]">&gt;&gt;</a>&nbsp;&nbsp;&nbsp;nrfx_uarte_tx
</UL>

<P><STRONG><a name="[111]"></a>rx_done_event</STRONG> (Thumb, 22 bytes, Stack size 24 bytes, nrfx_uarte.o(i.rx_done_event))
<BR><BR>[Stack]<UL><LI>Max Depth = 24<LI>Call Chain = rx_done_event
</UL>
<BR>[Called By]<UL><LI><a href="#[ed]">&gt;&gt;</a>&nbsp;&nbsp;&nbsp;uarte_irq_handler
</UL>

<P><STRONG><a name="[112]"></a>tx_done_event</STRONG> (Thumb, 26 bytes, Stack size 24 bytes, nrfx_uarte.o(i.tx_done_event))
<BR><BR>[Stack]<UL><LI>Max Depth = 24<LI>Call Chain = tx_done_event
</UL>
<BR>[Called By]<UL><LI><a href="#[ed]">&gt;&gt;</a>&nbsp;&nbsp;&nbsp;uarte_irq_handler
</UL>

<P><STRONG><a name="[ed]"></a>uarte_irq_handler</STRONG> (Thumb, 274 bytes, Stack size 40 bytes, nrfx_uarte.o(i.uarte_irq_handler))
<BR><BR>[Stack]<UL><LI>Max Depth = 64<LI>Call Chain = uarte_irq_handler &rArr; tx_done_event
</UL>
<BR>[Calls]<UL><LI><a href="#[112]">&gt;&gt;</a>&nbsp;&nbsp;&nbsp;tx_done_event
<LI><a href="#[111]">&gt;&gt;</a>&nbsp;&nbsp;&nbsp;rx_done_event
<LI><a href="#[8b]">&gt;&gt;</a>&nbsp;&nbsp;&nbsp;nrf_uarte_event_clear
<LI><a href="#[f1]">&gt;&gt;</a>&nbsp;&nbsp;&nbsp;nrf_uarte_event_check
</UL>
<BR>[Called By]<UL><LI><a href="#[3a]">&gt;&gt;</a>&nbsp;&nbsp;&nbsp;nrfx_uarte_0_irq_handler
</UL>

<P><STRONG><a name="[81]"></a>buffer_add</STRONG> (Thumb, 46 bytes, Stack size 16 bytes, nrf_fprintf_format.o(i.buffer_add))
<BR><BR>[Stack]<UL><LI>Max Depth = 24 + In Cycle
<LI>Call Chain = buffer_add &rArr;  buffer_add (Cycle)
</UL>
<BR>[Calls]<UL><LI><a href="#[81]">&gt;&gt;</a>&nbsp;&nbsp;&nbsp;buffer_add
<LI><a href="#[82]">&gt;&gt;</a>&nbsp;&nbsp;&nbsp;nrf_fprintf_buffer_flush
</UL>
<BR>[Called By]<UL><LI><a href="#[86]">&gt;&gt;</a>&nbsp;&nbsp;&nbsp;unsigned_print
<LI><a href="#[85]">&gt;&gt;</a>&nbsp;&nbsp;&nbsp;int_print
<LI><a href="#[81]">&gt;&gt;</a>&nbsp;&nbsp;&nbsp;buffer_add
<LI><a href="#[c1]">&gt;&gt;</a>&nbsp;&nbsp;&nbsp;nrf_fprintf_fmt
</UL>

<P><STRONG><a name="[85]"></a>int_print</STRONG> (Thumb, 166 bytes, Stack size 48 bytes, nrf_fprintf_format.o(i.int_print))
<BR><BR>[Stack]<UL><LI>Max Depth = 112<LI>Call Chain = int_print &rArr; unsigned_print &rArr; buffer_add &rArr;  buffer_add (Cycle)
</UL>
<BR>[Calls]<UL><LI><a href="#[86]">&gt;&gt;</a>&nbsp;&nbsp;&nbsp;unsigned_print
<LI><a href="#[81]">&gt;&gt;</a>&nbsp;&nbsp;&nbsp;buffer_add
</UL>
<BR>[Called By]<UL><LI><a href="#[c1]">&gt;&gt;</a>&nbsp;&nbsp;&nbsp;nrf_fprintf_fmt
</UL>

<P><STRONG><a name="[86]"></a>unsigned_print</STRONG> (Thumb, 176 bytes, Stack size 40 bytes, nrf_fprintf_format.o(i.unsigned_print))
<BR><BR>[Stack]<UL><LI>Max Depth = 64<LI>Call Chain = unsigned_print &rArr; buffer_add &rArr;  buffer_add (Cycle)
</UL>
<BR>[Calls]<UL><LI><a href="#[81]">&gt;&gt;</a>&nbsp;&nbsp;&nbsp;buffer_add
</UL>
<BR>[Called By]<UL><LI><a href="#[85]">&gt;&gt;</a>&nbsp;&nbsp;&nbsp;int_print
<LI><a href="#[c1]">&gt;&gt;</a>&nbsp;&nbsp;&nbsp;nrf_fprintf_fmt
</UL>

<P><STRONG><a name="[91]"></a>memobj_op</STRONG> (Thumb, 126 bytes, Stack size 32 bytes, nrf_memobj.o(i.memobj_op))
<BR><BR>[Stack]<UL><LI>Max Depth = 32<LI>Call Chain = memobj_op
</UL>
<BR>[Calls]<UL><LI><a href="#[59]">&gt;&gt;</a>&nbsp;&nbsp;&nbsp;__aeabi_memcpy
</UL>
<BR>[Called By]<UL><LI><a href="#[d5]">&gt;&gt;</a>&nbsp;&nbsp;&nbsp;nrf_memobj_write
<LI><a href="#[c9]">&gt;&gt;</a>&nbsp;&nbsp;&nbsp;nrf_memobj_read
</UL>

<P><STRONG><a name="[3d]"></a>nrf_log_backend_uart_flush</STRONG> (Thumb, 2 bytes, Stack size 0 bytes, nrf_log_backend_uart.o(i.nrf_log_backend_uart_flush))
<BR>[Address Reference Count : 1]<UL><LI> nrf_log_backend_uart.o(.constdata)
</UL>
<P><STRONG><a name="[3c]"></a>nrf_log_backend_uart_panic_set</STRONG> (Thumb, 36 bytes, Stack size 8 bytes, nrf_log_backend_uart.o(i.nrf_log_backend_uart_panic_set))
<BR><BR>[Stack]<UL><LI>Max Depth = 304<LI>Call Chain = nrf_log_backend_uart_panic_set &rArr; uart_init &rArr; app_error_handler &rArr; app_error_fault_handler &rArr; nrf_log_frontend_std_5 &rArr; std_n &rArr; nrf_log_frontend_dequeue &rArr; nrf_memobj_alloc &rArr; nrf_memobj_free &rArr; nrf_balloc_free
</UL>
<BR>[Calls]<UL><LI><a href="#[cf]">&gt;&gt;</a>&nbsp;&nbsp;&nbsp;nrfx_uarte_uninit
<LI><a href="#[d0]">&gt;&gt;</a>&nbsp;&nbsp;&nbsp;nrfx_uart_uninit
<LI><a href="#[ce]">&gt;&gt;</a>&nbsp;&nbsp;&nbsp;uart_init
</UL>
<BR>[Address Reference Count : 1]<UL><LI> nrf_log_backend_uart.o(.constdata)
</UL>
<P><STRONG><a name="[3b]"></a>nrf_log_backend_uart_put</STRONG> (Thumb, 16 bytes, Stack size 8 bytes, nrf_log_backend_uart.o(i.nrf_log_backend_uart_put))
<BR><BR>[Stack]<UL><LI>Max Depth = 352<LI>Call Chain = nrf_log_backend_uart_put &rArr; nrf_log_backend_serial_put &rArr; nrf_log_std_entry_process &rArr; prefix_process &rArr; nrf_fprintf &rArr; nrf_fprintf_fmt &rArr; int_print &rArr; unsigned_print &rArr; buffer_add &rArr;  buffer_add (Cycle)
</UL>
<BR>[Calls]<UL><LI><a href="#[c7]">&gt;&gt;</a>&nbsp;&nbsp;&nbsp;nrf_log_backend_serial_put
</UL>
<BR>[Address Reference Count : 1]<UL><LI> nrf_log_backend_uart.o(.constdata)
</UL>
<P><STRONG><a name="[37]"></a>serial_tx</STRONG> (Thumb, 58 bytes, Stack size 16 bytes, nrf_log_backend_uart.o(i.serial_tx))
<BR><BR>[Stack]<UL><LI>Max Depth = 272<LI>Call Chain = serial_tx &rArr; app_error_handler &rArr; app_error_fault_handler &rArr; nrf_log_frontend_std_5 &rArr; std_n &rArr; nrf_log_frontend_dequeue &rArr; nrf_memobj_alloc &rArr; nrf_memobj_free &rArr; nrf_balloc_free
</UL>
<BR>[Calls]<UL><LI><a href="#[40]">&gt;&gt;</a>&nbsp;&nbsp;&nbsp;app_error_handler
<LI><a href="#[ee]">&gt;&gt;</a>&nbsp;&nbsp;&nbsp;nrfx_uarte_tx
<LI><a href="#[e9]">&gt;&gt;</a>&nbsp;&nbsp;&nbsp;nrfx_uart_tx
</UL>
<BR>[Address Reference Count : 1]<UL><LI> nrf_log_backend_uart.o(i.nrf_log_backend_uart_put)
</UL>
<P><STRONG><a name="[38]"></a>uart_evt_handler</STRONG> (Thumb, 8 bytes, Stack size 0 bytes, nrf_log_backend_uart.o(i.uart_evt_handler))
<BR>[Address Reference Count : 1]<UL><LI> nrf_log_backend_uart.o(i.uart_init)
</UL>
<P><STRONG><a name="[ce]"></a>uart_init</STRONG> (Thumb, 70 bytes, Stack size 40 bytes, nrf_log_backend_uart.o(i.uart_init))
<BR><BR>[Stack]<UL><LI>Max Depth = 296<LI>Call Chain = uart_init &rArr; app_error_handler &rArr; app_error_fault_handler &rArr; nrf_log_frontend_std_5 &rArr; std_n &rArr; nrf_log_frontend_dequeue &rArr; nrf_memobj_alloc &rArr; nrf_memobj_free &rArr; nrf_balloc_free
</UL>
<BR>[Calls]<UL><LI><a href="#[40]">&gt;&gt;</a>&nbsp;&nbsp;&nbsp;app_error_handler
<LI><a href="#[bd]">&gt;&gt;</a>&nbsp;&nbsp;&nbsp;nrf_drv_uart_init
<LI><a href="#[a0]">&gt;&gt;</a>&nbsp;&nbsp;&nbsp;__aeabi_memcpy4
</UL>
<BR>[Called By]<UL><LI><a href="#[cd]">&gt;&gt;</a>&nbsp;&nbsp;&nbsp;nrf_log_backend_uart_init
<LI><a href="#[3c]">&gt;&gt;</a>&nbsp;&nbsp;&nbsp;nrf_log_backend_uart_panic_set
</UL>

<P><STRONG><a name="[7e]"></a>buf_prealloc</STRONG> (Thumb, 132 bytes, Stack size 32 bytes, nrf_log_frontend.o(i.buf_prealloc))
<BR><BR>[Stack]<UL><LI>Max Depth = 80<LI>Call Chain = buf_prealloc &rArr; log_skip &rArr; nrf_atomic_flag_set &rArr; nrf_atomic_u32_or
</UL>
<BR>[Calls]<UL><LI><a href="#[71]">&gt;&gt;</a>&nbsp;&nbsp;&nbsp;app_util_critical_region_exit
<LI><a href="#[6f]">&gt;&gt;</a>&nbsp;&nbsp;&nbsp;app_util_critical_region_enter
<LI><a href="#[7f]">&gt;&gt;</a>&nbsp;&nbsp;&nbsp;nrf_atomic_u32_add
<LI><a href="#[80]">&gt;&gt;</a>&nbsp;&nbsp;&nbsp;log_skip
</UL>
<BR>[Called By]<UL><LI><a href="#[99]">&gt;&gt;</a>&nbsp;&nbsp;&nbsp;nrf_log_frontend_hexdump
<LI><a href="#[d6]">&gt;&gt;</a>&nbsp;&nbsp;&nbsp;std_n
</UL>

<P><STRONG><a name="[83]"></a>dropped_sat16_get</STRONG> (Thumb, 16 bytes, Stack size 8 bytes, nrf_log_frontend.o(i.dropped_sat16_get))
<BR><BR>[Stack]<UL><LI>Max Depth = 16<LI>Call Chain = dropped_sat16_get &rArr; nrf_atomic_u32_fetch_store
</UL>
<BR>[Calls]<UL><LI><a href="#[84]">&gt;&gt;</a>&nbsp;&nbsp;&nbsp;nrf_atomic_u32_fetch_store
</UL>
<BR>[Called By]<UL><LI><a href="#[99]">&gt;&gt;</a>&nbsp;&nbsp;&nbsp;nrf_log_frontend_hexdump
<LI><a href="#[d6]">&gt;&gt;</a>&nbsp;&nbsp;&nbsp;std_n
</UL>

<P><STRONG><a name="[8d]"></a>invalid_packets_omit</STRONG> (Thumb, 52 bytes, Stack size 0 bytes, nrf_log_frontend.o(i.invalid_packets_omit))
<BR><BR>[Called By]<UL><LI><a href="#[4b]">&gt;&gt;</a>&nbsp;&nbsp;&nbsp;nrf_log_frontend_dequeue
<LI><a href="#[80]">&gt;&gt;</a>&nbsp;&nbsp;&nbsp;log_skip
</UL>

<P><STRONG><a name="[80]"></a>log_skip</STRONG> (Thumb, 150 bytes, Stack size 40 bytes, nrf_log_frontend.o(i.log_skip))
<BR><BR>[Stack]<UL><LI>Max Depth = 48<LI>Call Chain = log_skip &rArr; nrf_atomic_flag_set &rArr; nrf_atomic_u32_or
</UL>
<BR>[Calls]<UL><LI><a href="#[8c]">&gt;&gt;</a>&nbsp;&nbsp;&nbsp;nrf_atomic_flag_set
<LI><a href="#[8e]">&gt;&gt;</a>&nbsp;&nbsp;&nbsp;nrf_atomic_flag_clear_fetch
<LI><a href="#[8d]">&gt;&gt;</a>&nbsp;&nbsp;&nbsp;invalid_packets_omit
</UL>
<BR>[Called By]<UL><LI><a href="#[7e]">&gt;&gt;</a>&nbsp;&nbsp;&nbsp;buf_prealloc
</UL>

<P><STRONG><a name="[92]"></a>module_idx_get</STRONG> (Thumb, 42 bytes, Stack size 12 bytes, nrf_log_frontend.o(i.module_idx_get))
<BR><BR>[Stack]<UL><LI>Max Depth = 12<LI>Call Chain = module_idx_get
</UL>
<BR>[Calls]<UL><LI><a href="#[93]">&gt;&gt;</a>&nbsp;&nbsp;&nbsp;nrf_log_module_cnt_get
</UL>
<BR>[Called By]<UL><LI><a href="#[dd]">&gt;&gt;</a>&nbsp;&nbsp;&nbsp;nrf_log_module_name_get
</UL>

<P><STRONG><a name="[d6]"></a>std_n</STRONG> (Thumb, 140 bytes, Stack size 40 bytes, nrf_log_frontend.o(i.std_n))
<BR><BR>[Stack]<UL><LI>Max Depth = 184<LI>Call Chain = std_n &rArr; nrf_log_frontend_dequeue &rArr; nrf_memobj_alloc &rArr; nrf_memobj_free &rArr; nrf_balloc_free
</UL>
<BR>[Calls]<UL><LI><a href="#[4b]">&gt;&gt;</a>&nbsp;&nbsp;&nbsp;nrf_log_frontend_dequeue
<LI><a href="#[83]">&gt;&gt;</a>&nbsp;&nbsp;&nbsp;dropped_sat16_get
<LI><a href="#[7e]">&gt;&gt;</a>&nbsp;&nbsp;&nbsp;buf_prealloc
</UL>
<BR>[Called By]<UL><LI><a href="#[6c]">&gt;&gt;</a>&nbsp;&nbsp;&nbsp;nrf_log_frontend_std_2
<LI><a href="#[4c]">&gt;&gt;</a>&nbsp;&nbsp;&nbsp;nrf_log_frontend_std_1
<LI><a href="#[4f]">&gt;&gt;</a>&nbsp;&nbsp;&nbsp;nrf_log_frontend_std_0
<LI><a href="#[6e]">&gt;&gt;</a>&nbsp;&nbsp;&nbsp;nrf_log_frontend_std_5
<LI><a href="#[4d]">&gt;&gt;</a>&nbsp;&nbsp;&nbsp;nrf_log_frontend_std_4
<LI><a href="#[4e]">&gt;&gt;</a>&nbsp;&nbsp;&nbsp;nrf_log_frontend_std_3
</UL>

<P><STRONG><a name="[d9]"></a>postfix_process</STRONG> (Thumb, 48 bytes, Stack size 8 bytes, nrf_log_str_formatter.o(i.postfix_process))
<BR><BR>[Stack]<UL><LI>Max Depth = 184<LI>Call Chain = postfix_process &rArr; nrf_fprintf &rArr; nrf_fprintf_fmt &rArr; int_print &rArr; unsigned_print &rArr; buffer_add &rArr;  buffer_add (Cycle)
</UL>
<BR>[Calls]<UL><LI><a href="#[82]">&gt;&gt;</a>&nbsp;&nbsp;&nbsp;nrf_fprintf_buffer_flush
<LI><a href="#[c0]">&gt;&gt;</a>&nbsp;&nbsp;&nbsp;nrf_fprintf
</UL>
<BR>[Called By]<UL><LI><a href="#[ca]">&gt;&gt;</a>&nbsp;&nbsp;&nbsp;nrf_log_std_entry_process
<LI><a href="#[cb]">&gt;&gt;</a>&nbsp;&nbsp;&nbsp;nrf_log_hexdump_entry_process
</UL>

<P><STRONG><a name="[d7]"></a>prefix_process</STRONG> (Thumb, 90 bytes, Stack size 16 bytes, nrf_log_str_formatter.o(i.prefix_process))
<BR><BR>[Stack]<UL><LI>Max Depth = 192<LI>Call Chain = prefix_process &rArr; nrf_fprintf &rArr; nrf_fprintf_fmt &rArr; int_print &rArr; unsigned_print &rArr; buffer_add &rArr;  buffer_add (Cycle)
</UL>
<BR>[Calls]<UL><LI><a href="#[dd]">&gt;&gt;</a>&nbsp;&nbsp;&nbsp;nrf_log_module_name_get
<LI><a href="#[f6]">&gt;&gt;</a>&nbsp;&nbsp;&nbsp;nrf_log_color_id_get
<LI><a href="#[c0]">&gt;&gt;</a>&nbsp;&nbsp;&nbsp;nrf_fprintf
</UL>
<BR>[Called By]<UL><LI><a href="#[ca]">&gt;&gt;</a>&nbsp;&nbsp;&nbsp;nrf_log_std_entry_process
<LI><a href="#[cb]">&gt;&gt;</a>&nbsp;&nbsp;&nbsp;nrf_log_hexdump_entry_process
</UL>

<P><STRONG><a name="[109]"></a>type_2_tag_internal_parse</STRONG> (Thumb, 112 bytes, Stack size 24 bytes, nfc_t2t_parser.o(i.type_2_tag_internal_parse))
<BR><BR>[Stack]<UL><LI>Max Depth = 24<LI>Call Chain = type_2_tag_internal_parse
</UL>
<BR>[Calls]<UL><LI><a href="#[4f]">&gt;&gt;</a>&nbsp;&nbsp;&nbsp;nrf_log_frontend_std_0
</UL>
<BR>[Called By]<UL><LI><a href="#[f9]">&gt;&gt;</a>&nbsp;&nbsp;&nbsp;type_2_tag_parse
</UL>

<P><STRONG><a name="[10d]"></a>type_2_tag_is_field_within_data_range</STRONG> (Thumb, 26 bytes, Stack size 0 bytes, nfc_t2t_parser.o(i.type_2_tag_is_field_within_data_range))
<BR><BR>[Called By]<UL><LI><a href="#[10c]">&gt;&gt;</a>&nbsp;&nbsp;&nbsp;type_2_tag_tlv_block_extract
</UL>

<P><STRONG><a name="[10c]"></a>type_2_tag_tlv_block_extract</STRONG> (Thumb, 176 bytes, Stack size 32 bytes, nfc_t2t_parser.o(i.type_2_tag_tlv_block_extract))
<BR><BR>[Stack]<UL><LI>Max Depth = 32<LI>Call Chain = type_2_tag_tlv_block_extract
</UL>
<BR>[Calls]<UL><LI><a href="#[10d]">&gt;&gt;</a>&nbsp;&nbsp;&nbsp;type_2_tag_is_field_within_data_range
</UL>
<BR>[Called By]<UL><LI><a href="#[10b]">&gt;&gt;</a>&nbsp;&nbsp;&nbsp;type_2_tag_tlv_parse
</UL>

<P><STRONG><a name="[10b]"></a>type_2_tag_tlv_parse</STRONG> (Thumb, 136 bytes, Stack size 16 bytes, nfc_t2t_parser.o(i.type_2_tag_tlv_parse))
<BR><BR>[Stack]<UL><LI>Max Depth = 48<LI>Call Chain = type_2_tag_tlv_parse &rArr; type_2_tag_tlv_block_extract
</UL>
<BR>[Calls]<UL><LI><a href="#[4f]">&gt;&gt;</a>&nbsp;&nbsp;&nbsp;nrf_log_frontend_std_0
<LI><a href="#[10c]">&gt;&gt;</a>&nbsp;&nbsp;&nbsp;type_2_tag_tlv_block_extract
</UL>
<BR>[Called By]<UL><LI><a href="#[f9]">&gt;&gt;</a>&nbsp;&nbsp;&nbsp;type_2_tag_parse
</UL>

<P><STRONG><a name="[a5]"></a>nfc_t4t_apdu_default_exchange</STRONG> (Thumb, 18 bytes, Stack size 0 bytes, nfc_t4t_hl_detection_procedures.o(i.nfc_t4t_apdu_default_exchange))
<BR><BR>[Called By]<UL><LI><a href="#[ae]">&gt;&gt;</a>&nbsp;&nbsp;&nbsp;nfc_t4t_ndef_read
<LI><a href="#[a9]">&gt;&gt;</a>&nbsp;&nbsp;&nbsp;nfc_t4t_file_select
<LI><a href="#[a3]">&gt;&gt;</a>&nbsp;&nbsp;&nbsp;nfc_t4t_cc_read
</UL>

<P><STRONG><a name="[9a]"></a>nfc_t4t_apdu_exchange</STRONG> (Thumb, 110 bytes, Stack size 32 bytes, nfc_t4t_hl_detection_procedures.o(i.nfc_t4t_apdu_exchange))
<BR><BR>[Stack]<UL><LI>Max Depth = 264<LI>Call Chain = nfc_t4t_apdu_exchange &rArr; adafruit_pn532_in_data_exchange &rArr; adafruit_pn532_cmd_send &rArr; adafruit_pn532_command_write &rArr; nrf_drv_twi_tx &rArr; nrfx_twi_tx &rArr; nrfx_twi_xfer &rArr; twi_xfer &rArr; twi_tx_start_transfer &rArr; twi_transfer &rArr; nrf_twi_event_clear
</UL>
<BR>[Calls]<UL><LI><a href="#[62]">&gt;&gt;</a>&nbsp;&nbsp;&nbsp;adafruit_pn532_in_data_exchange
<LI><a href="#[9d]">&gt;&gt;</a>&nbsp;&nbsp;&nbsp;nfc_t4t_resp_apdu_printout
<LI><a href="#[9c]">&gt;&gt;</a>&nbsp;&nbsp;&nbsp;nfc_t4t_resp_apdu_decode
<LI><a href="#[9b]">&gt;&gt;</a>&nbsp;&nbsp;&nbsp;nfc_t4t_comm_apdu_encode
</UL>
<BR>[Called By]<UL><LI><a href="#[af]">&gt;&gt;</a>&nbsp;&nbsp;&nbsp;nfc_t4t_ndef_tag_app_select
</UL>

<P><STRONG><a name="[a4]"></a>nfc_t4t_comm_apdu_clear</STRONG> (Thumb, 12 bytes, Stack size 0 bytes, nfc_t4t_hl_detection_procedures.o(i.nfc_t4t_comm_apdu_clear))
<BR><BR>[Called By]<UL><LI><a href="#[af]">&gt;&gt;</a>&nbsp;&nbsp;&nbsp;nfc_t4t_ndef_tag_app_select
<LI><a href="#[ae]">&gt;&gt;</a>&nbsp;&nbsp;&nbsp;nfc_t4t_ndef_read
<LI><a href="#[a9]">&gt;&gt;</a>&nbsp;&nbsp;&nbsp;nfc_t4t_file_select
<LI><a href="#[a3]">&gt;&gt;</a>&nbsp;&nbsp;&nbsp;nfc_t4t_cc_read
</UL>

<P><STRONG><a name="[a6]"></a>nfc_t4t_file_chunk_save</STRONG> (Thumb, 56 bytes, Stack size 24 bytes, nfc_t4t_hl_detection_procedures.o(i.nfc_t4t_file_chunk_save))
<BR><BR>[Stack]<UL><LI>Max Depth = 24<LI>Call Chain = nfc_t4t_file_chunk_save
</UL>
<BR>[Calls]<UL><LI><a href="#[59]">&gt;&gt;</a>&nbsp;&nbsp;&nbsp;__aeabi_memcpy
</UL>
<BR>[Called By]<UL><LI><a href="#[ae]">&gt;&gt;</a>&nbsp;&nbsp;&nbsp;nfc_t4t_ndef_read
<LI><a href="#[a3]">&gt;&gt;</a>&nbsp;&nbsp;&nbsp;nfc_t4t_cc_read
</UL>

<P><STRONG><a name="[a7]"></a>nfc_t4t_file_len_update</STRONG> (Thumb, 20 bytes, Stack size 0 bytes, nfc_t4t_hl_detection_procedures.o(i.nfc_t4t_file_len_update))
<BR><BR>[Called By]<UL><LI><a href="#[ae]">&gt;&gt;</a>&nbsp;&nbsp;&nbsp;nfc_t4t_ndef_read
<LI><a href="#[a3]">&gt;&gt;</a>&nbsp;&nbsp;&nbsp;nfc_t4t_cc_read
</UL>

<P><STRONG><a name="[ad]"></a>nfc_t4t_file_control_value_parse</STRONG> (Thumb, 152 bytes, Stack size 8 bytes, nfc_t4t_tlv_block.o(i.nfc_t4t_file_control_value_parse))
<BR><BR>[Stack]<UL><LI>Max Depth = 8<LI>Call Chain = nfc_t4t_file_control_value_parse
</UL>
<BR>[Called By]<UL><LI><a href="#[9f]">&gt;&gt;</a>&nbsp;&nbsp;&nbsp;nfc_t4t_file_control_tlv_parse
</UL>
<P>
<H3>
Undefined Global Symbols
</H3><HR></body></html>
