Component: ARM Compiler 5.06 update 6 (build 750) Tool: armlink [4d35ed]

==============================================================================

Section Cross References

    main.o(i.after_read_delay) refers to adafruit_pn532.o(i.adafruit_pn532_field_off) for adafruit_pn532_field_off
    main.o(i.after_read_delay) refers to app_error_handler_keil.o(.emb_text) for app_error_handler
    main.o(i.after_read_delay) refers to main.o(.constdata) for .constdata
    main.o(i.main) refers to main.o(i.utils_setup) for utils_setup
    main.o(i.main) refers to adafruit_pn532.o(i.adafruit_pn532_init) for adafruit_pn532_init
    main.o(i.main) refers to app_error_handler_keil.o(.emb_text) for app_error_handler
    main.o(i.main) refers to nrf_log_frontend.o(i.nrf_log_frontend_std_0) for nrf_log_frontend_std_0
    main.o(i.main) refers to main.o(i.tag_detect_and_read) for tag_detect_and_read
    main.o(i.main) refers to adafruit_pn532.o(i.adafruit_pn532_field_off) for adafruit_pn532_field_off
    main.o(i.main) refers to nrf_log_frontend.o(i.nrf_log_frontend_dequeue) for nrf_log_frontend_dequeue
    main.o(i.main) refers to main.o(i.after_read_delay) for after_read_delay
    main.o(i.main) refers to nrf_log_frontend.o(log_const_data) for m_nrf_log_app_logs_data_const
    main.o(i.ndef_data_analyze) refers to nfc_ndef_msg_parser.o(i.ndef_msg_parser) for ndef_msg_parser
    main.o(i.ndef_data_analyze) refers to nrf_log_frontend.o(i.nrf_log_frontend_std_0) for nrf_log_frontend_std_0
    main.o(i.ndef_data_analyze) refers to nfc_ndef_msg_parser.o(i.ndef_msg_printout) for ndef_msg_printout
    main.o(i.ndef_data_analyze) refers to nrf_log_frontend.o(log_const_data) for m_nrf_log_app_logs_data_const
    main.o(i.t2t_data_analyze) refers to nfc_t2t_parser.o(i.type_2_tag_parse) for type_2_tag_parse
    main.o(i.t2t_data_analyze) refers to nrf_log_frontend.o(i.nrf_log_frontend_std_0) for nrf_log_frontend_std_0
    main.o(i.t2t_data_analyze) refers to nfc_t2t_parser.o(i.type_2_tag_printout) for type_2_tag_printout
    main.o(i.t2t_data_analyze) refers to main.o(i.ndef_data_analyze) for ndef_data_analyze
    main.o(i.t2t_data_analyze) refers to main.o(.data) for .data
    main.o(i.t2t_data_analyze) refers to nrf_log_frontend.o(log_const_data) for m_nrf_log_app_logs_data_const
    main.o(i.t2t_data_analyze) refers to main.o(.conststring) for .conststring
    main.o(i.t2t_data_read) refers to adafruit_pn532.o(i.adafruit_pn532_tag2_read) for adafruit_pn532_tag2_read
    main.o(i.t2t_data_read) refers to nrf_log_frontend.o(i.nrf_log_frontend_std_2) for nrf_log_frontend_std_2
    main.o(i.t2t_data_read) refers to nrf_log_frontend.o(log_const_data) for m_nrf_log_app_logs_data_const
    main.o(i.t2t_data_read_and_analyze) refers to main.o(i.t2t_data_read) for t2t_data_read
    main.o(i.t2t_data_read_and_analyze) refers to main.o(i.t2t_data_analyze) for t2t_data_analyze
    main.o(i.t2t_data_read_and_analyze) refers to main.o(.bss) for .bss
    main.o(i.t4t_data_read_and_analyze) refers to nfc_t4t_hl_detection_procedures.o(i.nfc_t4t_ndef_tag_app_select) for nfc_t4t_ndef_tag_app_select
    main.o(i.t4t_data_read_and_analyze) refers to nfc_t4t_hl_detection_procedures.o(i.nfc_t4t_cc_select) for nfc_t4t_cc_select
    main.o(i.t4t_data_read_and_analyze) refers to nfc_t4t_hl_detection_procedures.o(i.nfc_t4t_cc_read) for nfc_t4t_cc_read
    main.o(i.t4t_data_read_and_analyze) refers to nfc_t4t_hl_detection_procedures.o(i.nfc_t4t_file_select) for nfc_t4t_file_select
    main.o(i.t4t_data_read_and_analyze) refers to nfc_t4t_hl_detection_procedures.o(i.nfc_t4t_ndef_read) for nfc_t4t_ndef_read
    main.o(i.t4t_data_read_and_analyze) refers to nrf_log_frontend.o(i.nrf_log_frontend_std_1) for nrf_log_frontend_std_1
    main.o(i.t4t_data_read_and_analyze) refers to nfc_t4t_cc_file.o(i.nfc_t4t_cc_file_printout) for nfc_t4t_cc_file_printout
    main.o(i.t4t_data_read_and_analyze) refers to main.o(i.ndef_data_analyze) for ndef_data_analyze
    main.o(i.t4t_data_read_and_analyze) refers to nrf_log_frontend.o(log_const_data) for m_nrf_log_app_logs_data_const
    main.o(i.t4t_data_read_and_analyze) refers to main.o(.data) for .data
    main.o(i.t4t_data_read_and_analyze) refers to main.o(.bss) for .bss
    main.o(i.tag_detect_and_read) refers to adafruit_pn532.o(i.adafruit_pn532_nfc_a_target_init) for adafruit_pn532_nfc_a_target_init
    main.o(i.tag_detect_and_read) refers to adafruit_pn532.o(i.adafruit_pn532_tag_info_printout) for adafruit_pn532_tag_info_printout
    main.o(i.tag_detect_and_read) refers to main.o(i.tag_type_identify) for tag_type_identify
    main.o(i.tag_detect_and_read) refers to nrf_log_frontend.o(i.nrf_log_frontend_std_0) for nrf_log_frontend_std_0
    main.o(i.tag_detect_and_read) refers to main.o(i.t2t_data_read_and_analyze) for t2t_data_read_and_analyze
    main.o(i.tag_detect_and_read) refers to main.o(i.t4t_data_read_and_analyze) for t4t_data_read_and_analyze
[...]
    i.uart_evt_handler                       0x00004b60   Section        0  nrf_log_backend_uart.o(i.uart_evt_handler)
    uart_evt_handler                         0x00004b61   Thumb Code     8  nrf_log_backend_uart.o(i.uart_evt_handler)
    i.uart_init                              0x00004b6c   Section        0  nrf_log_backend_uart.o(i.uart_init)
    uart_init                                0x00004b6d   Thumb Code    70  nrf_log_backend_uart.o(i.uart_init)
    i.uart_irq_handler                       0x00004bc4   Section        0  nrfx_uart.o(i.uart_irq_handler)
    uart_irq_handler                         0x00004bc5   Thumb Code   298  nrfx_uart.o(i.uart_irq_handler)
    i.uarte_evt_handler                      0x00004cf0   Section        0  nrf_drv_uart.o(i.uarte_evt_handler)
    uarte_evt_handler                        0x00004cf1   Thumb Code    42  nrf_drv_uart.o(i.uarte_evt_handler)
    i.uarte_irq_handler                      0x00004d20   Section        0  nrfx_uarte.o(i.uarte_irq_handler)
    uarte_irq_handler                        0x00004d21   Thumb Code   274  nrfx_uarte.o(i.uarte_irq_handler)
    i.unsigned_print                         0x00004e34   Section        0  nrf_fprintf_format.o(i.unsigned_print)
    unsigned_print                           0x00004e35   Thumb Code   176  nrf_fprintf_format.o(i.unsigned_print)
    i.utils_setup                            0x00004ee8   Section        0  main.o(i.utils_setup)
    .constdata                               0x00004f20   Section        6  main.o(.constdata)
    delay_machine_code                       0x00004f20   Data           6  main.o(.constdata)
    .constdata                               0x00004f26   Section        8  boards.o(.constdata)
    m_board_led_list                         0x00004f26   Data           4  boards.o(.constdata)
    m_board_btn_list                         0x00004f2a   Data           4  boards.o(.constdata)
    .constdata                               0x00004f30   Section       56  adafruit_pn532.o(.constdata)
    m_pn532_ack                              0x00004f30   Data           6  adafruit_pn532.o(.constdata)
    m_pn532_rsp_firmware_ver                 0x00004f36   Data           6  adafruit_pn532.o(.constdata)
    delay_machine_code                       0x00004f40   Data           6  adafruit_pn532.o(.constdata)
    m_twi_master                             0x00004f48   Data          16  adafruit_pn532.o(.constdata)
    .constdata                               0x00004f70   Section        6  nrf_drv_twi.o(.constdata)
    delay_machine_code                       0x00004f70   Data           6  nrf_drv_twi.o(.constdata)
    .constdata                               0x00004f78   Section        4  nrfx_gpiote.o(.constdata)
    .constdata                               0x00004f7c   Section       24  nrfx_twi.o(.constdata)
    irq_handlers                             0x00004f7c   Data           4  nrfx_twi.o(.constdata)
    .constdata                               0x00004f94   Section        4  nrfx_uart.o(.constdata)
    irq_handlers                             0x00004f94   Data           4  nrfx_uart.o(.constdata)
    .constdata                               0x00004f98   Section        4  nrfx_uarte.o(.constdata)
    irq_handlers                             0x00004f98   Data           4  nrfx_uarte.o(.constdata)
    .constdata                               0x00004f9c   Section       16  nrf_fprintf_format.o(.constdata)
    _aV2C                                    0x00004f9c   Data          16  nrf_fprintf_format.o(.constdata)
    .constdata                               0x00004fac   Section      300  nrf_strerror.o(.constdata)
    m_unknown_str                            0x00004fac   Data          19  nrf_strerror.o(.constdata)
    nrf_strerror_array                       0x00004fc0   Data         280  nrf_strerror.o(.constdata)
    .constdata                               0x000050d8   Section       12  nrf_log_backend_uart.o(.constdata)
    .constdata                               0x000050e4   Section       32  nrf_log_backend_uart.o(.constdata)
    .constdata                               0x00005104   Section       12  nrf_log_frontend.o(.constdata)
    m_log_push_ringbuf                       0x00005104   Data          12  nrf_log_frontend.o(.constdata)
    .constdata                               0x00005110   Section       32  nfc_ndef_record_parser.o(.constdata)
    .constdata                               0x00005130   Section        9  nfc_t4t_hl_detection_procedures.o(.constdata)
    m_nlen_update_value                      0x00005130   Data           2  nfc_t4t_hl_detection_procedures.o(.constdata)
    m_nfc_t4t_select_ndef_app_data           0x00005132   Data           7  nfc_t4t_hl_detection_procedures.o(.constdata)
    .constdata                               0x00005139   Section      129  ctype_o.o(.constdata)
    .constdata                               0x000051bc   Section        4  ctype_o.o(.constdata)
    table                                    0x000051bc   Data           4  ctype_o.o(.constdata)
    .conststring                             0x000051c0   Section       65  main.o(.conststring)
    .conststring                             0x00005204   Section     1301  hardfault_implementation.o(.conststring)
    .conststring                             0x0000571c   Section      959  nrf_strerror.o(.conststring)
    .conststring                             0x00005adc   Section       70  nrf_log_backend_uart.o(.conststring)
    .conststring                             0x00005b24   Section       93  nrf_log_str_formatter.o(.conststring)
    .conststring                             0x00005b84   Section      150  nfc_ndef_record_parser.o(.conststring)
    .conststring                             0x00005c1c   Section       65  nfc_t4t_cc_file.o(.conststring)
    .conststrlit                             0x00005c60   Section       15  adafruit_pn532.o(.conststrlit)
    .conststrlit                             0x00005c70   Section        7  nrfx_gpiote.o(.conststrlit)
    .conststrlit                             0x00005c78   Section        4  nrfx_prs.o(.conststrlit)
    .conststrlit                             0x00005c7c   Section        4  nrfx_twi.o(.conststrlit)
    .conststrlit                             0x00005c80   Section        5  nrfx_uart.o(.conststrlit)
    .conststrlit                             0x00005c88   Section        6  nrfx_uarte.o(.conststrlit)
    .conststrlit                             0x00005c90   Section       11  app_button.o(.conststrlit)
    .conststrlit                             0x00005c9c   Section       10  app_timer2.o(.conststrlit)
    .conststrlit                             0x00005ca8   Section       10  hardfault_implementation.o(.conststrlit)
    .conststrlit                             0x00005cb4   Section        9  nrf_sortlist.o(.conststrlit)
    .conststrlit                             0x00005cc0   Section       17  nrf_log_default_backends.o(.conststrlit)
    .conststrlit                             0x00005cd4   Section        4  nrf_log_frontend.o(.conststrlit)
    .conststrlit                             0x00005cd8   Section       20  nfc_ndef_msg_parser.o(.conststrlit)
    .conststrlit                             0x00005cec   Section       16  nfc_ndef_record_parser.o(.conststrlit)
    .conststrlit                             0x00005cfc   Section       15  nfc_t2t_parser.o(.conststrlit)
    .conststrlit                             0x00005d0c   Section       13  nfc_t4t_apdu.o(.conststrlit)
    .conststrlit                             0x00005d1c   Section       23  nfc_t4t_cc_file.o(.conststrlit)
    .conststrlit                             0x00005d34   Section       32  nfc_t4t_hl_detection_procedures.o(.conststrlit)
    .conststrlit                             0x00005d54   Section       25  nfc_t4t_tlv_block.o(.conststrlit)
    log_backends                             0x00005d90   Section       16  nrf_log_default_backends.o(log_backends)
    __tagsym$$used                           0x00005d90   Number         0  nrf_log_default_backends.o(log_backends)
    uart_log_backend                         0x00005d90   Data          16  nrf_log_default_backends.o(log_backends)
    log_const_data                           0x00005da0   Section        8  adafruit_pn532.o(log_const_data)
    __tagsym$$used                           0x00005da0   Number         0  adafruit_pn532.o(log_const_data)
    log_const_data                           0x00005da8   Section        8  nrfx_gpiote.o(log_const_data)
    __tagsym$$used                           0x00005da8   Number         0  nrfx_gpiote.o(log_const_data)
    log_const_data                           0x00005db0   Section        8  nrfx_prs.o(log_const_data)
    __tagsym$$used                           0x00005db0   Number         0  nrfx_prs.o(log_const_data)
    log_const_data                           0x00005db8   Section        8  nrfx_twi.o(log_const_data)
    __tagsym$$used                           0x00005db8   Number         0  nrfx_twi.o(log_const_data)
    log_const_data                           0x00005dc0   Section        8  nrfx_uart.o(log_const_data)
    __tagsym$$used                           0x00005dc0   Number         0  nrfx_uart.o(log_const_data)
    log_const_data                           0x00005dc8   Section        8  nrfx_uarte.o(log_const_data)
    __tagsym$$used                           0x00005dc8   Number         0  nrfx_uarte.o(log_const_data)
    log_const_data                           0x00005dd0   Section        8  app_button.o(log_const_data)
    __tagsym$$used                           0x00005dd0   Number         0  app_button.o(log_const_data)
    log_const_data                           0x00005dd8   Section        8  app_timer2.o(log_const_data)
    __tagsym$$used                           0x00005dd8   Number         0  app_timer2.o(log_const_data)
    log_const_data                           0x00005de0   Section        8  hardfault_implementation.o(log_const_data)
    __tagsym$$used                           0x00005de0   Number         0  hardfault_implementation.o(log_const_data)
    log_const_data                           0x00005de8   Section        8  nrf_sortlist.o(log_const_data)
    __tagsym$$used                           0x00005de8   Number         0  nrf_sortlist.o(log_const_data)
    log_const_data                           0x00005df0   Section        8  nrf_log_frontend.o(log_const_data)
    __tagsym$$used                           0x00005df0   Number         0  nrf_log_frontend.o(log_const_data)
    log_const_data                           0x00005df8   Section        8  nfc_ndef_msg_parser.o(log_const_data)
    __tagsym$$used                           0x00005df8   Number         0  nfc_ndef_msg_parser.o(log_const_data)
    log_const_data                           0x00005e00   Section        8  nfc_ndef_record_parser.o(log_const_data)
    __tagsym$$used                           0x00005e00   Number         0  nfc_ndef_record_parser.o(log_const_data)
    log_const_data                           0x00005e08   Section        8  nfc_t2t_parser.o(log_const_data)
    __tagsym$$used                           0x00005e08   Number         0  nfc_t2t_parser.o(log_const_data)
    log_const_data                           0x00005e10   Section        8  nfc_t4t_apdu.o(log_const_data)
    __tagsym$$used                           0x00005e10   Number         0  nfc_t4t_apdu.o(log_const_data)
    log_const_data                           0x00005e18   Section        8  nfc_t4t_cc_file.o(log_const_data)
    __tagsym$$used                           0x00005e18   Number         0  nfc_t4t_cc_file.o(log_const_data)
    log_const_data                           0x00005e20   Section        8  nfc_t4t_hl_detection_procedures.o(log_const_data)
    __tagsym$$used                           0x00005e20   Number         0  nfc_t4t_hl_detection_procedures.o(log_const_data)
    log_const_data                           0x00005e28   Section        8  nfc_t4t_tlv_block.o(log_const_data)
    __tagsym$$used                           0x00005e28   Number         0  nfc_t4t_tlv_block.o(log_const_data)
    nrf_balloc                               0x00005e30   Section       20  nrf_log_frontend.o(nrf_balloc)
    __tagsym$$used                           0x00005e30   Number         0  nrf_log_frontend.o(nrf_balloc)
    .data                                    0x20000000   Section       52  main.o(.data)
    test_1_type_2_tag                        0x20000000   Data          36  main.o(.data)
    cc_file_type_4_tag                       0x20000024   Data          16  main.o(.data)
    .data                                    0x20000034   Section       10  adafruit_pn532.o(.data)
    m_lib_initialized                        0x20000034   Data           1  adafruit_pn532.o(.data)
    m_pn532_object                           0x20000035   Data           9  adafruit_pn532.o(.data)
    .data                                    0x20000040   Section       16  nrf_drv_twi.o(.data)
    m_handlers                               0x20000040   Data           8  nrf_drv_twi.o(.data)
    m_contexts                               0x20000048   Data           8  nrf_drv_twi.o(.data)
    .data                                    0x20000050   Section       12  nrf_drv_uart.o(.data)
    m_handlers                               0x20000054   Data           4  nrf_drv_uart.o(.data)
    m_contexts                               0x20000058   Data           4  nrf_drv_uart.o(.data)
    .data                                    0x2000005c   Section        8  nrfx_prs.o(.data)
    m_prs_box_4                              0x2000005c   Data           8  nrfx_prs.o(.data)
    .data                                    0x20000064   Section        4  app_util_platform.o(.data)
    m_in_critical_region                     0x20000064   Data           4  app_util_platform.o(.data)
    .data                                    0x20000068   Section       12  drv_rtc.o(.data)
    m_handlers                               0x20000068   Data           4  drv_rtc.o(.data)
    m_cb                                     0x2000006c   Data           8  drv_rtc.o(.data)
    .data                                    0x20000074   Section      104  hardfault_implementation.o(.data)
    cfsr_msgs                                0x20000074   Data         104  hardfault_implementation.o(.data)
    .data                                    0x200000dc   Section       24  nrf_log_backend_uart.o(.data)
    m_xfer_done                              0x200000dc   Data           1  nrf_log_backend_uart.o(.data)
    m_async_mode                             0x200000dd   Data           1  nrf_log_backend_uart.o(.data)
    .data                                    0x200000f4   Section        8  nrf_log_default_backends.o(.data)
    log_backend_cb_uart_log_backend          0x200000f4   Data           8  nrf_log_default_backends.o(.data)
    .data                                    0x200000fc   Section        4  nrf_log_frontend.o(.data)
    m_buffer_mask                            0x200000fc   Data           4  nrf_log_frontend.o(.data)
    .data                                    0x20000100   Section        8  nrf_log_frontend.o(.data)
    log_mempool_nrf_balloc_pool_stack        0x20000100   Data           8  nrf_log_frontend.o(.data)
    .data                                    0x20000108   Section        8  nrf_log_frontend.o(.data)
    log_mempool_nrf_balloc_cb                0x20000108   Data           8  nrf_log_frontend.o(.data)
    .data                                    0x20000110   Section       64  nrf_log_str_formatter.o(.data)
    m_freq                                   0x20000110   Data           4  nrf_log_str_formatter.o(.data)
    m_timestamp_div                          0x20000114   Data           4  nrf_log_str_formatter.o(.data)
    severity_names                           0x20000118   Data          20  nrf_log_str_formatter.o(.data)
    m_colors                                 0x2000012c   Data          36  nrf_log_str_formatter.o(.data)
    .data                                    0x20000150   Section        2  nfc_t4t_hl_detection_procedures.o(.data)
    m_file_id                                0x20000150   Data           2  nfc_t4t_hl_detection_procedures.o(.data)
    .data                                    0x20000154   Section        4  system_nrf52.o(.data)
    __tagsym$$used                           0x20000154   Number         0  system_nrf52.o(.data)
    .bss                                     0x20000158   Section       80  main.o(.bss)
    test_1_tlv_block_array                   0x20000158   Data          80  main.o(.bss)
    .bss                                     0x200001a8   Section     3574  main.o(.bss)
    t2t_data                                 0x200001a8   Data        1024  main.o(.bss)
    ndef_files_buffs                         0x200005a8   Data        2550  main.o(.bss)
    .bss                                     0x20000fa0   Section      200  main.o(.bss)
    cc_file_tlv_block_array                  0x20000fa0   Data         200  main.o(.bss)
    .bss                                     0x20001068   Section      512  adafruit_pn532.o(.bss)
    m_pn532_packet_buf                       0x20001068   Data         256  adafruit_pn532.o(.bss)
    m_pn532_rxtx_buffer                      0x20001168   Data         256  adafruit_pn532.o(.bss)
    .bss                                     0x20001268   Section       92  nrfx_gpiote.o(.bss)
    m_cb                                     0x20001268   Data          92  nrfx_gpiote.o(.bss)
    .bss                                     0x200012c4   Section       60  nrfx_twi.o(.bss)
    m_cb                                     0x200012c4   Data          60  nrfx_twi.o(.bss)
    .bss                                     0x20001300   Section       44  nrfx_uart.o(.bss)
    m_cb                                     0x20001300   Data          44  nrfx_uart.o(.bss)
    .bss                                     0x2000132c   Section       36  nrfx_uarte.o(.bss)
    m_cb                                     0x2000132c   Data          36  nrfx_uarte.o(.bss)
    .bss                                     0x20001350   Section       32  app_error.o(.bss)
    m_error_data                             0x20001350   Data          32  app_error.o(.bss)
    .bss                                     0x20001370   Section       64  nrf_log_backend_uart.o(.bss)
    m_string_buff                            0x20001370   Data          64  nrf_log_backend_uart.o(.bss)
    .bss                                     0x200013b0   Section      192  nrf_log_frontend.o(.bss)
    log_mempool_nrf_balloc_pool_mem          0x200013b0   Data         192  nrf_log_frontend.o(.bss)
    .bss                                     0x20001470   Section      128  nrf_log_frontend.o(.bss)
    m_log_push_ringbuf_buf                   0x20001470   Data         128  nrf_log_frontend.o(.bss)
    .bss                                     0x200014f0   Section       24  nrf_log_frontend.o(.bss)
    m_log_push_ringbuf_cb                    0x200014f0   Data          24  nrf_log_frontend.o(.bss)
    .bss                                     0x20001508   Section     1056  nrf_log_frontend.o(.bss)
    m_log_data                               0x20001508   Data        1056  nrf_log_frontend.o(.bss)
    STACK                                    0x20001928   Section     8192  arm_startup_nrf52.o(STACK)

    Global Symbols

    Symbol Name                              Value     Ov Type        Size  Object(Section)

    BuildAttributes$$THM_ISAv4$E$P$D$K$B$S$7EM$VFPi3$EXTD16$VFPS$VFMA$PE$A:L22UL41UL21$X:L11$S22US41US21$IEEE1$IW$USESV6$~STKCKD$USESV7$~SHL$OSPACE$EBA8$MICROLIB$REQ8$EABIv2 0x00000000   Number         0  anon$$obj.o ABSOLUTE
    __ARM_use_no_argv                        0x00000000   Number         0  main.o ABSOLUTE
    __Vectors                                0x00000000   Data           4  arm_startup_nrf52.o(RESET)
    __use_no_errno                           0x00000000   Number         0  useno.o ABSOLUTE
    __use_no_exception_handling              0x00000000   Number         0  useno.o ABSOLUTE
    __use_no_fp                              0x00000000   Number         0  useno.o ABSOLUTE
    __use_no_heap                            0x00000000   Number         0  useno.o ABSOLUTE
    __use_no_heap_region                     0x00000000   Number         0  useno.o ABSOLUTE
    __use_no_semihosting                     0x00000000   Number         0  useno.o ABSOLUTE
    __use_no_semihosting_swi                 0x00000000   Number         0  useno.o ABSOLUTE
    __use_no_signal_handling                 0x00000000   Number         0  useno.o ABSOLUTE
    __cpp_initialize__aeabi_                  - Undefined Weak Reference
    __cxa_finalize                            - Undefined Weak Reference
    _clock_init                               - Undefined Weak Reference
    _microlib_exit                            - Undefined Weak Reference
    log_dynamic_data$$Base                    - Undefined Reference
    __Vectors_End                            0x00000200   Data           0  arm_startup_nrf52.o(RESET)
    __Vectors_Size                           0x00000200   Number         0  arm_startup_nrf52.o ABSOLUTE
    __main                                   0x00000201   Thumb Code     0  entry.o(.ARM.Collect$$$$00000000)
    _main_stk                                0x00000201   Thumb Code     0  entry2.o(.ARM.Collect$$$$00000001)
    _main_scatterload                        0x00000205   Thumb Code     0  entry5.o(.ARM.Collect$$$$00000004)
    __main_after_scatterload                 0x00000209   Thumb Code     0  entry5.o(.ARM.Collect$$$$00000004)
    _main_clock                              0x00000209   Thumb Code     0  entry7b.o(.ARM.Collect$$$$00000008)
    _main_cpp_init                           0x00000209   Thumb Code     0  entry8b.o(.ARM.Collect$$$$0000000A)
    _main_init                               0x00000209   Thumb Code     0  entry9a.o(.ARM.Collect$$$$0000000B)
    __rt_final_cpp                           0x00000211   Thumb Code     0  entry10a.o(.ARM.Collect$$$$0000000D)
    __rt_final_exit                          0x00000211   Thumb Code     0  entry11a.o(.ARM.Collect$$$$0000000F)
    app_error_handler                        0x00000215   Thumb Code    26  app_error_handler_keil.o(.emb_text)
    HardFault_Handler                        0x00000231   Thumb Code    40  hardfault_handler_keil.o(.emb_text)
    __asm___12_nrf_atomic_c_85ca2469__nrf_atomic_internal_mov 0x00000265   Thumb Code    24  nrf_atomic.o(.emb_text)
    __asm___12_nrf_atomic_c_85ca2469__nrf_atomic_internal_orr 0x0000027d   Thumb Code    26  nrf_atomic.o(.emb_text)
    __asm___12_nrf_atomic_c_85ca2469__nrf_atomic_internal_and 0x00000297   Thumb Code    26  nrf_atomic.o(.emb_text)
    __asm___12_nrf_atomic_c_85ca2469__nrf_atomic_internal_eor 0x000002b1   Thumb Code    26  nrf_atomic.o(.emb_text)
    __asm___12_nrf_atomic_c_85ca2469__nrf_atomic_internal_add 0x000002cb   Thumb Code    26  nrf_atomic.o(.emb_text)
    __asm___12_nrf_atomic_c_85ca2469__nrf_atomic_internal_sub 0x000002e5   Thumb Code    26  nrf_atomic.o(.emb_text)
    __asm___12_nrf_atomic_c_85ca2469__nrf_atomic_internal_cmp_exch 0x000002ff   Thumb Code    42  nrf_atomic.o(.emb_text)
    __asm___12_nrf_atomic_c_85ca2469__nrf_atomic_internal_sub_hs 0x00000329   Thumb Code    30  nrf_atomic.o(.emb_text)
    Reset_Handler                            0x00000349   Thumb Code     8  arm_startup_nrf52.o(.text)
    NMI_Handler                              0x00000351   Thumb Code     2  arm_startup_nrf52.o(.text)
    MemoryManagement_Handler                 0x00000355   Thumb Code     2  arm_startup_nrf52.o(.text)
    BusFault_Handler                         0x00000357   Thumb Code     2  arm_startup_nrf52.o(.text)
    UsageFault_Handler                       0x00000359   Thumb Code     2  arm_startup_nrf52.o(.text)
    SVC_Handler                              0x0000035b   Thumb Code     2  arm_startup_nrf52.o(.text)
    DebugMon_Handler                         0x0000035d   Thumb Code     2  arm_startup_nrf52.o(.text)
    PendSV_Handler                           0x0000035f   Thumb Code     2  arm_startup_nrf52.o(.text)
    SysTick_Handler                          0x00000361   Thumb Code     2  arm_startup_nrf52.o(.text)
    CCM_AAR_IRQHandler                       0x00000363   Thumb Code     0  arm_startup_nrf52.o(.text)
    COMP_LPCOMP_IRQHandler                   0x00000363   Thumb Code     0  arm_startup_nrf52.o(.text)
    ECB_IRQHandler                           0x00000363   Thumb Code     0  arm_startup_nrf52.o(.text)
    FPU_IRQHandler                           0x00000363   Thumb Code     0  arm_startup_nrf52.o(.text)
    I2S_IRQHandler                           0x00000363   Thumb Code     0  arm_startup_nrf52.o(.text)
    MWU_IRQHandler                           0x00000363   Thumb Code     0  arm_startup_nrf52.o(.text)
    NFCT_IRQHandler                          0x00000363   Thumb Code     0  arm_startup_nrf52.o(.text)
    PDM_IRQHandler                           0x00000363   Thumb Code     0  arm_startup_nrf52.o(.text)
    POWER_CLOCK_IRQHandler                   0x00000363   Thumb Code     0  arm_startup_nrf52.o(.text)
    PWM0_IRQHandler                          0x00000363   Thumb Code     0  arm_startup_nrf52.o(.text)
    PWM1_IRQHandler                          0x00000363   Thumb Code     0  arm_startup_nrf52.o(.text)
    PWM2_IRQHandler                          0x00000363   Thumb Code     0  arm_startup_nrf52.o(.text)
    QDEC_IRQHandler                          0x00000363   Thumb Code     0  arm_startup_nrf52.o(.text)
    RADIO_IRQHandler                         0x00000363   Thumb Code     0  arm_startup_nrf52.o(.text)
    RNG_IRQHandler                           0x00000363   Thumb Code     0  arm_startup_nrf52.o(.text)
    RTC0_IRQHandler                          0x00000363   Thumb Code     0  arm_startup_nrf52.o(.text)
    RTC2_IRQHandler                          0x00000363   Thumb Code     0  arm_startup_nrf52.o(.text)
    SAADC_IRQHandler                         0x00000363   Thumb Code     0  arm_startup_nrf52.o(.text)
    SPIM1_SPIS1_TWIM1_TWIS1_SPI1_TWI1_IRQHandler 0x00000363   Thumb Code     0  arm_startup_nrf52.o(.text)
    SPIM2_SPIS2_SPI2_IRQHandler              0x00000363   Thumb Code     0  arm_startup_nrf52.o(.text)
    SWI0_EGU0_IRQHandler                     0x00000363   Thumb Code     0  arm_startup_nrf52.o(.text)
    SWI1_EGU1_IRQHandler                     0x00000363   Thumb Code     0  arm_startup_nrf52.o(.text)
    SWI2_EGU2_IRQHandler                     0x00000363   Thumb Code     0  arm_startup_nrf52.o(.text)
    SWI3_EGU3_IRQHandler                     0x00000363   Thumb Code     0  arm_startup_nrf52.o(.text)
    SWI4_EGU4_IRQHandler                     0x00000363   Thumb Code     0  arm_startup_nrf52.o(.text)
    SWI5_EGU5_IRQHandler                     0x00000363   Thumb Code     0  arm_startup_nrf52.o(.text)
    TEMP_IRQHandler                          0x00000363   Thumb Code     0  arm_startup_nrf52.o(.text)
    TIMER0_IRQHandler                        0x00000363   Thumb Code     0  arm_startup_nrf52.o(.text)
    TIMER1_IRQHandler                        0x00000363   Thumb Code     0  arm_startup_nrf52.o(.text)
    TIMER2_IRQHandler                        0x00000363   Thumb Code     0  arm_startup_nrf52.o(.text)
    TIMER3_IRQHandler                        0x00000363   Thumb Code     0  arm_startup_nrf52.o(.text)
    TIMER4_IRQHandler                        0x00000363   Thumb Code     0  arm_startup_nrf52.o(.text)
    WDT_IRQHandler                           0x00000363   Thumb Code     0  arm_startup_nrf52.o(.text)
    __rt_ctype_table                         0x0000036d   Thumb Code     4  ctype_o.o(.text)
    __aeabi_memcpy                           0x00000375   Thumb Code    36  memcpya.o(.text)
    __aeabi_memcpy4                          0x00000375   Thumb Code     0  memcpya.o(.text)
    __aeabi_memcpy8                          0x00000375   Thumb Code     0  memcpya.o(.text)
    __aeabi_memset                           0x00000399   Thumb Code    14  memseta.o(.text)
    __aeabi_memset4                          0x00000399   Thumb Code     0  memseta.o(.text)
    __aeabi_memset8                          0x00000399   Thumb Code     0  memseta.o(.text)
    __aeabi_memclr                           0x000003a7   Thumb Code     4  memseta.o(.text)
    __aeabi_memclr4                          0x000003a7   Thumb Code     0  memseta.o(.text)
    __aeabi_memclr8                          0x000003a7   Thumb Code     0  memseta.o(.text)
    _memset$wrapper                          0x000003ab   Thumb Code    18  memseta.o(.text)
    strlen                                   0x000003bd   Thumb Code    14  strlen.o(.text)
    memcmp                                   0x000003cb   Thumb Code    26  memcmp.o(.text)
    __scatterload                            0x000003e5   Thumb Code    28  init.o(.text)
    __scatterload_rt2                        0x000003e5   Thumb Code     0  init.o(.text)
    __decompress                             0x00000409   Thumb Code     0  __dczerorl.o(.text)
    __decompress0                            0x00000409   Thumb Code    58  __dczerorl.o(.text)
    GPIOTE_IRQHandler                        0x00000445   Thumb Code   154  nrfx_gpiote.o(i.GPIOTE_IRQHandler)
    HardFault_c_handler                      0x000004e9   Thumb Code   210  hardfault_implementation.o(i.HardFault_c_handler)
    HardFault_process                        0x000006c5   Thumb Code    26  hardfault_implementation.o(i.HardFault_process)
    RTC1_IRQHandler                          0x000006e9   Thumb Code    12  drv_rtc.o(i.RTC1_IRQHandler)
    SPIM0_SPIS0_TWIM0_TWIS0_SPI0_TWI0_IRQHandler 0x000006f9   Thumb Code     8  nrfx_twi.o(i.SPIM0_SPIS0_TWIM0_TWIS0_SPI0_TWI0_IRQHandler)
    SystemInit                               0x00000709   Thumb Code   736  system_nrf52.o(i.SystemInit)
    UARTE0_UART0_IRQHandler                  0x00000a31   Thumb Code     6  nrfx_prs.o(i.UARTE0_UART0_IRQHandler)
    __scatterload_copy                       0x00000a3d   Thumb Code    14  handlers.o(i.__scatterload_copy)
    __scatterload_null                       0x00000a4b   Thumb Code     2  handlers.o(i.__scatterload_null)
    __scatterload_zeroinit                   0x00000a4d   Thumb Code    14  handlers.o(i.__scatterload_zeroinit)
    adafruit_pn532_ack_read                  0x00000a5d   Thumb Code    52  adafruit_pn532.o(i.adafruit_pn532_ack_read)
    adafruit_pn532_cmd_send                  0x00000a95   Thumb Code    32  adafruit_pn532.o(i.adafruit_pn532_cmd_send)
    adafruit_pn532_command_write             0x00000ab5   Thumb Code   118  adafruit_pn532.o(i.adafruit_pn532_command_write)
    adafruit_pn532_data_read                 0x00000b39   Thumb Code    76  adafruit_pn532.o(i.adafruit_pn532_data_read)
    adafruit_pn532_field_off                 0x00000b91   Thumb Code     6  adafruit_pn532.o(i.adafruit_pn532_field_off)
    adafruit_pn532_firmware_version_get      0x00000bd5   Thumb Code    74  adafruit_pn532.o(i.adafruit_pn532_firmware_version_get)
    adafruit_pn532_i2c_create                0x00000c29   Thumb Code    52  adafruit_pn532.o(i.adafruit_pn532_i2c_create)
    adafruit_pn532_in_data_exchange          0x00000c61   Thumb Code   188  adafruit_pn532.o(i.adafruit_pn532_in_data_exchange)
    adafruit_pn532_init                      0x00000d25   Thumb Code    92  adafruit_pn532.o(i.adafruit_pn532_init)
    adafruit_pn532_is_ready                  0x00000d85   Thumb Code    28  adafruit_pn532.o(i.adafruit_pn532_is_ready)
    adafruit_pn532_nfc_a_target_init         0x00000da5   Thumb Code   126  adafruit_pn532.o(i.adafruit_pn532_nfc_a_target_init)
    adafruit_pn532_passive_activation_retries_set 0x00000e2d   Thumb Code    32  adafruit_pn532.o(i.adafruit_pn532_passive_activation_retries_set)
    adafruit_pn532_sam_config                0x00000e51   Thumb Code    78  adafruit_pn532.o(i.adafruit_pn532_sam_config)
    adafruit_pn532_tag2_read                 0x00000ea5   Thumb Code    32  adafruit_pn532.o(i.adafruit_pn532_tag2_read)
    adafruit_pn532_tag_info_printout         0x00000ec5   Thumb Code     2  adafruit_pn532.o(i.adafruit_pn532_tag_info_printout)
    adafruit_pn532_waitready_ms              0x00000ec7   Thumb Code    32  adafruit_pn532.o(i.adafruit_pn532_waitready_ms)
    after_read_delay                         0x00000ee9   Thumb Code    42  main.o(i.after_read_delay)
    app_error_fault_handler                  0x00000f29   Thumb Code   142  app_error_weak.o(i.app_error_fault_handler)
    app_error_save_and_stop                  0x00001035   Thumb Code    96  app_error.o(i.app_error_save_and_stop)
    app_util_critical_region_enter           0x00001099   Thumb Code     4  app_util_platform.o(i.app_util_critical_region_enter)
    app_util_critical_region_exit            0x0000109d   Thumb Code     4  app_util_platform.o(i.app_util_critical_region_exit)
    app_util_disable_irq                     0x000010a1   Thumb Code    12  app_util_platform.o(i.app_util_disable_irq)
    app_util_enable_irq                      0x000010b1   Thumb Code    14  app_util_platform.o(i.app_util_enable_irq)
    bsp_board_init                           0x000011d5   Thumb Code    80  boards.o(i.bsp_board_init)
    bsp_board_led_off                        0x00001229   Thumb Code    10  boards.o(i.bsp_board_led_off)
    bsp_board_leds_off                       0x00001239   Thumb Code    18  boards.o(i.bsp_board_leds_off)
    buffer_is_empty                          0x00001309   Thumb Code    18  nrf_log_frontend.o(i.buffer_is_empty)
    internal_ndef_msg_parser                 0x000013eb   Thumb Code   140  nfc_ndef_msg_parser_local.o(i.internal_ndef_msg_parser)
    main                                     0x000015d9   Thumb Code   116  main.o(i.main)
    ndef_data_analyze                        0x000017b5   Thumb Code    54  main.o(i.ndef_data_analyze)
    ndef_msg_parser                          0x0000181d   Thumb Code    28  nfc_ndef_msg_parser.o(i.ndef_msg_parser)
    ndef_msg_printout                        0x00001839   Thumb Code    52  nfc_ndef_msg_parser.o(i.ndef_msg_printout)
    ndef_parser_memo_resolve                 0x00001899   Thumb Code    70  nfc_ndef_msg_parser_local.o(i.ndef_parser_memo_resolve)
    ndef_record_parser                       0x000018e1   Thumb Code   178  nfc_ndef_record_parser.o(i.ndef_record_parser)
    ndef_record_printout                     0x00001999   Thumb Code   130  nfc_ndef_record_parser.o(i.ndef_record_printout)
    nfc_ndef_bin_payload_memcopy             0x00001a81   Thumb Code    38  nfc_ndef_record.o(i.nfc_ndef_bin_payload_memcopy)
    nfc_ndef_msg_record_add                  0x00001aa7   Thumb Code    28  nfc_ndef_msg.o(i.nfc_ndef_msg_record_add)
    nfc_t4t_cc_file_parse                    0x00001b43   Thumb Code   206  nfc_t4t_cc_file.o(i.nfc_t4t_cc_file_parse)
    nfc_t4t_cc_file_printout                 0x00001c11   Thumb Code   112  nfc_t4t_cc_file.o(i.nfc_t4t_cc_file_printout)
    nfc_t4t_cc_read                          0x00001ced   Thumb Code   204  nfc_t4t_hl_detection_procedures.o(i.nfc_t4t_cc_read)
    nfc_t4t_cc_select                        0x00001ded   Thumb Code    34  nfc_t4t_hl_detection_procedures.o(i.nfc_t4t_cc_select)
    nfc_t4t_comm_apdu_encode                 0x00001e4d   Thumb Code   198  nfc_t4t_apdu.o(i.nfc_t4t_comm_apdu_encode)
    nfc_t4t_file_content_get                 0x00001f4d   Thumb Code    48  nfc_t4t_cc_file.o(i.nfc_t4t_file_content_get)
    nfc_t4t_file_content_set                 0x00001f7d   Thumb Code    26  nfc_t4t_cc_file.o(i.nfc_t4t_file_content_set)
    nfc_t4t_file_control_tlv_parse           0x00001f97   Thumb Code   122  nfc_t4t_tlv_block.o(i.nfc_t4t_file_control_tlv_parse)
    nfc_t4t_file_control_tlv_printout        0x00002011   Thumb Code   156  nfc_t4t_tlv_block.o(i.nfc_t4t_file_control_tlv_printout)
    nfc_t4t_file_select                      0x000022dd   Thumb Code   102  nfc_t4t_hl_detection_procedures.o(i.nfc_t4t_file_select)
    nfc_t4t_ndef_read                        0x00002379   Thumb Code   236  nfc_t4t_hl_detection_procedures.o(i.nfc_t4t_ndef_read)
    nfc_t4t_ndef_tag_app_select              0x0000248d   Thumb Code    94  nfc_t4t_hl_detection_procedures.o(i.nfc_t4t_ndef_tag_app_select)
    nfc_t4t_resp_apdu_decode                 0x00002525   Thumb Code    56  nfc_t4t_apdu.o(i.nfc_t4t_resp_apdu_decode)
    nfc_t4t_resp_apdu_printout               0x0000255d   Thumb Code    66  nfc_t4t_apdu.o(i.nfc_t4t_resp_apdu_printout)
    nrf_atomic_flag_clear_fetch              0x000025ed   Thumb Code     6  nrf_atomic.o(i.nrf_atomic_flag_clear_fetch)
    nrf_atomic_flag_set                      0x000025f3   Thumb Code     6  nrf_atomic.o(i.nrf_atomic_flag_set)
    nrf_atomic_u32_add                       0x000025f9   Thumb Code    12  nrf_atomic.o(i.nrf_atomic_u32_add)
    nrf_atomic_u32_fetch_and                 0x00002605   Thumb Code    10  nrf_atomic.o(i.nrf_atomic_u32_fetch_and)
    nrf_atomic_u32_fetch_store               0x0000260f   Thumb Code    10  nrf_atomic.o(i.nrf_atomic_u32_fetch_store)
    nrf_atomic_u32_or                        0x00002619   Thumb Code    12  nrf_atomic.o(i.nrf_atomic_u32_or)
    nrf_atomic_u32_sub                       0x00002625   Thumb Code    12  nrf_atomic.o(i.nrf_atomic_u32_sub)
    nrf_balloc_alloc                         0x00002631   Thumb Code    62  nrf_balloc.o(i.nrf_balloc_alloc)
    nrf_balloc_free                          0x0000266f   Thumb Code    42  nrf_balloc.o(i.nrf_balloc_free)
    nrf_balloc_init                          0x00002699   Thumb Code    48  nrf_balloc.o(i.nrf_balloc_init)
    nrf_drv_twi_init                         0x000026f9   Thumb Code    56  nrf_drv_twi.o(i.nrf_drv_twi_init)
    nrf_drv_uart_init                        0x00002749   Thumb Code    90  nrf_drv_uart.o(i.nrf_drv_uart_init)
    nrf_fprintf                              0x000027b1   Thumb Code    26  nrf_fprintf.o(i.nrf_fprintf)
    nrf_fprintf_buffer_flush                 0x000027cb   Thumb Code    24  nrf_fprintf.o(i.nrf_fprintf_buffer_flush)
    nrf_fprintf_fmt                          0x000027e3   Thumb Code   474  nrf_fprintf_format.o(i.nrf_fprintf_fmt)
    nrf_log_backend_add                      0x00002b69   Thumb Code    86  nrf_log_frontend.o(i.nrf_log_backend_add)
    nrf_log_backend_serial_put               0x00002bc5   Thumb Code   200  nrf_log_backend_serial.o(i.nrf_log_backend_serial_put)
    nrf_log_backend_uart_init                0x00002c8f   Thumb Code     6  nrf_log_backend_uart.o(i.nrf_log_backend_uart_init)
    nrf_log_color_id_get                     0x00002cd9   Thumb Code    42  nrf_log_frontend.o(i.nrf_log_color_id_get)
    nrf_log_default_backends_init            0x00002d09   Thumb Code    24  nrf_log_default_backends.o(i.nrf_log_default_backends_init)
    nrf_log_frontend_dequeue                 0x00002d25   Thumb Code   522  nrf_log_frontend.o(i.nrf_log_frontend_dequeue)
    nrf_log_frontend_hexdump                 0x00002f59   Thumb Code   160  nrf_log_frontend.o(i.nrf_log_frontend_hexdump)
    nrf_log_frontend_std_0                   0x00003001   Thumb Code     8  nrf_log_frontend.o(i.nrf_log_frontend_std_0)
    nrf_log_frontend_std_1                   0x00003009   Thumb Code    14  nrf_log_frontend.o(i.nrf_log_frontend_std_1)
    nrf_log_frontend_std_2                   0x00003017   Thumb Code    16  nrf_log_frontend.o(i.nrf_log_frontend_std_2)
    nrf_log_frontend_std_3                   0x00003027   Thumb Code    18  nrf_log_frontend.o(i.nrf_log_frontend_std_3)
    nrf_log_frontend_std_4                   0x00003039   Thumb Code    20  nrf_log_frontend.o(i.nrf_log_frontend_std_4)
    nrf_log_frontend_std_5                   0x0000304d   Thumb Code    28  nrf_log_frontend.o(i.nrf_log_frontend_std_5)
    nrf_log_hexdump_entry_process            0x00003069   Thumb Code   150  nrf_log_str_formatter.o(i.nrf_log_hexdump_entry_process)
    nrf_log_init                             0x00003119   Thumb Code    28  nrf_log_frontend.o(i.nrf_log_init)
    nrf_log_module_cnt_get                   0x00003141   Thumb Code    10  nrf_log_frontend.o(i.nrf_log_module_cnt_get)
    nrf_log_module_name_get                  0x00003155   Thumb Code    24  nrf_log_frontend.o(i.nrf_log_module_name_get)
    nrf_log_panic                            0x00003171   Thumb Code    36  nrf_log_frontend.o(i.nrf_log_panic)
    nrf_log_std_entry_process                0x00003199   Thumb Code   182  nrf_log_str_formatter.o(i.nrf_log_std_entry_process)
    nrf_memobj_alloc                         0x0000324f   Thumb Code    96  nrf_memobj.o(i.nrf_memobj_alloc)
    nrf_memobj_free                          0x000032af   Thumb Code    50  nrf_memobj.o(i.nrf_memobj_free)
    nrf_memobj_get                           0x000032e1   Thumb Code     8  nrf_memobj.o(i.nrf_memobj_get)
    nrf_memobj_pool_init                     0x000032e9   Thumb Code     4  nrf_memobj.o(i.nrf_memobj_pool_init)
    nrf_memobj_put                           0x000032ed   Thumb Code    30  nrf_memobj.o(i.nrf_memobj_put)
    nrf_memobj_read                          0x0000330b   Thumb Code    16  nrf_memobj.o(i.nrf_memobj_read)
    nrf_memobj_write                         0x0000331b   Thumb Code    16  nrf_memobj.o(i.nrf_memobj_write)
    nrf_ringbuf_init                         0x0000332b   Thumb Code    28  nrf_ringbuf.o(i.nrf_ringbuf_init)
    nrf_strerror_find                        0x00003349   Thumb Code    52  nrf_strerror.o(i.nrf_strerror_find)
    nrf_strerror_get                         0x00003381   Thumb Code    14  nrf_strerror.o(i.nrf_strerror_get)
    nrfx_prs_acquire                         0x00003405   Thumb Code    48  nrfx_prs.o(i.nrfx_prs_acquire)
    nrfx_prs_release                         0x00003435   Thumb Code    18  nrfx_prs.o(i.nrfx_prs_release)
    nrfx_twi_enable                          0x00003449   Thumb Code    28  nrfx_twi.o(i.nrfx_twi_enable)
    nrfx_twi_init                            0x00003469   Thumb Code   218  nrfx_twi.o(i.nrfx_twi_init)
    nrfx_twi_rx                              0x0000354d   Thumb Code    44  nrfx_twi.o(i.nrfx_twi_rx)
    nrfx_twi_tx                              0x0000357d   Thumb Code    54  nrfx_twi.o(i.nrfx_twi_tx)
    nrfx_twi_xfer                            0x000035b5   Thumb Code    28  nrfx_twi.o(i.nrfx_twi_xfer)
    nrfx_uart_0_irq_handler                  0x000035d5   Thumb Code     8  nrfx_uart.o(i.nrfx_uart_0_irq_handler)
    nrfx_uart_init                           0x000035e5   Thumb Code   200  nrfx_uart.o(i.nrfx_uart_init)
    nrfx_uart_tx                             0x000036b9   Thumb Code   162  nrfx_uart.o(i.nrfx_uart_tx)
    nrfx_uart_tx_in_progress                 0x00003761   Thumb Code    26  nrfx_uart.o(i.nrfx_uart_tx_in_progress)
    nrfx_uart_uninit                         0x00003781   Thumb Code   182  nrfx_uart.o(i.nrfx_uart_uninit)
    nrfx_uarte_0_irq_handler                 0x00003841   Thumb Code     8  nrfx_uarte.o(i.nrfx_uarte_0_irq_handler)
    nrfx_uarte_init                          0x00003851   Thumb Code   100  nrfx_uarte.o(i.nrfx_uarte_init)
    nrfx_uarte_tx                            0x000038bd   Thumb Code   166  nrfx_uarte.o(i.nrfx_uarte_tx)
    nrfx_uarte_tx_in_progress                0x00003969   Thumb Code    22  nrfx_uarte.o(i.nrfx_uarte_tx_in_progress)
    nrfx_uarte_uninit                        0x00003985   Thumb Code   254  nrfx_uarte.o(i.nrfx_uarte_uninit)
    t2t_data_analyze                         0x00003d79   Thumb Code    82  main.o(i.t2t_data_analyze)
    t2t_data_read                            0x00003e1d   Thumb Code   120  main.o(i.t2t_data_read)
    t2t_data_read_and_analyze                0x00003ebd   Thumb Code    26  main.o(i.t2t_data_read_and_analyze)
    t4t_data_read_and_analyze                0x00003edd   Thumb Code   196  main.o(i.t4t_data_read_and_analyze)
    tag_detect_and_read                      0x00004099   Thumb Code    94  main.o(i.tag_detect_and_read)
    tag_type_identify                        0x00004141   Thumb Code    18  main.o(i.tag_type_identify)
    type_2_tag_clear                         0x00004705   Thumb Code    20  nfc_t2t_parser.o(i.type_2_tag_clear)
    type_2_tag_parse                         0x000047df   Thumb Code   122  nfc_t2t_parser.o(i.type_2_tag_parse)
    type_2_tag_printout                      0x00004859   Thumb Code   160  nfc_t2t_parser.o(i.type_2_tag_printout)
    utils_setup                              0x00004ee9   Thumb Code    36  main.o(i.utils_setup)
    nrf_log_backend_uart_api                 0x000050d8   Data          12  nrf_log_backend_uart.o(.constdata)
    tnf_strings                              0x00005110   Data          32  nfc_ndef_record_parser.o(.constdata)
    __ctype_table                            0x00005139   Data         129  ctype_o.o(.constdata)
    Region$$Table$$Base                      0x00005d70   Number         0  anon$$obj.o(Region$$Table)
    Region$$Table$$Limit                     0x00005d90   Number         0  anon$$obj.o(Region$$Table)
    log_const_data$$Base                     0x00005da0   Number         0  adafruit_pn532.o(log_const_data)
    m_nrf_log_adafruit_pn532_logs_data_const 0x00005da0   Data           8  adafruit_pn532.o(log_const_data)
    m_nrf_log_GPIOTE_logs_data_const         0x00005da8   Data           8  nrfx_gpiote.o(log_const_data)
    m_nrf_log_PRS_logs_data_const            0x00005db0   Data           8  nrfx_prs.o(log_const_data)
    m_nrf_log_TWI_logs_data_const            0x00005db8   Data           8  nrfx_twi.o(log_const_data)
    m_nrf_log_UART_logs_data_const           0x00005dc0   Data           8  nrfx_uart.o(log_const_data)
    m_nrf_log_UARTE_logs_data_const          0x00005dc8   Data           8  nrfx_uarte.o(log_const_data)
    m_nrf_log_app_button_logs_data_const     0x00005dd0   Data           8  app_button.o(log_const_data)
    m_nrf_log_app_timer_logs_data_const      0x00005dd8   Data           8  app_timer2.o(log_const_data)
    m_nrf_log_hardfault_logs_data_const      0x00005de0   Data           8  hardfault_implementation.o(log_const_data)
    m_nrf_log_sortlist_logs_data_const       0x00005de8   Data           8  nrf_sortlist.o(log_const_data)
    m_nrf_log_app_logs_data_const            0x00005df0   Data           8  nrf_log_frontend.o(log_const_data)
    m_nrf_log_nfc_ndef_msg_parser_logs_data_const 0x00005df8   Data           8  nfc_ndef_msg_parser.o(log_const_data)
    m_nrf_log_nfc_ndef_parser_logs_data_const 0x00005e00   Data           8  nfc_ndef_record_parser.o(log_const_data)
    m_nrf_log_nfc_t2t_parser_logs_data_const 0x00005e08   Data           8  nfc_t2t_parser.o(log_const_data)
    m_nrf_log_nfc_t4t_apdu_logs_data_const   0x00005e10   Data           8  nfc_t4t_apdu.o(log_const_data)
    m_nrf_log_nfc_t4t_cc_file_parser_logs_data_const 0x00005e18   Data           8  nfc_t4t_cc_file.o(log_const_data)
    m_nrf_log_nfc_t4t_hl_detection_procedures_logs_data_const 0x00005e20   Data           8  nfc_t4t_hl_detection_procedures.o(log_const_data)
    m_nrf_log_nfc_t4t_tlv_block_parser_logs_data_const 0x00005e28   Data           8  nfc_t4t_tlv_block.o(log_const_data)
    log_const_data$$Limit                    0x00005e30   Number         0  nfc_t4t_tlv_block.o(log_const_data)
    log_mempool                              0x00005e30   Data          20  nrf_log_frontend.o(nrf_balloc)
    nrf_drv_uart_use_easy_dma                0x20000050   Data           1  nrf_drv_uart.o(.data)
    m_uart                                   0x200000e0   Data          20  nrf_log_backend_uart.o(.data)
    SystemCoreClock                          0x20000154   Data           4  system_nrf52.o(.data)
    STACK$$Base                              0x20001928   Number         0  arm_startup_nrf52.o(STACK)
    STACK$$Limit                             0x20003928   Number         0  arm_startup_nrf52.o(STACK)
    __initial_sp                             0x20003928   Data           0  arm_startup_nrf52.o(STACK)



==============================================================================

Memory Map of the image

  Image Entry point : 0x00000201

  Load Region LR_IROM1 (Base: 0x00000000, Size: 0x00005f9c, Max: 0x00080000, ABSOLUTE, COMPRESSED[0x00005ec4])

    Execution Region ER_IROM1 (Exec base: 0x00000000, Load base: 0x00000000, Size: 0x00005e44, Max: 0x00080000, ABSOLUTE)

    Exec Addr    Load Addr    Size         Type   Attr      Idx    E Section Name        Object

    0x00000000   0x00000000   0x00000200   Data   RO         4590    RESET               arm_startup_nrf52.o
    0x00000200   0x00000200   0x00000000   Code   RO         4646  * .ARM.Collect$$$$00000000  mc_w.l(entry.o)
    0x00000200   0x00000200   0x00000004   Code   RO         4700    .ARM.Collect$$$$00000001  mc_w.l(entry2.o)
    0x00000204   0x00000204   0x00000004   Code   RO         4703    .ARM.Collect$$$$00000004  mc_w.l(entry5.o)
    0x00000208   0x00000208   0x00000000   Code   RO         4705    .ARM.Collect$$$$00000008  mc_w.l(entry7b.o)
    0x00000208   0x00000208   0x00000000   Code   RO         4707    .ARM.Collect$$$$0000000A  mc_w.l(entry8b.o)
    0x00000208   0x00000208   0x00000008   Code   RO         4708    .ARM.Collect$$$$0000000B  mc_w.l(entry9a.o)
    0x00000210   0x00000210   0x00000000   Code   RO         4710    .ARM.Collect$$$$0000000D  mc_w.l(entry10a.o)
    0x00000210   0x00000210   0x00000000   Code   RO         4712    .ARM.Collect$$$$0000000F  mc_w.l(entry11a.o)
    0x00000210   0x00000210   0x00000004   Code   RO         4701    .ARM.Collect$$$$00002712  mc_w.l(entry2.o)
    0x00000214   0x00000214   0x0000001a   Code   RO         2065    .emb_text           app_error_handler_keil.o
    0x0000022e   0x0000022e   0x00000002   PAD
    0x00000230   0x00000230   0x00000034   Code   RO         2688    .emb_text           hardfault_handler_keil.o
    0x00000264   0x00000264   0x000000e2   Code   RO         2851    .emb_text           nrf_atomic.o
    0x00000346   0x00000346   0x00000002   PAD
    0x00000348   0x00000348   0x00000024   Code   RO         4591    .text               arm_startup_nrf52.o
    0x0000036c   0x0000036c   0x00000008   Code   RO         4658    .text               mc_w.l(ctype_o.o)
    0x00000374   0x00000374   0x00000024   Code   RO         4686    .text               mc_w.l(memcpya.o)
    0x00000398   0x00000398   0x00000024   Code   RO         4688    .text               mc_w.l(memseta.o)
    0x000003bc   0x000003bc   0x0000000e   Code   RO         4690    .text               mc_w.l(strlen.o)
    0x000003ca   0x000003ca   0x0000001a   Code   RO         4694    .text               mc_w.l(memcmp.o)
    0x000003e4   0x000003e4   0x00000024   Code   RO         4718    .text               mc_w.l(init.o)
    0x00000408   0x00000408   0x0000003a   Code   RO         4728    .text               mc_w.l(__dczerorl.o)
    0x00000442   0x00000442   0x00000002   PAD
    0x00000444   0x00000444   0x000000a4   Code   RO         1018    i.GPIOTE_IRQHandler  nrfx_gpiote.o
    0x000004e8   0x000004e8   0x000001dc   Code   RO         2710    i.HardFault_c_handler  hardfault_implementation.o
    0x000006c4   0x000006c4   0x00000024   Code   RO         2711    i.HardFault_process  hardfault_implementation.o
    0x000006e8   0x000006e8   0x00000010   Code   RO         2522    i.RTC1_IRQHandler   drv_rtc.o
    0x000006f8   0x000006f8   0x00000010   Code   RO         1386    i.SPIM0_SPIS0_TWIM0_TWIS0_SPI0_TWI0_IRQHandler  nrfx_twi.o
    0x00000708   0x00000708   0x00000328   Code   RO         4599    i.SystemInit        system_nrf52.o
    0x00000a30   0x00000a30   0x0000000c   Code   RO         1332    i.UARTE0_UART0_IRQHandler  nrfx_prs.o
    0x00000a3c   0x00000a3c   0x0000000e   Code   RO         4722    i.__scatterload_copy  mc_w.l(handlers.o)
    0x00000a4a   0x00000a4a   0x00000002   Code   RO         4723    i.__scatterload_null  mc_w.l(handlers.o)
    0x00000a4c   0x00000a4c   0x0000000e   Code   RO         4724    i.__scatterload_zeroinit  mc_w.l(handlers.o)
    0x00000a5a   0x00000a5a   0x00000002   PAD
    0x00000a5c   0x00000a5c   0x00000038   Code   RO          552    i.adafruit_pn532_ack_read  adafruit_pn532.o
    0x00000a94   0x00000a94   0x00000020   Code   RO          553    i.adafruit_pn532_cmd_send  adafruit_pn532.o
    0x00000ab4   0x00000ab4   0x00000084   Code   RO          554    i.adafruit_pn532_command_write  adafruit_pn532.o
    0x00000b38   0x00000b38   0x00000058   Code   RO          555    i.adafruit_pn532_data_read  adafruit_pn532.o
    0x00000b90   0x00000b90   0x00000006   Code   RO          556    i.adafruit_pn532_field_off  adafruit_pn532.o
    0x00000b96   0x00000b96   0x00000002   PAD
    0x00000b98   0x00000b98   0x0000003c   Code   RO          558    i.adafruit_pn532_field_switch  adafruit_pn532.o
    0x00000bd4   0x00000bd4   0x00000054   Code   RO          559    i.adafruit_pn532_firmware_version_get  adafruit_pn532.o
    0x00000c28   0x00000c28   0x00000038   Code   RO          560    i.adafruit_pn532_i2c_create  adafruit_pn532.o
    0x00000c60   0x00000c60   0x000000c4   Code   RO          561    i.adafruit_pn532_in_data_exchange  adafruit_pn532.o
    0x00000d24   0x00000d24   0x00000060   Code   RO          562    i.adafruit_pn532_init  adafruit_pn532.o
    0x00000d84   0x00000d84   0x00000020   Code   RO          563    i.adafruit_pn532_is_ready  adafruit_pn532.o
    0x00000da4   0x00000da4   0x00000088   Code   RO          565    i.adafruit_pn532_nfc_a_target_init  adafruit_pn532.o
    0x00000e2c   0x00000e2c   0x00000024   Code   RO          566    i.adafruit_pn532_passive_activation_retries_set  adafruit_pn532.o
    0x00000e50   0x00000e50   0x00000054   Code   RO          568    i.adafruit_pn532_sam_config  adafruit_pn532.o
    0x00000ea4   0x00000ea4   0x00000020   Code   RO          570    i.adafruit_pn532_tag2_read  adafruit_pn532.o
    0x00000ec4   0x00000ec4   0x00000002   Code   RO          571    i.adafruit_pn532_tag_info_printout  adafruit_pn532.o
    0x00000ec6   0x00000ec6   0x00000020   Code   RO          572    i.adafruit_pn532_waitready_ms  adafruit_pn532.o
    0x00000ee6   0x00000ee6   0x00000002   PAD
    0x00000ee8   0x00000ee8   0x00000040   Code   RO            4    i.after_read_delay  main.o
    0x00000f28   0x00000f28   0x0000010c   Code   RO         2087    i.app_error_fault_handler  app_error_weak.o
    0x00001034   0x00001034   0x00000064   Code   RO         2032    i.app_error_save_and_stop  app_error.o
    0x00001098   0x00001098   0x00000004   Code   RO         2460    i.app_util_critical_region_enter  app_util_platform.o
    0x0000109c   0x0000109c   0x00000004   Code   RO         2461    i.app_util_critical_region_exit  app_util_platform.o
    0x000010a0   0x000010a0   0x00000010   Code   RO         2462    i.app_util_disable_irq  app_util_platform.o
    0x000010b0   0x000010b0   0x00000014   Code   RO         2463    i.app_util_enable_irq  app_util_platform.o
    0x000010c4   0x000010c4   0x00000088   Code   RO         1574    i.apply_config      nrfx_uart.o
    0x0000114c   0x0000114c   0x00000088   Code   RO         1756    i.apply_config      nrfx_uarte.o
    0x000011d4   0x000011d4   0x00000054   Code   RO          318    i.bsp_board_init    boards.o
    0x00001228   0x00001228   0x00000010   Code   RO          321    i.bsp_board_led_off  boards.o
    0x00001238   0x00001238   0x00000012   Code   RO          324    i.bsp_board_leds_off  boards.o
    0x0000124a   0x0000124a   0x00000002   PAD
    0x0000124c   0x0000124c   0x0000008c   Code   RO         3498    i.buf_prealloc      nrf_log_frontend.o
    0x000012d8   0x000012d8   0x0000002e   Code   RO         3066    i.buffer_add        nrf_fprintf_format.o
    0x00001306   0x00001306   0x00000002   PAD
    0x00001308   0x00001308   0x00000018   Code   RO         3499    i.buffer_is_empty   nrf_log_frontend.o
    0x00001320   0x00001320   0x00000010   Code   RO         1021    i.channel_port_get  nrfx_gpiote.o
    0x00001330   0x00001330   0x00000014   Code   RO         3500    i.dropped_sat16_get  nrf_log_frontend.o
    0x00001344   0x00001344   0x000000a6   Code   RO         3067    i.int_print         nrf_fprintf_format.o
    0x000013ea   0x000013ea   0x0000008c   Code   RO         3811    i.internal_ndef_msg_parser  nfc_ndef_msg_parser_local.o
    0x00001476   0x00001476   0x00000002   PAD
    0x00001478   0x00001478   0x00000088   Code   RO         1757    i.interrupts_enable  nrfx_uarte.o
    0x00001500   0x00001500   0x00000034   Code   RO         3501    i.invalid_packets_omit  nrf_log_frontend.o
    0x00001534   0x00001534   0x000000a4   Code   RO         3502    i.log_skip          nrf_log_frontend.o
    0x000015d8   0x000015d8   0x0000012c   Code   RO            5    i.main              main.o
    0x00001704   0x00001704   0x0000007e   Code   RO         3106    i.memobj_op         nrf_memobj.o
    0x00001782   0x00001782   0x00000002   PAD
    0x00001784   0x00001784   0x00000030   Code   RO         3503    i.module_idx_get    nrf_log_frontend.o
    0x000017b4   0x000017b4   0x00000068   Code   RO            6    i.ndef_data_analyze  main.o
    0x0000181c   0x0000181c   0x0000001c   Code   RO         3773    i.ndef_msg_parser   nfc_ndef_msg_parser.o
    0x00001838   0x00001838   0x00000060   Code   RO         3774    i.ndef_msg_printout  nfc_ndef_msg_parser.o
    0x00001898   0x00001898   0x00000046   Code   RO         3812    i.ndef_parser_memo_resolve  nfc_ndef_msg_parser_local.o
    0x000018de   0x000018de   0x00000002   PAD
    0x000018e0   0x000018e0   0x000000b8   Code   RO         3875    i.ndef_record_parser  nfc_ndef_record_parser.o
    0x00001998   0x00001998   0x000000e8   Code   RO         3876    i.ndef_record_printout  nfc_ndef_record_parser.o
    0x00001a80   0x00001a80   0x00000026   Code   RO         3841    i.nfc_ndef_bin_payload_memcopy  nfc_ndef_record.o
    0x00001aa6   0x00001aa6   0x0000001c   Code   RO         3739    i.nfc_ndef_msg_record_add  nfc_ndef_msg.o
    0x00001ac2   0x00001ac2   0x00000012   Code   RO         4085    i.nfc_t4t_apdu_default_exchange  nfc_t4t_hl_detection_procedures.o
    0x00001ad4   0x00001ad4   0x0000006e   Code   RO         4086    i.nfc_t4t_apdu_exchange  nfc_t4t_hl_detection_procedures.o
    0x00001b42   0x00001b42   0x000000ce   Code   RO         4034    i.nfc_t4t_cc_file_parse  nfc_t4t_cc_file.o
    0x00001c10   0x00001c10   0x000000dc   Code   RO         4035    i.nfc_t4t_cc_file_printout  nfc_t4t_cc_file.o
    0x00001cec   0x00001cec   0x00000100   Code   RO         4087    i.nfc_t4t_cc_read   nfc_t4t_hl_detection_procedures.o
    0x00001dec   0x00001dec   0x00000054   Code   RO         4088    i.nfc_t4t_cc_select  nfc_t4t_hl_detection_procedures.o
    0x00001e40   0x00001e40   0x0000000c   Code   RO         4089    i.nfc_t4t_comm_apdu_clear  nfc_t4t_hl_detection_procedures.o
    0x00001e4c   0x00001e4c   0x000000c6   Code   RO         3983    i.nfc_t4t_comm_apdu_encode  nfc_t4t_apdu.o
    0x00001f12   0x00001f12   0x00000038   Code   RO         4090    i.nfc_t4t_file_chunk_save  nfc_t4t_hl_detection_procedures.o
    0x00001f4a   0x00001f4a   0x00000002   PAD
    0x00001f4c   0x00001f4c   0x00000030   Code   RO         4036    i.nfc_t4t_file_content_get  nfc_t4t_cc_file.o
    0x00001f7c   0x00001f7c   0x0000001a   Code   RO         4037    i.nfc_t4t_file_content_set  nfc_t4t_cc_file.o
    0x00001f96   0x00001f96   0x0000007a   Code   RO         4187    i.nfc_t4t_file_control_tlv_parse  nfc_t4t_tlv_block.o
    0x00002010   0x00002010   0x00000220   Code   RO         4188    i.nfc_t4t_file_control_tlv_printout  nfc_t4t_tlv_block.o
    0x00002230   0x00002230   0x00000098   Code   RO         4189    i.nfc_t4t_file_control_value_parse  nfc_t4t_tlv_block.o
    0x000022c8   0x000022c8   0x00000014   Code   RO         4091    i.nfc_t4t_file_len_update  nfc_t4t_hl_detection_procedures.o
    0x000022dc   0x000022dc   0x0000009c   Code   RO         4092    i.nfc_t4t_file_select  nfc_t4t_hl_detection_procedures.o
    0x00002378   0x00002378   0x00000114   Code   RO         4093    i.nfc_t4t_ndef_read  nfc_t4t_hl_detection_procedures.o
    0x0000248c   0x0000248c   0x00000098   Code   RO         4094    i.nfc_t4t_ndef_tag_app_select  nfc_t4t_hl_detection_procedures.o
    0x00002524   0x00002524   0x00000038   Code   RO         3984    i.nfc_t4t_resp_apdu_decode  nfc_t4t_apdu.o
    0x0000255c   0x0000255c   0x00000090   Code   RO         3985    i.nfc_t4t_resp_apdu_printout  nfc_t4t_apdu.o
    0x000025ec   0x000025ec   0x00000006   Code   RO         2853    i.nrf_atomic_flag_clear_fetch  nrf_atomic.o
    0x000025f2   0x000025f2   0x00000006   Code   RO         2854    i.nrf_atomic_flag_set  nrf_atomic.o
    0x000025f8   0x000025f8   0x0000000c   Code   RO         2856    i.nrf_atomic_u32_add  nrf_atomic.o
    0x00002604   0x00002604   0x0000000a   Code   RO         2860    i.nrf_atomic_u32_fetch_and  nrf_atomic.o
    0x0000260e   0x0000260e   0x0000000a   Code   RO         2862    i.nrf_atomic_u32_fetch_store  nrf_atomic.o
    0x00002618   0x00002618   0x0000000c   Code   RO         2866    i.nrf_atomic_u32_or  nrf_atomic.o
    0x00002624   0x00002624   0x0000000c   Code   RO         2868    i.nrf_atomic_u32_sub  nrf_atomic.o
    0x00002630   0x00002630   0x0000003e   Code   RO         2990    i.nrf_balloc_alloc  nrf_balloc.o
    0x0000266e   0x0000266e   0x0000002a   Code   RO         2991    i.nrf_balloc_free   nrf_balloc.o
    0x00002698   0x00002698   0x00000030   Code   RO         2992    i.nrf_balloc_init   nrf_balloc.o
    0x000026c8   0x000026c8   0x00000010   Code   RO         1022    i.nrf_bitmask_bit_is_set  nrfx_gpiote.o
    0x000026d8   0x000026d8   0x00000020   Code   RO          574    i.nrf_delay_ms      adafruit_pn532.o
    0x000026f8   0x000026f8   0x00000040   Code   RO          762    i.nrf_drv_twi_init  nrf_drv_twi.o
    0x00002738   0x00002738   0x0000000e   Code   RO          575    i.nrf_drv_twi_tx    adafruit_pn532.o
    0x00002746   0x00002746   0x00000002   PAD
    0x00002748   0x00002748   0x00000068   Code   RO          827    i.nrf_drv_uart_init  nrf_drv_uart.o
    0x000027b0   0x000027b0   0x0000001a   Code   RO         3027    i.nrf_fprintf       nrf_fprintf.o
    0x000027ca   0x000027ca   0x00000018   Code   RO         3028    i.nrf_fprintf_buffer_flush  nrf_fprintf.o
    0x000027e2   0x000027e2   0x000001da   Code   RO         3068    i.nrf_fprintf_fmt   nrf_fprintf_format.o
    0x000029bc   0x000029bc   0x00000024   Code   RO          328    i.nrf_gpio_cfg      boards.o
    0x000029e0   0x000029e0   0x00000024   Code   RO         1387    i.nrf_gpio_cfg      nrfx_twi.o
    0x00002a04   0x00002a04   0x00000024   Code   RO         1575    i.nrf_gpio_cfg      nrfx_uart.o
    0x00002a28   0x00002a28   0x00000024   Code   RO         1758    i.nrf_gpio_cfg      nrfx_uarte.o
    0x00002a4c   0x00002a4c   0x00000012   Code   RO         1576    i.nrf_gpio_cfg_default  nrfx_uart.o
    0x00002a5e   0x00002a5e   0x00000012   Code   RO         1759    i.nrf_gpio_cfg_default  nrfx_uarte.o
    0x00002a70   0x00002a70   0x00000014   Code   RO          576    i.nrf_gpio_cfg_input  adafruit_pn532.o
    0x00002a84   0x00002a84   0x00000012   Code   RO         1577    i.nrf_gpio_cfg_input  nrfx_uart.o
    0x00002a96   0x00002a96   0x00000012   Code   RO         1760    i.nrf_gpio_cfg_input  nrfx_uarte.o
    0x00002aa8   0x00002aa8   0x00000014   Code   RO         1578    i.nrf_gpio_cfg_output  nrfx_uart.o
    0x00002abc   0x00002abc   0x00000014   Code   RO         1761    i.nrf_gpio_cfg_output  nrfx_uarte.o
    0x00002ad0   0x00002ad0   0x00000022   Code   RO         1025    i.nrf_gpio_cfg_sense_set  nrfx_gpiote.o
    0x00002af2   0x00002af2   0x00000002   PAD
    0x00002af4   0x00002af4   0x0000002c   Code   RO         1026    i.nrf_gpio_latches_read_and_clear  nrfx_gpiote.o
    0x00002b20   0x00002b20   0x0000000e   Code   RO          763    i.nrf_gpio_pin_set  nrf_drv_twi.o
    0x00002b2e   0x00002b2e   0x00000016   Code   RO          329    i.nrf_gpio_pin_write  boards.o
    0x00002b44   0x00002b44   0x00000014   Code   RO         1028    i.nrf_gpiote_event_clear  nrfx_gpiote.o
    0x00002b58   0x00002b58   0x00000010   Code   RO         1029    i.nrf_gpiote_event_is_set  nrfx_gpiote.o
    0x00002b68   0x00002b68   0x0000005c   Code   RO         3504    i.nrf_log_backend_add  nrf_log_frontend.o
    0x00002bc4   0x00002bc4   0x000000c8   Code   RO         3354    i.nrf_log_backend_serial_put  nrf_log_backend_serial.o
    0x00002c8c   0x00002c8c   0x00000002   Code   RO         3394    i.nrf_log_backend_uart_flush  nrf_log_backend_uart.o
    0x00002c8e   0x00002c8e   0x00000006   Code   RO         3395    i.nrf_log_backend_uart_init  nrf_log_backend_uart.o
    0x00002c94   0x00002c94   0x0000002c   Code   RO         3396    i.nrf_log_backend_uart_panic_set  nrf_log_backend_uart.o
    0x00002cc0   0x00002cc0   0x00000018   Code   RO         3397    i.nrf_log_backend_uart_put  nrf_log_backend_uart.o
    0x00002cd8   0x00002cd8   0x00000030   Code   RO         3506    i.nrf_log_color_id_get  nrf_log_frontend.o
    0x00002d08   0x00002d08   0x0000001c   Code   RO         3462    i.nrf_log_default_backends_init  nrf_log_default_backends.o
    0x00002d24   0x00002d24   0x00000234   Code   RO         3507    i.nrf_log_frontend_dequeue  nrf_log_frontend.o
    0x00002f58   0x00002f58   0x000000a8   Code   RO         3508    i.nrf_log_frontend_hexdump  nrf_log_frontend.o
    0x00003000   0x00003000   0x00000008   Code   RO         3509    i.nrf_log_frontend_std_0  nrf_log_frontend.o
    0x00003008   0x00003008   0x0000000e   Code   RO         3510    i.nrf_log_frontend_std_1  nrf_log_frontend.o
    0x00003016   0x00003016   0x00000010   Code   RO         3511    i.nrf_log_frontend_std_2  nrf_log_frontend.o
    0x00003026   0x00003026   0x00000012   Code   RO         3512    i.nrf_log_frontend_std_3  nrf_log_frontend.o
    0x00003038   0x00003038   0x00000014   Code   RO         3513    i.nrf_log_frontend_std_4  nrf_log_frontend.o
    0x0000304c   0x0000304c   0x0000001c   Code   RO         3514    i.nrf_log_frontend_std_5  nrf_log_frontend.o
    0x00003068   0x00003068   0x000000b0   Code   RO         3685    i.nrf_log_hexdump_entry_process  nrf_log_str_formatter.o
    0x00003118   0x00003118   0x00000028   Code   RO         3516    i.nrf_log_init      nrf_log_frontend.o
    0x00003140   0x00003140   0x00000014   Code   RO         3517    i.nrf_log_module_cnt_get  nrf_log_frontend.o
    0x00003154   0x00003154   0x0000001c   Code   RO         3520    i.nrf_log_module_name_get  nrf_log_frontend.o
    0x00003170   0x00003170   0x00000028   Code   RO         3521    i.nrf_log_panic     nrf_log_frontend.o
    0x00003198   0x00003198   0x000000b6   Code   RO         3686    i.nrf_log_std_entry_process  nrf_log_str_formatter.o
    0x0000324e   0x0000324e   0x00000060   Code   RO         3107    i.nrf_memobj_alloc  nrf_memobj.o
    0x000032ae   0x000032ae   0x00000032   Code   RO         3108    i.nrf_memobj_free   nrf_memobj.o
    0x000032e0   0x000032e0   0x00000008   Code   RO         3109    i.nrf_memobj_get    nrf_memobj.o
    0x000032e8   0x000032e8   0x00000004   Code   RO         3110    i.nrf_memobj_pool_init  nrf_memobj.o
    0x000032ec   0x000032ec   0x0000001e   Code   RO         3111    i.nrf_memobj_put    nrf_memobj.o
    0x0000330a   0x0000330a   0x00000010   Code   RO         3112    i.nrf_memobj_read   nrf_memobj.o
    0x0000331a   0x0000331a   0x00000010   Code   RO         3113    i.nrf_memobj_write  nrf_memobj.o
    0x0000332a   0x0000332a   0x0000001c   Code   RO         3189    i.nrf_ringbuf_init  nrf_ringbuf.o
    0x00003346   0x00003346   0x00000002   PAD
    0x00003348   0x00003348   0x00000038   Code   RO         3303    i.nrf_strerror_find  nrf_strerror.o
    0x00003380   0x00003380   0x00000014   Code   RO         3304    i.nrf_strerror_get  nrf_strerror.o
    0x00003394   0x00003394   0x0000000a   Code   RO         1389    i.nrf_twi_event_check  nrfx_twi.o
    0x0000339e   0x0000339e   0x0000000c   Code   RO         1390    i.nrf_twi_event_clear  nrfx_twi.o
    0x000033aa   0x000033aa   0x0000000a   Code   RO         1579    i.nrf_uart_event_check  nrfx_uart.o
    0x000033b4   0x000033b4   0x0000000c   Code   RO         1580    i.nrf_uart_event_clear  nrfx_uart.o
    0x000033c0   0x000033c0   0x0000000c   Code   RO         1581    i.nrf_uart_int_enable_check  nrfx_uart.o
    0x000033cc   0x000033cc   0x0000000a   Code   RO         1762    i.nrf_uarte_event_check  nrfx_uarte.o
    0x000033d6   0x000033d6   0x0000000c   Code   RO         1763    i.nrf_uarte_event_clear  nrfx_uarte.o
    0x000033e2   0x000033e2   0x00000002   PAD
    0x000033e4   0x000033e4   0x00000010   Code   RO          764    i.nrfx_coredep_delay_us  nrf_drv_twi.o
    0x000033f4   0x000033f4   0x00000010   Code   RO         1764    i.nrfx_is_in_ram    nrfx_uarte.o
    0x00003404   0x00003404   0x00000030   Code   RO         1333    i.nrfx_prs_acquire  nrfx_prs.o
    0x00003434   0x00003434   0x00000012   Code   RO         1334    i.nrfx_prs_release  nrfx_prs.o
    0x00003446   0x00003446   0x00000002   PAD
    0x00003448   0x00003448   0x00000020   Code   RO         1393    i.nrfx_twi_enable   nrfx_twi.o
    0x00003468   0x00003468   0x000000e4   Code   RO         1394    i.nrfx_twi_init     nrfx_twi.o
    0x0000354c   0x0000354c   0x00000030   Code   RO         1396    i.nrfx_twi_rx       nrfx_twi.o
    0x0000357c   0x0000357c   0x00000036   Code   RO         1398    i.nrfx_twi_tx       nrfx_twi.o
    0x000035b2   0x000035b2   0x00000002   PAD
    0x000035b4   0x000035b4   0x00000020   Code   RO         1400    i.nrfx_twi_xfer     nrfx_twi.o
    0x000035d4   0x000035d4   0x00000010   Code   RO         1582    i.nrfx_uart_0_irq_handler  nrfx_uart.o
    0x000035e4   0x000035e4   0x000000d4   Code   RO         1584    i.nrfx_uart_init    nrfx_uart.o
    0x000036b8   0x000036b8   0x000000a8   Code   RO         1590    i.nrfx_uart_tx      nrfx_uart.o
    0x00003760   0x00003760   0x00000020   Code   RO         1592    i.nrfx_uart_tx_in_progress  nrfx_uart.o
    0x00003780   0x00003780   0x000000c0   Code   RO         1593    i.nrfx_uart_uninit  nrfx_uart.o
    0x00003840   0x00003840   0x00000010   Code   RO         1765    i.nrfx_uarte_0_irq_handler  nrfx_uarte.o
    0x00003850   0x00003850   0x0000006c   Code   RO         1767    i.nrfx_uarte_init   nrfx_uarte.o
    0x000038bc   0x000038bc   0x000000ac   Code   RO         1771    i.nrfx_uarte_tx     nrfx_uarte.o
    0x00003968   0x00003968   0x0000001c   Code   RO         1773    i.nrfx_uarte_tx_in_progress  nrfx_uarte.o
    0x00003984   0x00003984   0x00000108   Code   RO         1774    i.nrfx_uarte_uninit  nrfx_uarte.o
    0x00003a8c   0x00003a8c   0x000000b4   Code   RO         1062    i.port_event_handle  nrfx_gpiote.o
    0x00003b40   0x00003b40   0x00000010   Code   RO         1063    i.port_handler_polarity_get  nrfx_gpiote.o
    0x00003b50   0x00003b50   0x0000003c   Code   RO         3688    i.postfix_process   nrf_log_str_formatter.o
    0x00003b8c   0x00003b8c   0x00000098   Code   RO         3689    i.prefix_process    nrf_log_str_formatter.o
    0x00003c24   0x00003c24   0x00000018   Code   RO         1335    i.prs_box_get       nrfx_prs.o
    0x00003c3c   0x00003c3c   0x00000032   Code   RO         1594    i.rx_byte           nrfx_uart.o
    0x00003c6e   0x00003c6e   0x00000016   Code   RO         1595    i.rx_done_event     nrfx_uart.o
    0x00003c84   0x00003c84   0x00000016   Code   RO         1775    i.rx_done_event     nrfx_uarte.o
    0x00003c9a   0x00003c9a   0x00000002   PAD
    0x00003c9c   0x00003c9c   0x00000048   Code   RO         3398    i.serial_tx         nrf_log_backend_uart.o
    0x00003ce4   0x00003ce4   0x00000094   Code   RO         3523    i.std_n             nrf_log_frontend.o
    0x00003d78   0x00003d78   0x000000a4   Code   RO            7    i.t2t_data_analyze  main.o
    0x00003e1c   0x00003e1c   0x000000a0   Code   RO            8    i.t2t_data_read     main.o
    0x00003ebc   0x00003ebc   0x00000020   Code   RO            9    i.t2t_data_read_and_analyze  main.o
    0x00003edc   0x00003edc   0x000001bc   Code   RO           10    i.t4t_data_read_and_analyze  main.o
    0x00004098   0x00004098   0x000000a8   Code   RO           11    i.tag_detect_and_read  main.o
    0x00004140   0x00004140   0x00000012   Code   RO           12    i.tag_type_identify  main.o
    0x00004152   0x00004152   0x000000aa   Code   RO          765    i.twi_clear_bus     nrf_drv_twi.o
    0x000041fc   0x000041fc   0x00000040   Code   RO          766    i.twi_evt_handler   nrf_drv_twi.o
    0x0000423c   0x0000423c   0x000000bc   Code   RO         1401    i.twi_irq_handler   nrfx_twi.o
    0x000042f8   0x000042f8   0x0000001e   Code   RO         1402    i.twi_process_error  nrfx_twi.o
    0x00004316   0x00004316   0x00000002   PAD
    0x00004318   0x00004318   0x000000c4   Code   RO         1403    i.twi_rx_start_transfer  nrfx_twi.o
    0x000043dc   0x000043dc   0x00000036   Code   RO         1404    i.twi_send_byte     nrfx_twi.o
    0x00004412   0x00004412   0x00000140   Code   RO         1405    i.twi_transfer      nrfx_twi.o
    0x00004552   0x00004552   0x00000002   PAD
    0x00004554   0x00004554   0x000000b8   Code   RO         1406    i.twi_tx_start_transfer  nrfx_twi.o
    0x0000460c   0x0000460c   0x000000a4   Code   RO         1407    i.twi_xfer          nrfx_twi.o
    0x000046b0   0x000046b0   0x00000020   Code   RO         1597    i.tx_byte           nrfx_uart.o
    0x000046d0   0x000046d0   0x0000001a   Code   RO         1598    i.tx_done_event     nrfx_uart.o
    0x000046ea   0x000046ea   0x0000001a   Code   RO         1776    i.tx_done_event     nrfx_uarte.o
    0x00004704   0x00004704   0x00000014   Code   RO         3915    i.type_2_tag_clear  nfc_t2t_parser.o
    0x00004718   0x00004718   0x000000ac   Code   RO         3916    i.type_2_tag_internal_parse  nfc_t2t_parser.o
    0x000047c4   0x000047c4   0x0000001a   Code   RO         3917    i.type_2_tag_is_field_within_data_range  nfc_t2t_parser.o
    0x000047de   0x000047de   0x0000007a   Code   RO         3918    i.type_2_tag_parse  nfc_t2t_parser.o
    0x00004858   0x00004858   0x0000015c   Code   RO         3919    i.type_2_tag_printout  nfc_t2t_parser.o
    0x000049b4   0x000049b4   0x000000b0   Code   RO         3920    i.type_2_tag_tlv_block_extract  nfc_t2t_parser.o
    0x00004a64   0x00004a64   0x000000cc   Code   RO         3921    i.type_2_tag_tlv_parse  nfc_t2t_parser.o
    0x00004b30   0x00004b30   0x00000030   Code   RO          828    i.uart_evt_handler  nrf_drv_uart.o
    0x00004b60   0x00004b60   0x0000000c   Code   RO         3399    i.uart_evt_handler  nrf_log_backend_uart.o
    0x00004b6c   0x00004b6c   0x00000058   Code   RO         3400    i.uart_init         nrf_log_backend_uart.o
    0x00004bc4   0x00004bc4   0x0000012a   Code   RO         1599    i.uart_irq_handler  nrfx_uart.o
    0x00004cee   0x00004cee   0x00000002   PAD
    0x00004cf0   0x00004cf0   0x00000030   Code   RO          829    i.uarte_evt_handler  nrf_drv_uart.o
    0x00004d20   0x00004d20   0x00000112   Code   RO         1777    i.uarte_irq_handler  nrfx_uarte.o
    0x00004e32   0x00004e32   0x00000002   PAD
    0x00004e34   0x00004e34   0x000000b4   Code   RO         3069    i.unsigned_print    nrf_fprintf_format.o
    0x00004ee8   0x00004ee8   0x00000034   Code   RO           13    i.utils_setup       main.o
    0x00004f1c   0x00004f1c   0x00000004   PAD
    0x00004f20   0x00004f20   0x00000006   Data   RO           17    .constdata          main.o
    0x00004f26   0x00004f26   0x00000008   Data   RO          330    .constdata          boards.o
    0x00004f2e   0x00004f2e   0x00000002   PAD
    0x00004f30   0x00004f30   0x00000038   Data   RO          578    .constdata          adafruit_pn532.o
    0x00004f68   0x00004f68   0x00000008   PAD
    0x00004f70   0x00004f70   0x00000006   Data   RO          767    .constdata          nrf_drv_twi.o
    0x00004f76   0x00004f76   0x00000002   PAD
    0x00004f78   0x00004f78   0x00000004   Data   RO         1065    .constdata          nrfx_gpiote.o
    0x00004f7c   0x00004f7c   0x00000018   Data   RO         1410    .constdata          nrfx_twi.o
    0x00004f94   0x00004f94   0x00000004   Data   RO         1602    .constdata          nrfx_uart.o
    0x00004f98   0x00004f98   0x00000004   Data   RO         1780    .constdata          nrfx_uarte.o
    0x00004f9c   0x00004f9c   0x00000010   Data   RO         3070    .constdata          nrf_fprintf_format.o
    0x00004fac   0x00004fac   0x0000012c   Data   RO         3305    .constdata          nrf_strerror.o
    0x000050d8   0x000050d8   0x0000000c   Data   RO         3402    .constdata          nrf_log_backend_uart.o
    0x000050e4   0x000050e4   0x00000020   Data   RO         3403    .constdata          nrf_log_backend_uart.o
    0x00005104   0x00005104   0x0000000c   Data   RO         3528    .constdata          nrf_log_frontend.o
    0x00005110   0x00005110   0x00000020   Data   RO         3877    .constdata          nfc_ndef_record_parser.o
    0x00005130   0x00005130   0x00000009   Data   RO         4096    .constdata          nfc_t4t_hl_detection_procedures.o
    0x00005139   0x00005139   0x00000081   Data   RO         4659    .constdata          mc_w.l(ctype_o.o)
    0x000051ba   0x000051ba   0x00000002   PAD
    0x000051bc   0x000051bc   0x00000004   Data   RO         4660    .constdata          mc_w.l(ctype_o.o)
    0x000051c0   0x000051c0   0x00000041   Data   RO           18    .conststring        main.o
    0x00005201   0x00005201   0x00000003   PAD
    0x00005204   0x00005204   0x00000515   Data   RO         2712    .conststring        hardfault_implementation.o
    0x00005719   0x00005719   0x00000003   PAD
    0x0000571c   0x0000571c   0x000003bf   Data   RO         3306    .conststring        nrf_strerror.o
    0x00005adb   0x00005adb   0x00000001   PAD
    0x00005adc   0x00005adc   0x00000046   Data   RO         3404    .conststring        nrf_log_backend_uart.o
    0x00005b22   0x00005b22   0x00000002   PAD
    0x00005b24   0x00005b24   0x0000005d   Data   RO         3690    .conststring        nrf_log_str_formatter.o
    0x00005b81   0x00005b81   0x00000003   PAD
    0x00005b84   0x00005b84   0x00000096   Data   RO         3878    .conststring        nfc_ndef_record_parser.o
    0x00005c1a   0x00005c1a   0x00000002   PAD
    0x00005c1c   0x00005c1c   0x00000041   Data   RO         4038    .conststring        nfc_t4t_cc_file.o
    0x00005c5d   0x00005c5d   0x00000003   PAD
    0x00005c60   0x00005c60   0x0000000f   Data   RO          579    .conststrlit        adafruit_pn532.o
    0x00005c6f   0x00005c6f   0x00000001   PAD
    0x00005c70   0x00005c70   0x00000007   Data   RO         1069    .conststrlit        nrfx_gpiote.o
    0x00005c77   0x00005c77   0x00000001   PAD
    0x00005c78   0x00005c78   0x00000004   Data   RO         1337    .conststrlit        nrfx_prs.o
    0x00005c7c   0x00005c7c   0x00000004   Data   RO         1413    .conststrlit        nrfx_twi.o
    0x00005c80   0x00005c80   0x00000005   Data   RO         1605    .conststrlit        nrfx_uart.o
    0x00005c85   0x00005c85   0x00000003   PAD
    0x00005c88   0x00005c88   0x00000006   Data   RO         1783    .conststrlit        nrfx_uarte.o
    0x00005c8e   0x00005c8e   0x00000002   PAD
    0x00005c90   0x00005c90   0x0000000b   Data   RO         1930    .conststrlit        app_button.o
    0x00005c9b   0x00005c9b   0x00000001   PAD
    0x00005c9c   0x00005c9c   0x0000000a   Data   RO         2262    .conststrlit        app_timer2.o
    0x00005ca6   0x00005ca6   0x00000002   PAD
    0x00005ca8   0x00005ca8   0x0000000a   Data   RO         2713    .conststrlit        hardfault_implementation.o
    0x00005cb2   0x00005cb2   0x00000002   PAD
    0x00005cb4   0x00005cb4   0x00000009   Data   RO         3252    .conststrlit        nrf_sortlist.o
    0x00005cbd   0x00005cbd   0x00000003   PAD
    0x00005cc0   0x00005cc0   0x00000011   Data   RO         3463    .conststrlit        nrf_log_default_backends.o
    0x00005cd1   0x00005cd1   0x00000003   PAD
    0x00005cd4   0x00005cd4   0x00000004   Data   RO         3529    .conststrlit        nrf_log_frontend.o
    0x00005cd8   0x00005cd8   0x00000014   Data   RO         3775    .conststrlit        nfc_ndef_msg_parser.o
    0x00005cec   0x00005cec   0x00000010   Data   RO         3879    .conststrlit        nfc_ndef_record_parser.o
    0x00005cfc   0x00005cfc   0x0000000f   Data   RO         3922    .conststrlit        nfc_t2t_parser.o
    0x00005d0b   0x00005d0b   0x00000001   PAD
    0x00005d0c   0x00005d0c   0x0000000d   Data   RO         3986    .conststrlit        nfc_t4t_apdu.o
    0x00005d19   0x00005d19   0x00000003   PAD
    0x00005d1c   0x00005d1c   0x00000017   Data   RO         4039    .conststrlit        nfc_t4t_cc_file.o
    0x00005d33   0x00005d33   0x00000001   PAD
    0x00005d34   0x00005d34   0x00000020   Data   RO         4097    .conststrlit        nfc_t4t_hl_detection_procedures.o
    0x00005d54   0x00005d54   0x00000019   Data   RO         4190    .conststrlit        nfc_t4t_tlv_block.o
    0x00005d6d   0x00005d6d   0x00000003   PAD
    0x00005d70   0x00005d70   0x00000020   Data   RO         4720    Region$$Table       anon$$obj.o
    0x00005d90   0x00005d90   0x00000010   Data   RO         3465    log_backends        nrf_log_default_backends.o
    0x00005da0   0x00005da0   0x00000008   Data   RO          581    log_const_data      adafruit_pn532.o
    0x00005da8   0x00005da8   0x00000008   Data   RO         1070    log_const_data      nrfx_gpiote.o
    0x00005db0   0x00005db0   0x00000008   Data   RO         1339    log_const_data      nrfx_prs.o
    0x00005db8   0x00005db8   0x00000008   Data   RO         1414    log_const_data      nrfx_twi.o
    0x00005dc0   0x00005dc0   0x00000008   Data   RO         1606    log_const_data      nrfx_uart.o
    0x00005dc8   0x00005dc8   0x00000008   Data   RO         1784    log_const_data      nrfx_uarte.o
    0x00005dd0   0x00005dd0   0x00000008   Data   RO         1932    log_const_data      app_button.o
    0x00005dd8   0x00005dd8   0x00000008   Data   RO         2265    log_const_data      app_timer2.o
    0x00005de0   0x00005de0   0x00000008   Data   RO         2715    log_const_data      hardfault_implementation.o
    0x00005de8   0x00005de8   0x00000008   Data   RO         3253    log_const_data      nrf_sortlist.o
    0x00005df0   0x00005df0   0x00000008   Data   RO         3533    log_const_data      nrf_log_frontend.o
    0x00005df8   0x00005df8   0x00000008   Data   RO         3776    log_const_data      nfc_ndef_msg_parser.o
    0x00005e00   0x00005e00   0x00000008   Data   RO         3880    log_const_data      nfc_ndef_record_parser.o
    0x00005e08   0x00005e08   0x00000008   Data   RO         3923    log_const_data      nfc_t2t_parser.o
    0x00005e10   0x00005e10   0x00000008   Data   RO         3987    log_const_data      nfc_t4t_apdu.o
    0x00005e18   0x00005e18   0x00000008   Data   RO         4040    log_const_data      nfc_t4t_cc_file.o
    0x00005e20   0x00005e20   0x00000008   Data   RO         4099    log_const_data      nfc_t4t_hl_detection_procedures.o
    0x00005e28   0x00005e28   0x00000008   Data   RO         4191    log_const_data      nfc_t4t_tlv_block.o
    0x00005e30   0x00005e30   0x00000014   Data   RO         3534    nrf_balloc          nrf_log_frontend.o


    Execution Region RW_IRAM1 (Exec base: 0x20000000, Load base: 0x00005e44, Size: 0x00003928, Max: 0x00010000, ABSOLUTE, COMPRESSED[0x00000080])

    Exec Addr    Load Addr    Size         Type   Attr      Idx    E Section Name        Object

    0x20000000   COMPRESSED   0x00000034   Data   RW           19    .data               main.o
    0x20000034   COMPRESSED   0x0000000a   Data   RW          580    .data               adafruit_pn532.o
    0x2000003e   COMPRESSED   0x00000002   PAD
    0x20000040   COMPRESSED   0x00000010   Data   RW          768    .data               nrf_drv_twi.o
    0x20000050   COMPRESSED   0x0000000c   Data   RW          830    .data               nrf_drv_uart.o
    0x2000005c   COMPRESSED   0x00000008   Data   RW         1338    .data               nrfx_prs.o
    0x20000064   COMPRESSED   0x00000004   Data   RW         2466    .data               app_util_platform.o
    0x20000068   COMPRESSED   0x0000000c   Data   RW         2546    .data               drv_rtc.o
    0x20000074   COMPRESSED   0x00000068   Data   RW         2714    .data               hardfault_implementation.o
    0x200000dc   COMPRESSED   0x00000018   Data   RW         3405    .data               nrf_log_backend_uart.o
    0x200000f4   COMPRESSED   0x00000008   Data   RW         3464    .data               nrf_log_default_backends.o
    0x200000fc   COMPRESSED   0x00000004   Data   RW         3530    .data               nrf_log_frontend.o
    0x20000100   COMPRESSED   0x00000008   Data   RW         3531    .data               nrf_log_frontend.o
    0x20000108   COMPRESSED   0x00000008   Data   RW         3532    .data               nrf_log_frontend.o
    0x20000110   COMPRESSED   0x00000040   Data   RW         3691    .data               nrf_log_str_formatter.o
    0x20000150   COMPRESSED   0x00000002   Data   RW         4098    .data               nfc_t4t_hl_detection_procedures.o
    0x20000152   COMPRESSED   0x00000002   PAD
    0x20000154   COMPRESSED   0x00000004   Data   RW         4600    .data               system_nrf52.o
    0x20000158        -       0x00000050   Zero   RW           14    .bss                main.o
    0x200001a8        -       0x00000df6   Zero   RW           15    .bss                main.o
    0x20000f9e   COMPRESSED   0x00000002   PAD
    0x20000fa0        -       0x000000c8   Zero   RW           16    .bss                main.o
    0x20001068        -       0x00000200   Zero   RW          577    .bss                adafruit_pn532.o
    0x20001268        -       0x0000005c   Zero   RW         1064    .bss                nrfx_gpiote.o
    0x200012c4        -       0x0000003c   Zero   RW         1408    .bss                nrfx_twi.o
    0x20001300        -       0x0000002c   Zero   RW         1600    .bss                nrfx_uart.o
    0x2000132c        -       0x00000024   Zero   RW         1778    .bss                nrfx_uarte.o
    0x20001350        -       0x00000020   Zero   RW         2033    .bss                app_error.o
    0x20001370        -       0x00000040   Zero   RW         3401    .bss                nrf_log_backend_uart.o
    0x200013b0        -       0x000000c0   Zero   RW         3524    .bss                nrf_log_frontend.o
    0x20001470        -       0x00000080   Zero   RW         3525    .bss                nrf_log_frontend.o
    0x200014f0        -       0x00000018   Zero   RW         3526    .bss                nrf_log_frontend.o
    0x20001508        -       0x00000420   Zero   RW         3527    .bss                nrf_log_frontend.o
    0x20001928        -       0x00002000   Zero   RW         4588    STACK               arm_startup_nrf52.o


==============================================================================

Image component sizes


      Code (inc. data)   RO Data    RW Data    ZI Data      Debug   Object Name

      1226         88         79         10        512      76905   adafruit_pn532.o
         0          0         19          0          0       2171   app_button.o
       100          4          0          0         32       3442   app_error.o
        26          0          0          0          0        544   app_error_handler_keil.o
       268        126          0          0          0       1538   app_error_weak.o
         0          0         18          0          0       5786   app_timer2.o
         0          0          0          0          0       5868   app_uart_fifo.o
        44         10          0          4          0       3172   app_util_platform.o
        36          8        512          0       8192        900   arm_startup_nrf52.o
       176         10          8          0          0       8889   boards.o
         0          0          0          0          0       3220   bsp.o
        16          4          0         12          0       4821   drv_rtc.o
        52         14          0          0          0        592   hardfault_handler_keil.o
       512        276       1319        104          0      33099   hardfault_implementation.o
      1506        722         71         52       3854      82060   main.o
        28          0          0          0          0       1606   nfc_ndef_msg.o
       124         44         28          0          0       2834   nfc_ndef_msg_parser.o
       210          0          0          0          0       2870   nfc_ndef_msg_parser_local.o
        38          0          0          0          0       1827   nfc_ndef_record.o
       416        108        206          0          0       3660   nfc_ndef_record_parser.o
      1068        316         23          0          0      45993   nfc_t2t_parser.o
       398         78         21          0          0      43290   nfc_t4t_apdu.o
       500        108         96          0          0       6348   nfc_t4t_cc_file.o
      1140        254         49          2          0      52440   nfc_t4t_hl_detection_procedures.o
       818        388         33          0          0       6414   nfc_t4t_tlv_block.o
       294          0          0          0          0       7583   nrf_atomic.o
       152          0          0          0          0       3452   nrf_balloc.o
       328         16          6         16          0      22623   nrf_drv_twi.o
       200         26          0         12          0      17532   nrf_drv_uart.o
        50          0          0          0          0       3413   nrf_fprintf.o
       866          4         16          0          0       6410   nrf_fprintf_format.o
       200          0          0          0          0      11469   nrf_log_backend_serial.o
       248         52        114         24         64       9694   nrf_log_backend_uart.o
        28          4         33          8          0       3257   nrf_log_default_backends.o
      1700        138         44         20       1400      32680   nrf_log_frontend.o
       570        108         93         64          0       5484   nrf_log_str_formatter.o
       346          0          0          0          0       9311   nrf_memobj.o
        28          0          0          0          0       2279   nrf_ringbuf.o
         0          0         17          0          0       1001   nrf_sortlist.o
        76         10       1259          0          0       2627   nrf_strerror.o
       506         38         19          0         92      24393   nrfx_gpiote.o
       102         16         12          8          0       4284   nrfx_prs.o
      1604         46         36          0         60      61245   nrfx_twi.o
      1310         42         17          0         44      26465   nrfx_uart.o
      1312         42         18          0         36      25415   nrfx_uarte.o
       808         72          0          4          0      13523   system_nrf52.o

    ----------------------------------------------------------------------
     19476       3176       4253        344      14288     694429   Object Totals
         0          0         32          0          0          0   (incl. Generated)
        46          4         55          4          2          0   (incl. Padding)

    ----------------------------------------------------------------------

      Code (inc. data)   RO Data    RW Data    ZI Data      Debug   Library Member Name

        58          0          0          0          0          0   __dczerorl.o
         8          4        133          0          0         68   ctype_o.o
         0          0          0          0          0          0   entry.o
         0          0          0          0          0          0   entry10a.o
         0          0          0          0          0          0   entry11a.o
         8          4          0          0          0          0   entry2.o
         4          0          0          0          0          0   entry5.o
         0          0          0          0          0          0   entry7b.o
         0          0          0          0          0          0   entry8b.o
         8          4          0          0          0          0   entry9a.o
        30          0          0          0          0          0   handlers.o
        36          8          0          0          0         68   init.o
        26          0          0          0          0         80   memcmp.o
        36          0          0          0          0         68   memcpya.o
        36          0          0          0          0        108   memseta.o
        14          0          0          0          0         68   strlen.o

    ----------------------------------------------------------------------
       268         20        135          0          0        460   Library Totals
         4          0          2          0          0          0   (incl. Padding)

    ----------------------------------------------------------------------

      Code (inc. data)   RO Data    RW Data    ZI Data      Debug   Library Name

       264         20        133          0          0        460   mc_w.l

    ----------------------------------------------------------------------
       268         20        135          0          0        460   Library Totals

    ----------------------------------------------------------------------

==============================================================================


      Code (inc. data)   RO Data    RW Data    ZI Data      Debug   

     19744       3196       4388        344      14288     674169   Grand Totals
     19744       3196       4388        128      14288     674169   ELF Image Totals (compressed)
     19744       3196       4388        128          0          0   ROM Totals

==============================================================================

    Total RO  Size (Code + RO Data)                24132 (  23.57kB)
    Total RW  Size (RW Data + ZI Data)             14632 (  14.29kB)
    Total ROM Size (Code + RO Data + RW Data)      24260 (  23.69kB)

==============================================================================

